mode: atomic
github.com/PointerByte/GoForge/tools/aws/config.go:26.61,28.16 2 2
github.com/PointerByte/GoForge/tools/aws/config.go:28.16,30.3 1 1
github.com/PointerByte/GoForge/tools/aws/config.go:31.2,32.17 2 1
github.com/PointerByte/GoForge/config/client/http/IRest.go:77.64,86.2 4 12
github.com/PointerByte/GoForge/config/client/http/IRest.go:90.83,92.16 2 0
github.com/PointerByte/GoForge/config/client/http/IRest.go:92.16,94.3 1 0
github.com/PointerByte/GoForge/config/client/http/IRest.go:95.2,100.15 3 0
github.com/PointerByte/GoForge/config/client/http/IRest.go:105.42,107.2 1 0
github.com/PointerByte/GoForge/config/client/http/IRest.go:109.47,111.2 1 8
github.com/PointerByte/GoForge/config/client/http/IRest.go:113.63,116.19 3 11
github.com/PointerByte/GoForge/config/client/http/IRest.go:116.19,118.3 1 6
github.com/PointerByte/GoForge/config/client/http/IRest.go:119.2,120.23 2 5
github.com/PointerByte/GoForge/config/client/http/IRest.go:123.63,124.23 1 14
github.com/PointerByte/GoForge/config/client/http/IRest.go:124.23,126.3 1 0
github.com/PointerByte/GoForge/config/client/http/IRest.go:128.2,133.26 4 14
github.com/PointerByte/GoForge/config/client/http/IRest.go:133.26,135.3 1 0
github.com/PointerByte/GoForge/config/client/http/IRest.go:136.2,136.28 1 14
github.com/PointerByte/GoForge/config/client/http/IRest.go:136.28,138.44 1 8
github.com/PointerByte/GoForge/config/client/http/IRest.go:138.44,139.12 1 6
github.com/PointerByte/GoForge/config/client/http/IRest.go:141.3,141.26 1 2
github.com/PointerByte/GoForge/config/client/http/IRest.go:141.26,143.4 1 2
github.com/PointerByte/GoForge/config/client/http/IRest.go:146.2,147.16 2 14
github.com/PointerByte/GoForge/config/client/http/IRest.go:147.16,149.3 1 1
github.com/PointerByte/GoForge/config/client/http/IRest.go:150.2,150.18 1 13
github.com/PointerByte/GoForge/config/client/http/IRest.go:153.56,155.2 1 3
github.com/PointerByte/GoForge/config/client/http/IRest.go:157.48,158.19 1 11
github.com/PointerByte/GoForge/config/client/http/IRest.go:158.19,160.3 1 3
github.com/PointerByte/GoForge/config/client/http/IRest.go:161.2,161.30 1 8
github.com/PointerByte/GoForge/config/client/http/IRest.go:164.49,167.2 2 7
github.com/PointerByte/GoForge/config/client/http/IRest.go:169.82,172.27 3 4
github.com/PointerByte/GoForge/config/client/http/IRest.go:172.27,175.3 2 3
github.com/PointerByte/GoForge/config/client/http/IRest.go:175.8,177.3 1 1
github.com/PointerByte/GoForge/config/client/http/IRest.go:178.2,178.16 1 4
github.com/PointerByte/GoForge/config/client/http/IRest.go:178.16,180.3 1 1
github.com/PointerByte/GoForge/config/client/http/IRest.go:181.2,187.29 5 3
github.com/PointerByte/GoForge/config/client/http/IRest.go:190.99,193.27 3 3
github.com/PointerByte/GoForge/config/client/http/IRest.go:193.27,196.3 2 1
github.com/PointerByte/GoForge/config/client/http/IRest.go:196.8,198.3 1 2
github.com/PointerByte/GoForge/config/client/http/IRest.go:199.2,199.16 1 3
github.com/PointerByte/GoForge/config/client/http/IRest.go:199.16,201.3 1 1
github.com/PointerByte/GoForge/config/client/http/IRest.go:202.2,208.29 5 2
github.com/PointerByte/GoForge/config/client/http/IRest.go:211.98,214.27 3 3
github.com/PointerByte/GoForge/config/client/http/IRest.go:214.27,217.3 2 1
github.com/PointerByte/GoForge/config/client/http/IRest.go:217.8,219.3 1 2
github.com/PointerByte/GoForge/config/client/http/IRest.go:220.2,220.16 1 3
github.com/PointerByte/GoForge/config/client/http/IRest.go:220.16,222.3 1 1
github.com/PointerByte/GoForge/config/client/http/IRest.go:223.2,229.29 5 2
github.com/PointerByte/GoForge/config/client/http/IRest.go:232.100,235.27 3 3
github.com/PointerByte/GoForge/config/client/http/IRest.go:235.27,238.3 2 1
github.com/PointerByte/GoForge/config/client/http/IRest.go:238.8,240.3 1 2
github.com/PointerByte/GoForge/config/client/http/IRest.go:241.2,241.16 1 3
github.com/PointerByte/GoForge/config/client/http/IRest.go:241.16,243.3 1 1
github.com/PointerByte/GoForge/config/client/http/IRest.go:244.2,250.29 5 2
github.com/PointerByte/GoForge/config/client/http/IRest.go:253.101,256.27 3 3
github.com/PointerByte/GoForge/config/client/http/IRest.go:256.27,259.3 2 1
github.com/PointerByte/GoForge/config/client/http/IRest.go:259.8,261.3 1 2
github.com/PointerByte/GoForge/config/client/http/IRest.go:262.2,262.16 1 3
github.com/PointerByte/GoForge/config/client/http/IRest.go:262.16,264.3 1 1
github.com/PointerByte/GoForge/config/client/http/IRest.go:265.2,271.29 5 2
github.com/PointerByte/GoForge/config/client/http/IRestGeneric.go:78.77,82.2 1 11
github.com/PointerByte/GoForge/config/client/http/IRestGeneric.go:86.96,88.16 2 0
github.com/PointerByte/GoForge/config/client/http/IRestGeneric.go:88.16,90.3 1 0
github.com/PointerByte/GoForge/config/client/http/IRestGeneric.go:91.2,93.8 1 0
github.com/PointerByte/GoForge/config/client/http/IRestGeneric.go:98.55,100.2 1 0
github.com/PointerByte/GoForge/config/client/http/IRestGeneric.go:104.121,114.2 4 10
github.com/PointerByte/GoForge/config/client/http/IRestGeneric.go:127.113,128.21 1 6
github.com/PointerByte/GoForge/config/client/http/IRestGeneric.go:128.21,130.3 1 0
github.com/PointerByte/GoForge/config/client/http/IRestGeneric.go:131.2,131.15 1 6
github.com/PointerByte/GoForge/config/client/http/IRestGeneric.go:131.15,134.3 2 6
github.com/PointerByte/GoForge/config/client/http/IRestGeneric.go:135.2,135.25 1 6
github.com/PointerByte/GoForge/config/client/http/IRestGeneric.go:135.25,141.23 6 6
github.com/PointerByte/GoForge/config/client/http/IRestGeneric.go:141.23,143.4 1 6
github.com/PointerByte/GoForge/config/client/http/IRestGeneric.go:145.2,145.37 1 6
github.com/PointerByte/GoForge/config/client/http/IRestGeneric.go:145.37,149.67 3 6
github.com/PointerByte/GoForge/config/client/http/IRestGeneric.go:149.67,151.18 2 0
github.com/PointerByte/GoForge/config/client/http/IRestGeneric.go:151.18,153.5 1 0
github.com/PointerByte/GoForge/config/client/http/IRestGeneric.go:154.4,154.40 1 0
github.com/PointerByte/GoForge/config/client/http/IRestGeneric.go:156.3,156.28 1 6
github.com/PointerByte/GoForge/config/client/http/IRestGeneric.go:158.2,158.12 1 6
github.com/PointerByte/GoForge/config/client/http/IRestGeneric.go:162.39,164.2 1 10
github.com/PointerByte/GoForge/config/client/http/IRestGeneric.go:173.85,176.22 3 2
github.com/PointerByte/GoForge/config/client/http/IRestGeneric.go:176.22,179.3 2 2
github.com/PointerByte/GoForge/config/client/http/IRestGeneric.go:181.2,182.21 2 2
github.com/PointerByte/GoForge/config/client/http/IRestGeneric.go:182.21,184.3 1 1
github.com/PointerByte/GoForge/config/client/http/IRestGeneric.go:184.8,186.3 1 1
github.com/PointerByte/GoForge/config/client/http/IRestGeneric.go:188.2,189.16 2 2
github.com/PointerByte/GoForge/config/client/http/IRestGeneric.go:189.16,190.22 1 1
github.com/PointerByte/GoForge/config/client/http/IRestGeneric.go:190.22,192.4 1 0
github.com/PointerByte/GoForge/config/client/http/IRestGeneric.go:193.3,193.13 1 1
github.com/PointerByte/GoForge/config/client/http/IRestGeneric.go:195.2,200.16 5 1
github.com/PointerByte/GoForge/config/client/http/IRestGeneric.go:200.16,202.3 1 0
github.com/PointerByte/GoForge/config/client/http/IRestGeneric.go:203.2,203.70 1 1
github.com/PointerByte/GoForge/config/client/http/IRestGeneric.go:206.66,208.17 2 0
github.com/PointerByte/GoForge/config/client/http/IRestGeneric.go:208.17,210.3 1 0
github.com/PointerByte/GoForge/config/client/http/IRestGeneric.go:211.2,211.96 1 0
github.com/PointerByte/GoForge/config/client/http/IRestGeneric.go:214.53,216.21 2 2
github.com/PointerByte/GoForge/config/client/http/IRestGeneric.go:216.21,218.3 1 1
github.com/PointerByte/GoForge/config/client/http/IRestGeneric.go:218.8,220.3 1 1
github.com/PointerByte/GoForge/config/client/http/IRestGeneric.go:221.2,221.28 1 2
github.com/PointerByte/GoForge/config/client/http/IRestGeneric.go:221.28,223.3 1 1
github.com/PointerByte/GoForge/config/client/http/IRestGeneric.go:224.2,225.16 2 1
github.com/PointerByte/GoForge/config/client/http/IRestGeneric.go:225.16,227.3 1 0
github.com/PointerByte/GoForge/config/client/http/IRestGeneric.go:228.2,229.38 2 1
github.com/PointerByte/GoForge/config/client/http/IRestGeneric.go:229.38,230.28 1 2
github.com/PointerByte/GoForge/config/client/http/IRestGeneric.go:230.28,232.4 1 2
github.com/PointerByte/GoForge/config/client/http/IRestGeneric.go:234.2,235.24 2 1
github.com/PointerByte/GoForge/config/client/http/IRestGeneric.go:243.84,246.22 3 2
github.com/PointerByte/GoForge/config/client/http/IRestGeneric.go:246.22,249.3 2 2
github.com/PointerByte/GoForge/config/client/http/IRestGeneric.go:251.2,252.16 2 2
github.com/PointerByte/GoForge/config/client/http/IRestGeneric.go:252.16,254.3 1 0
github.com/PointerByte/GoForge/config/client/http/IRestGeneric.go:255.2,260.16 5 2
github.com/PointerByte/GoForge/config/client/http/IRestGeneric.go:260.16,262.3 1 0
github.com/PointerByte/GoForge/config/client/http/IRestGeneric.go:263.2,263.70 1 2
github.com/PointerByte/GoForge/config/client/http/IRestGeneric.go:270.84,273.22 3 2
github.com/PointerByte/GoForge/config/client/http/IRestGeneric.go:273.22,276.3 2 2
github.com/PointerByte/GoForge/config/client/http/IRestGeneric.go:278.2,279.21 2 2
github.com/PointerByte/GoForge/config/client/http/IRestGeneric.go:279.21,281.3 1 0
github.com/PointerByte/GoForge/config/client/http/IRestGeneric.go:281.8,283.3 1 2
github.com/PointerByte/GoForge/config/client/http/IRestGeneric.go:285.2,286.16 2 2
github.com/PointerByte/GoForge/config/client/http/IRestGeneric.go:286.16,287.22 1 1
github.com/PointerByte/GoForge/config/client/http/IRestGeneric.go:287.22,289.4 1 0
github.com/PointerByte/GoForge/config/client/http/IRestGeneric.go:290.3,290.13 1 1
github.com/PointerByte/GoForge/config/client/http/IRestGeneric.go:292.2,297.16 5 1
github.com/PointerByte/GoForge/config/client/http/IRestGeneric.go:297.16,299.3 1 0
github.com/PointerByte/GoForge/config/client/http/IRestGeneric.go:300.2,300.70 1 1
github.com/PointerByte/GoForge/config/client/http/IRestGeneric.go:307.86,310.22 3 2
github.com/PointerByte/GoForge/config/client/http/IRestGeneric.go:310.22,313.3 2 2
github.com/PointerByte/GoForge/config/client/http/IRestGeneric.go:315.2,316.21 2 2
github.com/PointerByte/GoForge/config/client/http/IRestGeneric.go:316.21,318.3 1 1
github.com/PointerByte/GoForge/config/client/http/IRestGeneric.go:318.8,320.3 1 1
github.com/PointerByte/GoForge/config/client/http/IRestGeneric.go:322.2,323.16 2 2
github.com/PointerByte/GoForge/config/client/http/IRestGeneric.go:323.16,324.22 1 1
github.com/PointerByte/GoForge/config/client/http/IRestGeneric.go:324.22,326.4 1 0
github.com/PointerByte/GoForge/config/client/http/IRestGeneric.go:327.3,327.13 1 1
github.com/PointerByte/GoForge/config/client/http/IRestGeneric.go:329.2,334.16 5 1
github.com/PointerByte/GoForge/config/client/http/IRestGeneric.go:334.16,336.3 1 0
github.com/PointerByte/GoForge/config/client/http/IRestGeneric.go:337.2,337.70 1 1
github.com/PointerByte/GoForge/config/client/http/IRestGeneric.go:345.87,348.22 3 2
github.com/PointerByte/GoForge/config/client/http/IRestGeneric.go:348.22,351.3 2 2
github.com/PointerByte/GoForge/config/client/http/IRestGeneric.go:353.2,354.21 2 2
github.com/PointerByte/GoForge/config/client/http/IRestGeneric.go:354.21,356.3 1 0
github.com/PointerByte/GoForge/config/client/http/IRestGeneric.go:356.8,358.3 1 2
github.com/PointerByte/GoForge/config/client/http/IRestGeneric.go:360.2,361.16 2 2
github.com/PointerByte/GoForge/config/client/http/IRestGeneric.go:361.16,362.22 1 1
github.com/PointerByte/GoForge/config/client/http/IRestGeneric.go:362.22,364.4 1 0
github.com/PointerByte/GoForge/config/client/http/IRestGeneric.go:365.3,365.13 1 1
github.com/PointerByte/GoForge/config/client/http/IRestGeneric.go:367.2,372.16 5 1
github.com/PointerByte/GoForge/config/client/http/IRestGeneric.go:372.16,374.3 1 0
github.com/PointerByte/GoForge/config/client/http/IRestGeneric.go:375.2,375.70 1 1
github.com/PointerByte/GoForge/config/client/http/clienthttp.go:28.39,30.2 1 1
github.com/PointerByte/GoForge/config/client/http/clienthttp.go:37.76,40.2 2 14
github.com/PointerByte/GoForge/config/client/http/clienthttp.go:44.95,46.2 1 1
github.com/PointerByte/GoForge/config/client/http/clienthttp.go:50.54,52.2 1 1
github.com/PointerByte/GoForge/config/client/http/clienthttp.go:54.85,60.2 2 28
github.com/PointerByte/GoForge/config/client/http/clienthttp.go:62.68,63.15 1 28
github.com/PointerByte/GoForge/config/client/http/clienthttp.go:63.15,65.3 1 2
github.com/PointerByte/GoForge/config/client/http/clienthttp.go:65.8,67.3 1 26
github.com/PointerByte/GoForge/config/client/http/clienthttp.go:69.2,70.16 2 28
github.com/PointerByte/GoForge/config/client/http/clienthttp.go:70.16,72.3 1 1
github.com/PointerByte/GoForge/config/client/http/clienthttp.go:73.2,73.19 1 27
github.com/PointerByte/GoForge/config/client/http/clienthttp.go:73.19,75.3 1 0
github.com/PointerByte/GoForge/config/client/http/clienthttp.go:76.2,76.16 1 27
github.com/PointerByte/GoForge/config/client/http/clienthttp.go:79.46,80.28 1 33
github.com/PointerByte/GoForge/config/client/http/clienthttp.go:80.28,82.3 1 1
github.com/PointerByte/GoForge/config/client/http/clienthttp.go:84.2,86.33 3 32
github.com/PointerByte/GoForge/config/client/http/clienthttp.go:86.33,88.3 1 28
github.com/PointerByte/GoForge/config/client/http/clienthttp.go:90.2,96.90 2 4
github.com/PointerByte/GoForge/config/client/http/clienthttp.go:96.90,98.17 2 2
github.com/PointerByte/GoForge/config/client/http/clienthttp.go:98.17,100.4 1 1
github.com/PointerByte/GoForge/config/client/http/clienthttp.go:101.3,102.38 2 1
github.com/PointerByte/GoForge/config/client/http/clienthttp.go:102.38,104.4 1 0
github.com/PointerByte/GoForge/config/client/http/clienthttp.go:105.3,105.24 1 1
github.com/PointerByte/GoForge/config/client/http/clienthttp.go:108.2,108.17 1 3
github.com/PointerByte/GoForge/config/client/http/clienthttp.go:108.17,111.38 3 2
github.com/PointerByte/GoForge/config/client/http/clienthttp.go:111.38,113.4 1 1
github.com/PointerByte/GoForge/config/client/http/clienthttp.go:114.3,115.17 2 1
github.com/PointerByte/GoForge/config/client/http/clienthttp.go:115.17,117.4 1 0
github.com/PointerByte/GoForge/config/client/http/clienthttp.go:118.3,118.55 1 1
github.com/PointerByte/GoForge/config/client/http/clienthttp.go:121.2,121.20 1 2
github.com/PointerByte/GoForge/config/client/http/clienthttp.go:124.40,125.70 1 1
github.com/PointerByte/GoForge/config/client/http/clienthttp.go:125.70,127.3 1 1
github.com/PointerByte/GoForge/config/client/http/clienthttp.go:128.2,128.25 1 0
github.com/PointerByte/GoForge/config/client/http/clienthttp.go:131.41,132.49 1 6
github.com/PointerByte/GoForge/config/client/http/clienthttp.go:133.16,134.26 1 1
github.com/PointerByte/GoForge/config/client/http/clienthttp.go:135.16,136.26 1 0
github.com/PointerByte/GoForge/config/client/http/clienthttp.go:137.16,138.26 1 1
github.com/PointerByte/GoForge/config/client/http/clienthttp.go:139.10,140.26 1 4
github.com/PointerByte/GoForge/config/utilities/traces/grpc.go:21.53,23.22 2 3
github.com/PointerByte/GoForge/config/utilities/traces/grpc.go:23.22,25.3 1 2
github.com/PointerByte/GoForge/config/utilities/traces/grpc.go:26.2,26.18 1 1
github.com/PointerByte/GoForge/config/utilities/traces/grpc.go:29.60,32.2 2 0
github.com/PointerByte/GoForge/config/utilities/traces/grpc.go:34.46,37.22 3 0
github.com/PointerByte/GoForge/config/utilities/traces/grpc.go:37.22,39.3 1 0
github.com/PointerByte/GoForge/config/utilities/traces/grpc.go:40.2,40.13 1 0
github.com/PointerByte/GoForge/config/utilities/traces/grpc.go:48.55,50.2 1 1
github.com/PointerByte/GoForge/config/utilities/traces/grpc.go:52.60,53.112 1 1
github.com/PointerByte/GoForge/config/utilities/traces/grpc.go:53.112,60.3 5 1
github.com/PointerByte/GoForge/config/utilities/traces/grpc.go:63.62,64.112 1 1
github.com/PointerByte/GoForge/config/utilities/traces/grpc.go:64.112,74.3 5 1
github.com/PointerByte/GoForge/config/utilities/traces/grpc.go:77.90,79.15 2 2
github.com/PointerByte/GoForge/config/utilities/traces/grpc.go:79.15,81.3 1 1
github.com/PointerByte/GoForge/config/utilities/traces/grpc.go:82.2,94.3 3 2
github.com/PointerByte/GoForge/config/utilities/traces/grpc.go:97.55,98.16 1 2
github.com/PointerByte/GoForge/config/utilities/traces/grpc.go:98.16,102.3 3 1
github.com/PointerByte/GoForge/config/utilities/traces/grpc.go:104.2,107.47 4 1
github.com/PointerByte/GoForge/config/utilities/traces/grpc.go:110.60,113.21 3 4
github.com/PointerByte/GoForge/config/utilities/traces/grpc.go:113.21,115.3 1 0
github.com/PointerByte/GoForge/config/utilities/traces/grpc.go:116.2,116.21 1 4
github.com/PointerByte/GoForge/config/utilities/traces/grpc.go:116.21,118.3 1 1
github.com/PointerByte/GoForge/config/utilities/traces/grpc.go:119.2,119.27 1 3
github.com/PointerByte/GoForge/config/utilities/traces/http.go:64.73,67.36 2 5
github.com/PointerByte/GoForge/config/utilities/traces/http.go:67.36,70.38 3 1
github.com/PointerByte/GoForge/config/utilities/traces/http.go:70.38,70.52 1 1
github.com/PointerByte/GoForge/config/utilities/traces/http.go:73.2,74.16 2 4
github.com/PointerByte/GoForge/config/utilities/traces/http.go:74.16,76.3 1 1
github.com/PointerByte/GoForge/config/utilities/traces/http.go:78.2,80.16 3 3
github.com/PointerByte/GoForge/config/utilities/traces/http.go:80.16,82.3 1 1
github.com/PointerByte/GoForge/config/utilities/traces/http.go:83.2,84.26 2 2
github.com/PointerByte/GoForge/config/utilities/traces/http.go:84.26,86.3 1 2
github.com/PointerByte/GoForge/config/utilities/traces/http.go:88.2,89.16 2 2
github.com/PointerByte/GoForge/config/utilities/traces/http.go:89.16,91.3 1 1
github.com/PointerByte/GoForge/config/utilities/traces/http.go:92.2,93.28 2 1
github.com/PointerByte/GoForge/config/utilities/traces/http.go:93.28,95.3 1 1
github.com/PointerByte/GoForge/config/utilities/traces/http.go:97.2,97.41 1 1
github.com/PointerByte/GoForge/config/utilities/traces/http.go:97.41,99.38 2 1
github.com/PointerByte/GoForge/config/utilities/traces/http.go:99.38,101.4 1 2
github.com/PointerByte/GoForge/config/utilities/traces/http.go:102.3,102.13 1 1
github.com/PointerByte/GoForge/config/utilities/traces/http.go:112.39,119.55 2 1
github.com/PointerByte/GoForge/config/utilities/traces/http.go:119.55,120.32 1 2
github.com/PointerByte/GoForge/config/utilities/traces/http.go:120.32,121.46 1 2
github.com/PointerByte/GoForge/config/utilities/traces/http.go:121.46,123.6 1 1
github.com/PointerByte/GoForge/config/utilities/traces/http.go:125.4,125.15 1 1
github.com/PointerByte/GoForge/config/utilities/traces/http.go:127.78,132.4 1 1
github.com/PointerByte/GoForge/config/utilities/traces/http.go:138.132,139.38 1 3
github.com/PointerByte/GoForge/config/utilities/traces/http.go:139.38,141.3 1 1
github.com/PointerByte/GoForge/config/utilities/traces/http.go:143.2,144.28 2 2
github.com/PointerByte/GoForge/config/utilities/traces/http.go:144.28,146.3 1 1
github.com/PointerByte/GoForge/config/utilities/traces/http.go:148.2,149.16 2 1
github.com/PointerByte/GoForge/config/utilities/traces/http.go:149.16,151.3 1 0
github.com/PointerByte/GoForge/config/utilities/traces/http.go:153.2,160.29 2 1
github.com/PointerByte/GoForge/config/utilities/traces/http.go:165.96,166.22 1 6
github.com/PointerByte/GoForge/config/utilities/traces/http.go:167.14,168.35 1 3
github.com/PointerByte/GoForge/config/utilities/traces/http.go:169.15,170.34 1 1
github.com/PointerByte/GoForge/config/utilities/traces/http.go:171.24,172.34 1 1
github.com/PointerByte/GoForge/config/utilities/traces/http.go:173.11,174.82 1 1
github.com/PointerByte/GoForge/config/utilities/traces/http.go:176.28,177.57 1 2
github.com/PointerByte/GoForge/config/utilities/traces/http.go:178.10,179.67 1 1
github.com/PointerByte/GoForge/config/utilities/traces/http.go:185.131,187.28 2 3
github.com/PointerByte/GoForge/config/utilities/traces/http.go:187.28,189.3 1 2
github.com/PointerByte/GoForge/config/utilities/traces/http.go:191.2,192.16 2 1
github.com/PointerByte/GoForge/config/utilities/traces/http.go:192.16,194.3 1 0
github.com/PointerByte/GoForge/config/utilities/traces/http.go:196.2,201.29 2 1
github.com/PointerByte/GoForge/config/utilities/traces/http.go:206.90,207.22 1 5
github.com/PointerByte/GoForge/config/utilities/traces/http.go:208.14,209.36 1 3
github.com/PointerByte/GoForge/config/utilities/traces/http.go:210.15,212.18 2 1
github.com/PointerByte/GoForge/config/utilities/traces/http.go:212.18,214.5 1 1
github.com/PointerByte/GoForge/config/utilities/traces/http.go:215.4,215.53 1 0
github.com/PointerByte/GoForge/config/utilities/traces/http.go:216.24,218.18 2 1
github.com/PointerByte/GoForge/config/utilities/traces/http.go:218.18,220.5 1 1
github.com/PointerByte/GoForge/config/utilities/traces/http.go:221.4,221.53 1 0
github.com/PointerByte/GoForge/config/utilities/traces/http.go:222.11,223.83 1 1
github.com/PointerByte/GoForge/config/utilities/traces/http.go:225.20,226.35 1 1
github.com/PointerByte/GoForge/config/utilities/traces/http.go:227.10,228.68 1 1
github.com/PointerByte/GoForge/config/utilities/traces/http.go:233.67,243.26 3 3
github.com/PointerByte/GoForge/config/utilities/traces/http.go:243.26,245.3 1 2
github.com/PointerByte/GoForge/config/utilities/traces/http.go:246.2,246.81 1 3
github.com/PointerByte/GoForge/config/utilities/traces/http.go:246.81,248.3 1 1
github.com/PointerByte/GoForge/config/utilities/traces/http.go:249.2,249.26 1 3
github.com/PointerByte/GoForge/config/utilities/traces/http.go:249.26,251.3 1 2
github.com/PointerByte/GoForge/config/utilities/traces/http.go:253.2,253.39 1 3
github.com/PointerByte/GoForge/config/utilities/traces/http.go:257.52,259.15 2 7
github.com/PointerByte/GoForge/config/utilities/traces/http.go:259.15,261.3 1 6
github.com/PointerByte/GoForge/config/utilities/traces/http.go:263.2,264.47 2 7
github.com/PointerByte/GoForge/config/utilities/traces/http.go:264.47,265.51 1 18
github.com/PointerByte/GoForge/config/utilities/traces/http.go:266.19,266.19 0 1
github.com/PointerByte/GoForge/config/utilities/traces/http.go:267.23,268.65 1 7
github.com/PointerByte/GoForge/config/utilities/traces/http.go:269.18,270.60 1 7
github.com/PointerByte/GoForge/config/utilities/traces/http.go:271.13,272.47 1 1
github.com/PointerByte/GoForge/config/utilities/traces/http.go:273.18,274.89 1 1
github.com/PointerByte/GoForge/config/utilities/traces/http.go:278.2,278.27 1 7
github.com/PointerByte/GoForge/config/utilities/traces/http.go:278.27,280.3 1 0
github.com/PointerByte/GoForge/config/utilities/traces/http.go:281.2,281.66 1 7
github.com/PointerByte/GoForge/config/utilities/traces/http.go:285.36,289.14 3 8
github.com/PointerByte/GoForge/config/utilities/traces/http.go:290.35,291.55 1 2
github.com/PointerByte/GoForge/config/utilities/traces/http.go:292.19,293.33 1 1
github.com/PointerByte/GoForge/config/utilities/traces/http.go:294.20,295.32 1 1
github.com/PointerByte/GoForge/config/utilities/traces/http.go:296.22,297.53 1 1
github.com/PointerByte/GoForge/config/utilities/traces/http.go:298.32,299.54 1 1
github.com/PointerByte/GoForge/config/utilities/traces/http.go:300.34,301.75 1 1
github.com/PointerByte/GoForge/config/utilities/traces/http.go:302.10,303.55 1 1
github.com/PointerByte/GoForge/config/utilities/traces/http.go:309.61,311.17 2 7
github.com/PointerByte/GoForge/config/utilities/traces/http.go:311.17,313.3 1 2
github.com/PointerByte/GoForge/config/utilities/traces/http.go:315.2,315.49 1 7
github.com/PointerByte/GoForge/config/utilities/traces/http.go:315.49,317.17 2 7
github.com/PointerByte/GoForge/config/utilities/traces/http.go:317.17,319.4 1 7
github.com/PointerByte/GoForge/config/utilities/traces/http.go:321.2,321.17 1 0
github.com/PointerByte/GoForge/config/utilities/traces/http.go:326.43,328.67 2 8
github.com/PointerByte/GoForge/config/utilities/traces/http.go:328.67,330.3 1 7
github.com/PointerByte/GoForge/config/utilities/traces/http.go:331.2,331.87 1 1
github.com/PointerByte/GoForge/config/utilities/traces/http.go:331.87,333.3 1 1
github.com/PointerByte/GoForge/config/utilities/traces/http.go:334.2,334.24 1 0
github.com/PointerByte/GoForge/config/utilities/traces/http.go:339.31,340.61 1 5
github.com/PointerByte/GoForge/config/utilities/traces/http.go:340.61,342.3 1 1
github.com/PointerByte/GoForge/config/utilities/traces/http.go:344.2,344.81 1 4
github.com/PointerByte/GoForge/config/utilities/traces/http.go:344.81,346.72 2 4
github.com/PointerByte/GoForge/config/utilities/traces/http.go:346.72,348.4 1 1
github.com/PointerByte/GoForge/config/utilities/traces/http.go:350.2,350.14 1 3
github.com/PointerByte/GoForge/config/utilities/traces/http.go:355.27,356.72 1 8
github.com/PointerByte/GoForge/config/utilities/traces/http.go:356.72,358.3 1 3
github.com/PointerByte/GoForge/config/utilities/traces/http.go:359.2,359.51 1 5
github.com/PointerByte/GoForge/config/utilities/traces/http.go:359.51,361.3 1 4
github.com/PointerByte/GoForge/config/utilities/traces/http.go:362.2,362.30 1 1
github.com/PointerByte/GoForge/config/utilities/traces/http.go:366.33,368.9 2 11
github.com/PointerByte/GoForge/config/utilities/traces/http.go:368.9,370.3 1 7
github.com/PointerByte/GoForge/config/utilities/traces/http.go:372.2,373.29 2 4
github.com/PointerByte/GoForge/config/utilities/traces/http.go:377.37,379.16 2 6
github.com/PointerByte/GoForge/config/utilities/traces/http.go:379.16,381.3 1 1
github.com/PointerByte/GoForge/config/utilities/traces/http.go:382.2,382.15 1 5
github.com/PointerByte/GoForge/config/utilities/traces/http.go:382.15,384.3 1 1
github.com/PointerByte/GoForge/config/utilities/traces/http.go:385.2,385.15 1 4
github.com/PointerByte/GoForge/config/utilities/traces/http.go:385.15,387.3 1 1
github.com/PointerByte/GoForge/config/utilities/traces/http.go:388.2,388.14 1 3
github.com/PointerByte/GoForge/config/proto/methods.pb.go:32.32,37.2 4 1
github.com/PointerByte/GoForge/config/proto/methods.pb.go:39.40,41.2 1 1
github.com/PointerByte/GoForge/config/proto/methods.pb.go:43.38,43.39 0 0
github.com/PointerByte/GoForge/config/proto/methods.pb.go:45.60,47.14 2 4
github.com/PointerByte/GoForge/config/proto/methods.pb.go:47.14,49.34 2 3
github.com/PointerByte/GoForge/config/proto/methods.pb.go:49.34,51.4 1 1
github.com/PointerByte/GoForge/config/proto/methods.pb.go:52.3,52.12 1 3
github.com/PointerByte/GoForge/config/proto/methods.pb.go:54.2,54.24 1 1
github.com/PointerByte/GoForge/config/proto/methods.pb.go:58.51,60.2 1 1
github.com/PointerByte/GoForge/config/proto/methods.pb.go:62.41,63.14 1 5
github.com/PointerByte/GoForge/config/proto/methods.pb.go:63.14,65.3 1 4
github.com/PointerByte/GoForge/config/proto/methods.pb.go:66.2,66.11 1 1
github.com/PointerByte/GoForge/config/proto/methods.pb.go:77.30,82.2 4 1
github.com/PointerByte/GoForge/config/proto/methods.pb.go:84.38,86.2 1 1
github.com/PointerByte/GoForge/config/proto/methods.pb.go:88.36,88.37 0 0
github.com/PointerByte/GoForge/config/proto/methods.pb.go:90.58,92.14 2 4
github.com/PointerByte/GoForge/config/proto/methods.pb.go:92.14,94.34 2 3
github.com/PointerByte/GoForge/config/proto/methods.pb.go:94.34,96.4 1 1
github.com/PointerByte/GoForge/config/proto/methods.pb.go:97.3,97.12 1 3
github.com/PointerByte/GoForge/config/proto/methods.pb.go:99.2,99.24 1 1
github.com/PointerByte/GoForge/config/proto/methods.pb.go:103.49,105.2 1 1
github.com/PointerByte/GoForge/config/proto/methods.pb.go:107.42,108.14 1 6
github.com/PointerByte/GoForge/config/proto/methods.pb.go:108.14,110.3 1 5
github.com/PointerByte/GoForge/config/proto/methods.pb.go:111.2,111.11 1 1
github.com/PointerByte/GoForge/config/proto/methods.pb.go:124.31,129.2 4 1
github.com/PointerByte/GoForge/config/proto/methods.pb.go:131.39,133.2 1 1
github.com/PointerByte/GoForge/config/proto/methods.pb.go:135.37,135.38 0 0
github.com/PointerByte/GoForge/config/proto/methods.pb.go:137.59,139.14 2 4
github.com/PointerByte/GoForge/config/proto/methods.pb.go:139.14,141.34 2 3
github.com/PointerByte/GoForge/config/proto/methods.pb.go:141.34,143.4 1 1
github.com/PointerByte/GoForge/config/proto/methods.pb.go:144.3,144.12 1 3
github.com/PointerByte/GoForge/config/proto/methods.pb.go:146.2,146.24 1 1
github.com/PointerByte/GoForge/config/proto/methods.pb.go:150.50,152.2 1 1
github.com/PointerByte/GoForge/config/proto/methods.pb.go:154.40,155.14 1 3
github.com/PointerByte/GoForge/config/proto/methods.pb.go:155.14,157.3 1 2
github.com/PointerByte/GoForge/config/proto/methods.pb.go:158.2,158.11 1 1
github.com/PointerByte/GoForge/config/proto/methods.pb.go:161.43,162.14 1 5
github.com/PointerByte/GoForge/config/proto/methods.pb.go:162.14,164.3 1 4
github.com/PointerByte/GoForge/config/proto/methods.pb.go:165.2,165.11 1 1
github.com/PointerByte/GoForge/config/proto/methods.pb.go:168.45,169.14 1 3
github.com/PointerByte/GoForge/config/proto/methods.pb.go:169.14,171.3 1 2
github.com/PointerByte/GoForge/config/proto/methods.pb.go:172.2,172.10 1 1
github.com/PointerByte/GoForge/config/proto/methods.pb.go:185.31,190.2 4 1
github.com/PointerByte/GoForge/config/proto/methods.pb.go:192.39,194.2 1 1
github.com/PointerByte/GoForge/config/proto/methods.pb.go:196.37,196.38 0 0
github.com/PointerByte/GoForge/config/proto/methods.pb.go:198.59,200.14 2 4
github.com/PointerByte/GoForge/config/proto/methods.pb.go:200.14,202.34 2 3
github.com/PointerByte/GoForge/config/proto/methods.pb.go:202.34,204.4 1 1
github.com/PointerByte/GoForge/config/proto/methods.pb.go:205.3,205.12 1 3
github.com/PointerByte/GoForge/config/proto/methods.pb.go:207.2,207.24 1 1
github.com/PointerByte/GoForge/config/proto/methods.pb.go:211.50,213.2 1 1
github.com/PointerByte/GoForge/config/proto/methods.pb.go:215.42,216.14 1 5
github.com/PointerByte/GoForge/config/proto/methods.pb.go:216.14,218.3 1 4
github.com/PointerByte/GoForge/config/proto/methods.pb.go:219.2,219.11 1 1
github.com/PointerByte/GoForge/config/proto/methods.pb.go:222.48,223.14 1 4
github.com/PointerByte/GoForge/config/proto/methods.pb.go:223.14,225.3 1 3
github.com/PointerByte/GoForge/config/proto/methods.pb.go:226.2,226.10 1 1
github.com/PointerByte/GoForge/config/proto/methods.pb.go:229.47,230.14 1 5
github.com/PointerByte/GoForge/config/proto/methods.pb.go:230.14,232.3 1 4
github.com/PointerByte/GoForge/config/proto/methods.pb.go:233.2,233.11 1 1
github.com/PointerByte/GoForge/config/proto/methods.pb.go:248.32,253.2 4 1
github.com/PointerByte/GoForge/config/proto/methods.pb.go:255.40,257.2 1 1
github.com/PointerByte/GoForge/config/proto/methods.pb.go:259.38,259.39 0 0
github.com/PointerByte/GoForge/config/proto/methods.pb.go:261.60,263.14 2 4
github.com/PointerByte/GoForge/config/proto/methods.pb.go:263.14,265.34 2 3
github.com/PointerByte/GoForge/config/proto/methods.pb.go:265.34,267.4 1 1
github.com/PointerByte/GoForge/config/proto/methods.pb.go:268.3,268.12 1 3
github.com/PointerByte/GoForge/config/proto/methods.pb.go:270.2,270.24 1 1
github.com/PointerByte/GoForge/config/proto/methods.pb.go:274.51,276.2 1 1
github.com/PointerByte/GoForge/config/proto/methods.pb.go:278.44,279.14 1 5
github.com/PointerByte/GoForge/config/proto/methods.pb.go:279.14,281.3 1 4
github.com/PointerByte/GoForge/config/proto/methods.pb.go:282.2,282.11 1 1
github.com/PointerByte/GoForge/config/proto/methods.pb.go:285.43,286.14 1 4
github.com/PointerByte/GoForge/config/proto/methods.pb.go:286.14,288.3 1 3
github.com/PointerByte/GoForge/config/proto/methods.pb.go:289.2,289.11 1 1
github.com/PointerByte/GoForge/config/proto/methods.pb.go:292.42,293.14 1 4
github.com/PointerByte/GoForge/config/proto/methods.pb.go:293.14,295.3 1 3
github.com/PointerByte/GoForge/config/proto/methods.pb.go:296.2,296.11 1 1
github.com/PointerByte/GoForge/config/proto/methods.pb.go:299.44,300.14 1 6
github.com/PointerByte/GoForge/config/proto/methods.pb.go:300.14,302.3 1 5
github.com/PointerByte/GoForge/config/proto/methods.pb.go:303.2,303.11 1 1
github.com/PointerByte/GoForge/config/proto/methods.pb.go:306.49,307.14 1 3
github.com/PointerByte/GoForge/config/proto/methods.pb.go:307.14,309.3 1 2
github.com/PointerByte/GoForge/config/proto/methods.pb.go:310.2,310.10 1 1
github.com/PointerByte/GoForge/config/proto/methods.pb.go:350.52,351.49 1 7
github.com/PointerByte/GoForge/config/proto/methods.pb.go:351.49,353.3 1 1
github.com/PointerByte/GoForge/config/proto/methods.pb.go:354.2,354.45 1 7
github.com/PointerByte/GoForge/config/proto/methods.pb.go:379.13,379.48 1 1
github.com/PointerByte/GoForge/config/proto/methods.pb.go:380.38,381.37 1 2
github.com/PointerByte/GoForge/config/proto/methods.pb.go:381.37,383.3 1 1
github.com/PointerByte/GoForge/config/proto/methods.pb.go:384.2,400.40 5 1
github.com/PointerByte/GoForge/config/proto/methods_grpc.pb.go:45.66,47.2 1 6
github.com/PointerByte/GoForge/config/proto/methods_grpc.pb.go:49.119,53.16 4 2
github.com/PointerByte/GoForge/config/proto/methods_grpc.pb.go:53.16,55.3 1 1
github.com/PointerByte/GoForge/config/proto/methods_grpc.pb.go:56.2,56.17 1 1
github.com/PointerByte/GoForge/config/proto/methods_grpc.pb.go:59.144,62.16 3 2
github.com/PointerByte/GoForge/config/proto/methods_grpc.pb.go:62.16,64.3 1 1
github.com/PointerByte/GoForge/config/proto/methods_grpc.pb.go:65.2,66.15 2 1
github.com/PointerByte/GoForge/config/proto/methods_grpc.pb.go:72.146,75.16 3 2
github.com/PointerByte/GoForge/config/proto/methods_grpc.pb.go:75.16,77.3 1 1
github.com/PointerByte/GoForge/config/proto/methods_grpc.pb.go:78.2,79.15 2 1
github.com/PointerByte/GoForge/config/proto/methods_grpc.pb.go:107.97,109.2 1 1
github.com/PointerByte/GoForge/config/proto/methods_grpc.pb.go:110.106,112.2 1 1
github.com/PointerByte/GoForge/config/proto/methods_grpc.pb.go:113.108,115.2 1 1
github.com/PointerByte/GoForge/config/proto/methods_grpc.pb.go:116.74,116.75 0 1
github.com/PointerByte/GoForge/config/proto/methods_grpc.pb.go:117.74,117.75 0 2
github.com/PointerByte/GoForge/config/proto/methods_grpc.pb.go:126.72,131.59 1 1
github.com/PointerByte/GoForge/config/proto/methods_grpc.pb.go:131.59,133.3 1 1
github.com/PointerByte/GoForge/config/proto/methods_grpc.pb.go:134.2,134.46 1 1
github.com/PointerByte/GoForge/config/proto/methods_grpc.pb.go:137.161,139.32 2 3
github.com/PointerByte/GoForge/config/proto/methods_grpc.pb.go:139.32,141.3 1 1
github.com/PointerByte/GoForge/config/proto/methods_grpc.pb.go:142.2,142.24 1 2
github.com/PointerByte/GoForge/config/proto/methods_grpc.pb.go:142.24,144.3 1 1
github.com/PointerByte/GoForge/config/proto/methods_grpc.pb.go:145.2,149.77 2 1
github.com/PointerByte/GoForge/config/proto/methods_grpc.pb.go:149.77,151.3 1 1
github.com/PointerByte/GoForge/config/proto/methods_grpc.pb.go:152.2,152.44 1 1
github.com/PointerByte/GoForge/config/proto/methods_grpc.pb.go:155.83,157.2 1 2
github.com/PointerByte/GoForge/config/proto/methods_grpc.pb.go:162.85,164.2 1 2
github.com/PointerByte/GoForge/config/server/grpc/config.go:39.44,41.2 1 11
github.com/PointerByte/GoForge/config/server/grpc/config.go:42.40,44.2 1 2
github.com/PointerByte/GoForge/config/server/grpc/config.go:48.34,50.2 1 0
github.com/PointerByte/GoForge/config/server/grpc/config.go:57.13,60.2 2 1
github.com/PointerByte/GoForge/config/server/grpc/config.go:119.86,120.30 1 1
github.com/PointerByte/GoForge/config/server/grpc/config.go:120.30,121.44 1 1
github.com/PointerByte/GoForge/config/server/grpc/config.go:121.44,122.26 1 1
github.com/PointerByte/GoForge/config/server/grpc/config.go:122.26,124.5 1 1
github.com/PointerByte/GoForge/config/server/grpc/config.go:131.88,132.30 1 0
github.com/PointerByte/GoForge/config/server/grpc/config.go:132.30,133.44 1 0
github.com/PointerByte/GoForge/config/server/grpc/config.go:133.44,134.26 1 0
github.com/PointerByte/GoForge/config/server/grpc/config.go:134.26,136.5 1 0
github.com/PointerByte/GoForge/config/server/grpc/config.go:146.39,148.2 1 1
github.com/PointerByte/GoForge/config/server/grpc/config.go:181.86,188.16 3 20
github.com/PointerByte/GoForge/config/server/grpc/config.go:188.16,190.3 1 0
github.com/PointerByte/GoForge/config/server/grpc/config.go:190.8,192.3 1 20
github.com/PointerByte/GoForge/config/server/grpc/config.go:194.2,194.33 1 20
github.com/PointerByte/GoForge/config/server/grpc/config.go:194.33,195.20 1 1
github.com/PointerByte/GoForge/config/server/grpc/config.go:195.20,197.4 1 1
github.com/PointerByte/GoForge/config/server/grpc/config.go:199.2,199.15 1 20
github.com/PointerByte/GoForge/config/server/grpc/config.go:202.46,206.2 3 2
github.com/PointerByte/GoForge/config/server/grpc/config.go:208.54,212.2 3 6
github.com/PointerByte/GoForge/config/server/grpc/config.go:214.64,215.21 1 9
github.com/PointerByte/GoForge/config/server/grpc/config.go:215.21,217.3 1 1
github.com/PointerByte/GoForge/config/server/grpc/config.go:218.2,218.42 1 8
github.com/PointerByte/GoForge/config/server/grpc/config.go:218.42,220.3 1 2
github.com/PointerByte/GoForge/config/server/grpc/config.go:221.2,221.21 1 6
github.com/PointerByte/GoForge/config/server/grpc/config.go:221.21,223.3 1 1
github.com/PointerByte/GoForge/config/server/grpc/config.go:224.2,225.12 2 5
github.com/PointerByte/GoForge/config/server/grpc/config.go:228.33,229.21 1 11
github.com/PointerByte/GoForge/config/server/grpc/config.go:229.21,231.3 1 1
github.com/PointerByte/GoForge/config/server/grpc/config.go:233.2,233.42 1 10
github.com/PointerByte/GoForge/config/server/grpc/config.go:233.42,235.3 1 1
github.com/PointerByte/GoForge/config/server/grpc/config.go:237.2,238.24 2 9
github.com/PointerByte/GoForge/config/server/grpc/config.go:238.24,239.23 1 4
github.com/PointerByte/GoForge/config/server/grpc/config.go:239.23,241.4 1 3
github.com/PointerByte/GoForge/config/server/grpc/config.go:242.3,242.23 1 4
github.com/PointerByte/GoForge/config/server/grpc/config.go:242.23,245.4 2 2
github.com/PointerByte/GoForge/config/server/grpc/config.go:247.3,248.17 2 2
github.com/PointerByte/GoForge/config/server/grpc/config.go:248.17,251.4 2 1
github.com/PointerByte/GoForge/config/server/grpc/config.go:252.3,252.25 1 1
github.com/PointerByte/GoForge/config/server/grpc/config.go:254.2,261.20 7 6
github.com/PointerByte/GoForge/config/server/grpc/config.go:261.20,263.3 1 6
github.com/PointerByte/GoForge/config/server/grpc/config.go:265.2,265.47 1 6
github.com/PointerByte/GoForge/config/server/grpc/config.go:265.47,268.3 2 2
github.com/PointerByte/GoForge/config/server/grpc/config.go:270.2,271.12 2 4
github.com/PointerByte/GoForge/config/server/grpc/config.go:274.30,277.2 2 19
github.com/PointerByte/GoForge/config/server/grpc/config.go:279.63,283.44 3 20
github.com/PointerByte/GoForge/config/server/grpc/config.go:283.44,285.3 1 2
github.com/PointerByte/GoForge/config/server/grpc/config.go:286.2,290.16 4 18
github.com/PointerByte/GoForge/config/server/grpc/config.go:290.16,292.3 1 1
github.com/PointerByte/GoForge/config/server/grpc/config.go:294.2,296.16 3 17
github.com/PointerByte/GoForge/config/server/grpc/config.go:296.16,298.3 1 0
github.com/PointerByte/GoForge/config/server/grpc/config.go:299.2,300.26 2 17
github.com/PointerByte/GoForge/config/server/grpc/config.go:303.81,308.40 5 1
github.com/PointerByte/GoForge/config/server/grpc/config.go:308.40,309.39 1 1
github.com/PointerByte/GoForge/config/server/grpc/config.go:309.39,311.4 1 0
github.com/PointerByte/GoForge/config/server/grpc/config.go:313.2,313.23 1 1
github.com/PointerByte/GoForge/config/server/grpc/config.go:316.34,317.21 1 5
github.com/PointerByte/GoForge/config/server/grpc/config.go:317.21,320.3 2 1
github.com/PointerByte/GoForge/config/server/grpc/config.go:321.2,321.26 1 4
github.com/PointerByte/GoForge/config/server/grpc/config.go:324.26,325.21 1 1
github.com/PointerByte/GoForge/config/server/grpc/config.go:325.21,328.3 2 1
github.com/PointerByte/GoForge/config/server/grpc/config.go:329.2,329.18 1 0
github.com/PointerByte/GoForge/config/server/grpc/config.go:332.44,333.21 1 5
github.com/PointerByte/GoForge/config/server/grpc/config.go:333.21,335.3 1 1
github.com/PointerByte/GoForge/config/server/grpc/config.go:336.2,337.18 2 4
github.com/PointerByte/GoForge/config/server/grpc/config.go:340.46,341.21 1 2
github.com/PointerByte/GoForge/config/server/grpc/config.go:341.21,343.3 1 1
github.com/PointerByte/GoForge/config/server/grpc/config.go:345.2,347.20 3 1
github.com/PointerByte/GoForge/config/server/grpc/config.go:350.40,354.2 3 22
github.com/PointerByte/GoForge/config/server/grpc/config.go:356.46,357.45 1 22
github.com/PointerByte/GoForge/config/server/grpc/config.go:357.45,359.3 1 17
github.com/PointerByte/GoForge/config/server/grpc/config.go:361.2,362.16 2 5
github.com/PointerByte/GoForge/config/server/grpc/config.go:362.16,365.3 2 0
github.com/PointerByte/GoForge/config/server/grpc/config.go:366.2,367.12 2 5
github.com/PointerByte/GoForge/config/server/grpc/config.go:370.71,396.16 8 5
github.com/PointerByte/GoForge/config/server/grpc/config.go:396.16,398.3 1 0
github.com/PointerByte/GoForge/config/server/grpc/config.go:399.2,399.19 1 5
github.com/PointerByte/GoForge/config/server/grpc/config.go:399.19,401.3 1 2
github.com/PointerByte/GoForge/config/server/grpc/config.go:402.2,402.21 1 5
github.com/PointerByte/GoForge/config/server/grpc/config.go:405.41,407.20 2 8
github.com/PointerByte/GoForge/config/server/grpc/config.go:407.20,409.3 1 1
github.com/PointerByte/GoForge/config/server/grpc/config.go:411.2,412.16 2 7
github.com/PointerByte/GoForge/config/server/grpc/config.go:412.16,414.17 2 0
github.com/PointerByte/GoForge/config/server/grpc/config.go:414.17,416.4 1 0
github.com/PointerByte/GoForge/config/server/grpc/config.go:418.2,418.54 1 7
github.com/PointerByte/GoForge/config/server/grpc/config.go:421.83,422.112 1 6
github.com/PointerByte/GoForge/config/server/grpc/config.go:422.112,423.41 1 6
github.com/PointerByte/GoForge/config/server/grpc/config.go:423.41,425.4 1 1
github.com/PointerByte/GoForge/config/server/grpc/config.go:426.3,426.27 1 5
github.com/PointerByte/GoForge/config/server/grpc/config.go:430.85,431.112 1 6
github.com/PointerByte/GoForge/config/server/grpc/config.go:431.112,432.41 1 2
github.com/PointerByte/GoForge/config/server/grpc/config.go:432.41,434.4 1 1
github.com/PointerByte/GoForge/config/server/grpc/config.go:435.3,435.30 1 1
github.com/PointerByte/GoForge/config/server/grpc/config.go:439.46,440.22 1 11
github.com/PointerByte/GoForge/config/server/grpc/config.go:440.22,442.3 1 1
github.com/PointerByte/GoForge/config/server/grpc/config.go:444.2,446.33 3 10
github.com/PointerByte/GoForge/config/server/grpc/config.go:446.33,448.3 1 4
github.com/PointerByte/GoForge/config/server/grpc/config.go:450.2,452.37 3 6
github.com/PointerByte/GoForge/config/server/grpc/config.go:452.37,454.3 1 1
github.com/PointerByte/GoForge/config/server/grpc/config.go:456.2,457.16 2 5
github.com/PointerByte/GoForge/config/server/grpc/config.go:457.16,459.3 1 0
github.com/PointerByte/GoForge/config/server/grpc/config.go:461.2,466.17 2 5
github.com/PointerByte/GoForge/config/server/grpc/config.go:466.17,468.25 2 3
github.com/PointerByte/GoForge/config/server/grpc/config.go:468.25,470.4 1 1
github.com/PointerByte/GoForge/config/server/grpc/config.go:472.3,473.17 2 2
github.com/PointerByte/GoForge/config/server/grpc/config.go:473.17,475.4 1 0
github.com/PointerByte/GoForge/config/server/grpc/config.go:477.3,478.38 2 2
github.com/PointerByte/GoForge/config/server/grpc/config.go:478.38,480.4 1 0
github.com/PointerByte/GoForge/config/server/grpc/config.go:481.3,482.86 2 2
github.com/PointerByte/GoForge/config/server/grpc/config.go:485.2,485.20 1 4
github.com/PointerByte/GoForge/config/server/grpc/config.go:488.41,489.49 1 7
github.com/PointerByte/GoForge/config/server/grpc/config.go:490.16,491.26 1 1
github.com/PointerByte/GoForge/config/server/grpc/config.go:492.16,493.26 1 0
github.com/PointerByte/GoForge/config/server/grpc/config.go:494.16,495.26 1 2
github.com/PointerByte/GoForge/config/server/grpc/config.go:496.10,497.26 1 4
github.com/PointerByte/GoForge/config/server/grpc/config.go:501.53,502.49 1 7
github.com/PointerByte/GoForge/config/server/grpc/config.go:503.50,504.31 1 1
github.com/PointerByte/GoForge/config/server/grpc/config.go:505.57,506.34 1 1
github.com/PointerByte/GoForge/config/server/grpc/config.go:507.64,508.37 1 2
github.com/PointerByte/GoForge/config/server/grpc/config.go:509.40,510.26 1 1
github.com/PointerByte/GoForge/config/server/grpc/config.go:511.10,512.40 1 2
github.com/PointerByte/GoForge/config/client/grpc/IClient.go:86.39,88.2 1 2
github.com/PointerByte/GoForge/config/client/grpc/IClient.go:95.48,99.2 1 14
github.com/PointerByte/GoForge/config/client/grpc/IClient.go:101.45,105.2 3 7
github.com/PointerByte/GoForge/config/client/grpc/IClient.go:107.49,111.2 3 2
github.com/PointerByte/GoForge/config/client/grpc/IClient.go:113.50,117.2 3 1
github.com/PointerByte/GoForge/config/client/grpc/IClient.go:119.58,123.2 3 5
github.com/PointerByte/GoForge/config/client/grpc/IClient.go:125.34,129.19 3 10
github.com/PointerByte/GoForge/config/client/grpc/IClient.go:129.19,131.3 1 3
github.com/PointerByte/GoForge/config/client/grpc/IClient.go:132.2,132.21 1 7
github.com/PointerByte/GoForge/config/client/grpc/IClient.go:132.21,134.3 1 1
github.com/PointerByte/GoForge/config/client/grpc/IClient.go:136.2,139.16 4 6
github.com/PointerByte/GoForge/config/client/grpc/IClient.go:139.16,141.3 1 0
github.com/PointerByte/GoForge/config/client/grpc/IClient.go:142.2,145.16 3 6
github.com/PointerByte/GoForge/config/client/grpc/IClient.go:145.16,147.3 1 1
github.com/PointerByte/GoForge/config/client/grpc/IClient.go:148.2,149.12 2 5
github.com/PointerByte/GoForge/config/client/grpc/IClient.go:152.32,156.19 3 4
github.com/PointerByte/GoForge/config/client/grpc/IClient.go:156.19,158.3 1 1
github.com/PointerByte/GoForge/config/client/grpc/IClient.go:159.2,161.12 3 3
github.com/PointerByte/GoForge/config/client/grpc/IClient.go:164.45,168.2 3 6
github.com/PointerByte/GoForge/config/client/grpc/IClient.go:171.78,174.19 2 8
github.com/PointerByte/GoForge/config/client/grpc/IClient.go:174.19,176.3 1 1
github.com/PointerByte/GoForge/config/client/grpc/IClient.go:177.2,177.18 1 7
github.com/PointerByte/GoForge/config/client/grpc/IClient.go:177.18,179.3 1 1
github.com/PointerByte/GoForge/config/client/grpc/IClient.go:180.2,180.41 1 6
github.com/PointerByte/GoForge/config/client/grpc/IClient.go:180.41,182.3 1 1
github.com/PointerByte/GoForge/config/client/grpc/IClient.go:184.2,185.17 2 5
github.com/PointerByte/GoForge/config/client/grpc/IClient.go:185.17,187.3 1 1
github.com/PointerByte/GoForge/config/client/grpc/IClient.go:189.2,189.25 1 4
github.com/PointerByte/GoForge/config/client/grpc/IClient.go:192.51,194.42 2 2
github.com/PointerByte/GoForge/config/client/grpc/IClient.go:194.42,196.3 1 2
github.com/PointerByte/GoForge/config/client/grpc/IClient.go:197.2,197.19 1 2
github.com/PointerByte/GoForge/config/client/grpc/IClient.go:197.19,199.3 1 0
github.com/PointerByte/GoForge/config/client/grpc/IClient.go:200.2,200.12 1 2
github.com/PointerByte/GoForge/config/client/grpc/IClient.go:203.51,205.42 2 3
github.com/PointerByte/GoForge/config/client/grpc/IClient.go:205.42,207.3 1 2
github.com/PointerByte/GoForge/config/client/grpc/IClient.go:208.2,208.9 1 3
github.com/PointerByte/GoForge/config/client/grpc/IClient.go:209.24,210.16 1 1
github.com/PointerByte/GoForge/config/client/grpc/IClient.go:211.21,212.16 1 0
github.com/PointerByte/GoForge/config/client/grpc/IClient.go:213.29,214.16 1 0
github.com/PointerByte/GoForge/config/client/grpc/IClient.go:216.2,216.12 1 3
github.com/PointerByte/GoForge/config/client/grpc/IClient.go:219.48,221.19 2 1
github.com/PointerByte/GoForge/config/client/grpc/IClient.go:221.19,223.3 1 0
github.com/PointerByte/GoForge/config/client/grpc/IClient.go:224.2,224.12 1 1
github.com/PointerByte/GoForge/config/client/grpc/IClient.go:227.48,228.19 1 1
github.com/PointerByte/GoForge/config/client/grpc/IClient.go:228.19,231.3 2 1
github.com/PointerByte/GoForge/config/client/grpc/IClient.go:234.121,244.2 4 4
github.com/PointerByte/GoForge/config/client/grpc/IClient.go:246.129,247.20 1 5
github.com/PointerByte/GoForge/config/client/grpc/IClient.go:247.20,249.3 1 0
github.com/PointerByte/GoForge/config/client/grpc/IClient.go:251.2,256.53 5 5
github.com/PointerByte/GoForge/config/client/grpc/IClient.go:256.53,259.3 2 4
github.com/PointerByte/GoForge/config/client/grpc/IClient.go:261.2,261.19 1 5
github.com/PointerByte/GoForge/config/client/grpc/IClient.go:261.19,264.27 3 1
github.com/PointerByte/GoForge/config/client/grpc/IClient.go:264.27,267.4 2 0
github.com/PointerByte/GoForge/config/client/grpc/IClient.go:268.3,268.13 1 1
github.com/PointerByte/GoForge/config/client/grpc/IClient.go:271.2,273.26 3 4
github.com/PointerByte/GoForge/config/client/grpc/IClient.go:273.26,276.3 2 4
github.com/PointerByte/GoForge/config/client/grpc/IClient.go:277.2,277.12 1 4
github.com/PointerByte/GoForge/config/client/grpc/IClient.go:280.50,286.2 1 6
github.com/PointerByte/GoForge/config/client/grpc/IClient.go:288.85,290.16 2 6
github.com/PointerByte/GoForge/config/client/grpc/IClient.go:290.16,292.3 1 0
github.com/PointerByte/GoForge/config/client/grpc/IClient.go:293.2,293.19 1 6
github.com/PointerByte/GoForge/config/client/grpc/IClient.go:293.19,295.3 1 2
github.com/PointerByte/GoForge/config/client/grpc/IClient.go:296.2,296.24 1 4
github.com/PointerByte/GoForge/config/client/grpc/IClient.go:296.24,298.3 1 1
github.com/PointerByte/GoForge/config/client/grpc/IClient.go:299.2,299.17 1 3
github.com/PointerByte/GoForge/config/client/grpc/IClient.go:302.46,303.28 1 11
github.com/PointerByte/GoForge/config/client/grpc/IClient.go:303.28,305.3 1 1
github.com/PointerByte/GoForge/config/client/grpc/IClient.go:307.2,309.33 3 10
github.com/PointerByte/GoForge/config/client/grpc/IClient.go:309.33,311.3 1 5
github.com/PointerByte/GoForge/config/client/grpc/IClient.go:313.2,319.90 2 5
github.com/PointerByte/GoForge/config/client/grpc/IClient.go:319.90,321.17 2 5
github.com/PointerByte/GoForge/config/client/grpc/IClient.go:321.17,323.4 1 0
github.com/PointerByte/GoForge/config/client/grpc/IClient.go:324.3,325.38 2 5
github.com/PointerByte/GoForge/config/client/grpc/IClient.go:325.38,327.4 1 0
github.com/PointerByte/GoForge/config/client/grpc/IClient.go:328.3,328.24 1 5
github.com/PointerByte/GoForge/config/client/grpc/IClient.go:331.2,331.17 1 5
github.com/PointerByte/GoForge/config/client/grpc/IClient.go:331.17,334.38 3 2
github.com/PointerByte/GoForge/config/client/grpc/IClient.go:334.38,336.4 1 1
github.com/PointerByte/GoForge/config/client/grpc/IClient.go:337.3,338.17 2 1
github.com/PointerByte/GoForge/config/client/grpc/IClient.go:338.17,340.4 1 0
github.com/PointerByte/GoForge/config/client/grpc/IClient.go:341.3,341.55 1 1
github.com/PointerByte/GoForge/config/client/grpc/IClient.go:344.2,344.20 1 4
github.com/PointerByte/GoForge/config/client/grpc/IClient.go:347.41,348.49 1 7
github.com/PointerByte/GoForge/config/client/grpc/IClient.go:349.16,350.26 1 1
github.com/PointerByte/GoForge/config/client/grpc/IClient.go:351.16,352.26 1 0
github.com/PointerByte/GoForge/config/client/grpc/IClient.go:353.16,354.26 1 3
github.com/PointerByte/GoForge/config/client/grpc/IClient.go:355.10,356.26 1 3
github.com/PointerByte/GoForge/config/client/grpc/IClient.go:360.64,361.145 1 7
github.com/PointerByte/GoForge/config/client/grpc/IClient.go:361.145,368.3 5 2
github.com/PointerByte/GoForge/config/client/grpc/IClient.go:371.66,372.170 1 7
github.com/PointerByte/GoForge/config/client/grpc/IClient.go:372.170,377.20 4 2
github.com/PointerByte/GoForge/config/client/grpc/IClient.go:377.20,381.4 3 0
github.com/PointerByte/GoForge/config/client/grpc/IClient.go:383.3,391.9 1 2
github.com/PointerByte/GoForge/config/client/grpc/IClient.go:395.38,396.20 1 4
github.com/PointerByte/GoForge/config/client/grpc/IClient.go:397.9,398.13 1 1
github.com/PointerByte/GoForge/config/client/grpc/IClient.go:399.9,400.18 1 3
github.com/PointerByte/GoForge/config/client/grpc/IClient.go:401.10,402.15 1 0
github.com/PointerByte/GoForge/config/client/grpc/IClient.go:406.55,408.30 2 5
github.com/PointerByte/GoForge/config/client/grpc/IClient.go:408.30,412.3 3 5
github.com/PointerByte/GoForge/config/client/grpc/IClient.go:413.2,413.16 1 5
github.com/PointerByte/GoForge/config/client/grpc/IClient.go:416.60,419.21 3 11
github.com/PointerByte/GoForge/config/client/grpc/IClient.go:419.21,421.3 1 0
github.com/PointerByte/GoForge/config/client/grpc/IClient.go:422.2,422.21 1 11
github.com/PointerByte/GoForge/config/client/grpc/IClient.go:422.21,424.3 1 0
github.com/PointerByte/GoForge/config/client/grpc/IClient.go:425.2,425.27 1 11
github.com/PointerByte/GoForge/config/client/grpc/IClient.go:428.47,431.2 2 6
github.com/PointerByte/GoForge/config/client/grpc/IClient.go:433.31,434.16 1 14
github.com/PointerByte/GoForge/config/client/grpc/IClient.go:434.16,436.3 1 12
github.com/PointerByte/GoForge/config/client/grpc/IClient.go:437.2,438.22 2 2
github.com/PointerByte/GoForge/config/client/grpc/IClient.go:439.98,440.24 1 2
github.com/PointerByte/GoForge/config/client/grpc/IClient.go:441.10,442.14 1 0
github.com/PointerByte/GoForge/config/client/grpc/IClient.go:446.34,448.2 1 6
github.com/PointerByte/GoForge/config/utilities/mode.go:16.20,20.2 3 0
github.com/PointerByte/GoForge/config/utilities/utitlities.go:43.39,44.22 1 6
github.com/PointerByte/GoForge/config/utilities/utitlities.go:44.22,46.17 2 0
github.com/PointerByte/GoForge/config/utilities/utitlities.go:46.17,48.4 1 0
github.com/PointerByte/GoForge/config/utilities/utitlities.go:49.3,49.19 1 0
github.com/PointerByte/GoForge/config/utilities/utitlities.go:52.2,57.39 5 6
github.com/PointerByte/GoForge/config/utilities/utitlities.go:57.39,59.3 1 1
github.com/PointerByte/GoForge/config/utilities/utitlities.go:61.2,68.12 4 5
github.com/PointerByte/GoForge/config/utilities/utitlities.go:71.37,72.53 1 5
github.com/PointerByte/GoForge/config/utilities/utitlities.go:72.53,77.3 4 2
github.com/PointerByte/GoForge/config/utilities/utitlities.go:80.49,82.60 2 5
github.com/PointerByte/GoForge/config/utilities/utitlities.go:82.60,84.20 2 2
github.com/PointerByte/GoForge/config/utilities/utitlities.go:84.20,85.12 1 0
github.com/PointerByte/GoForge/config/utilities/utitlities.go:87.3,87.31 1 2
github.com/PointerByte/GoForge/config/utilities/utitlities.go:87.31,89.4 1 2
github.com/PointerByte/GoForge/config/utilities/utitlities.go:90.3,90.39 1 2
github.com/PointerByte/GoForge/config/utilities/utitlities.go:92.2,92.17 1 5
github.com/PointerByte/GoForge/config/utilities/utitlities.go:95.49,96.41 1 6
github.com/PointerByte/GoForge/config/utilities/utitlities.go:96.41,98.3 1 0
github.com/PointerByte/GoForge/config/utilities/utitlities.go:100.2,100.38 1 6
github.com/PointerByte/GoForge/config/utilities/utitlities.go:100.38,102.3 1 3
github.com/PointerByte/GoForge/config/utilities/utitlities.go:104.2,104.70 1 3
github.com/PointerByte/GoForge/config/utilities/utitlities.go:104.70,106.3 1 2
github.com/PointerByte/GoForge/config/utilities/utitlities.go:108.2,108.52 1 1
github.com/PointerByte/GoForge/config/utilities/utitlities.go:111.55,113.16 2 3
github.com/PointerByte/GoForge/config/utilities/utitlities.go:113.16,115.3 1 0
github.com/PointerByte/GoForge/config/utilities/utitlities.go:117.2,117.6 1 3
github.com/PointerByte/GoForge/config/utilities/utitlities.go:117.6,119.38 2 8
github.com/PointerByte/GoForge/config/utilities/utitlities.go:119.38,121.4 1 2
github.com/PointerByte/GoForge/config/utilities/utitlities.go:123.3,124.20 2 6
github.com/PointerByte/GoForge/config/utilities/utitlities.go:124.20,126.4 1 1
github.com/PointerByte/GoForge/config/utilities/utitlities.go:127.3,127.15 1 5
github.com/PointerByte/GoForge/config/utilities/utitlities.go:131.44,132.49 1 14
github.com/PointerByte/GoForge/config/utilities/utitlities.go:132.49,133.72 1 40
github.com/PointerByte/GoForge/config/utilities/utitlities.go:133.72,135.4 1 5
github.com/PointerByte/GoForge/config/utilities/utitlities.go:137.2,137.14 1 9
github.com/PointerByte/GoForge/config/utilities/utitlities.go:140.53,141.49 1 6
github.com/PointerByte/GoForge/config/utilities/utitlities.go:141.49,143.48 2 16
github.com/PointerByte/GoForge/config/utilities/utitlities.go:143.48,145.4 1 5
github.com/PointerByte/GoForge/config/utilities/utitlities.go:147.2,147.55 1 1
github.com/PointerByte/GoForge/config/utilities/utitlities.go:150.24,152.2 1 7
github.com/PointerByte/GoForge/config/utilities/utitlities.go:154.49,155.30 1 50
github.com/PointerByte/GoForge/config/utilities/utitlities.go:156.22,157.34 1 26
github.com/PointerByte/GoForge/config/utilities/utitlities.go:157.34,159.4 1 40
github.com/PointerByte/GoForge/config/utilities/utitlities.go:160.19,161.37 1 2
github.com/PointerByte/GoForge/config/utilities/utitlities.go:161.37,163.11 2 3
github.com/PointerByte/GoForge/config/utilities/utitlities.go:163.11,164.13 1 1
github.com/PointerByte/GoForge/config/utilities/utitlities.go:166.4,166.48 1 2
github.com/PointerByte/GoForge/config/utilities/utitlities.go:168.10,169.21 1 22
github.com/PointerByte/GoForge/config/utilities/utitlities.go:169.21,171.4 1 0
github.com/PointerByte/GoForge/config/utilities/utitlities.go:172.3,174.10 3 22
github.com/PointerByte/GoForge/config/utilities/utitlities.go:174.10,176.4 1 6
github.com/PointerByte/GoForge/config/utilities/utitlities.go:177.3,177.69 1 16
github.com/PointerByte/GoForge/config/utilities/utitlities.go:181.44,183.28 2 23
github.com/PointerByte/GoForge/config/utilities/utitlities.go:183.28,185.17 2 50
github.com/PointerByte/GoForge/config/utilities/utitlities.go:185.17,186.12 1 1
github.com/PointerByte/GoForge/config/utilities/utitlities.go:188.3,188.47 1 49
github.com/PointerByte/GoForge/config/utilities/utitlities.go:190.2,190.33 1 23
github.com/PointerByte/GoForge/config/utilities/utitlities.go:193.50,195.37 2 28
github.com/PointerByte/GoForge/config/utilities/utitlities.go:196.12,197.56 1 7
github.com/PointerByte/GoForge/config/utilities/utitlities.go:197.56,199.4 1 6
github.com/PointerByte/GoForge/config/utilities/utitlities.go:200.11,201.51 1 2
github.com/PointerByte/GoForge/config/utilities/utitlities.go:201.51,203.4 1 2
github.com/PointerByte/GoForge/config/utilities/utitlities.go:204.33,205.63 1 1
github.com/PointerByte/GoForge/config/utilities/utitlities.go:205.63,207.4 1 1
github.com/PointerByte/GoForge/config/utilities/utitlities.go:208.43,209.64 1 1
github.com/PointerByte/GoForge/config/utilities/utitlities.go:209.64,211.4 1 1
github.com/PointerByte/GoForge/config/utilities/utitlities.go:212.24,213.61 1 1
github.com/PointerByte/GoForge/config/utilities/utitlities.go:213.61,215.4 1 1
github.com/PointerByte/GoForge/config/utilities/utitlities.go:216.16,217.31 1 4
github.com/PointerByte/GoForge/config/utilities/utitlities.go:218.13,219.40 1 4
github.com/PointerByte/GoForge/config/utilities/utitlities.go:221.2,221.12 1 9
github.com/PointerByte/GoForge/config/utilities/utitlities.go:224.44,225.33 1 5
github.com/PointerByte/GoForge/config/utilities/utitlities.go:225.33,227.61 2 2
github.com/PointerByte/GoForge/config/utilities/utitlities.go:227.61,229.4 1 2
github.com/PointerByte/GoForge/config/utilities/utitlities.go:231.2,231.33 1 3
github.com/PointerByte/GoForge/config/utilities/utitlities.go:234.54,235.33 1 4
github.com/PointerByte/GoForge/config/utilities/utitlities.go:235.33,236.32 1 2
github.com/PointerByte/GoForge/config/utilities/utitlities.go:236.32,238.62 2 1
github.com/PointerByte/GoForge/config/utilities/utitlities.go:238.62,240.5 1 1
github.com/PointerByte/GoForge/config/utilities/utitlities.go:243.3,244.61 2 1
github.com/PointerByte/GoForge/config/utilities/utitlities.go:244.61,246.4 1 1
github.com/PointerByte/GoForge/config/utilities/utitlities.go:249.2,250.31 2 2
github.com/PointerByte/GoForge/config/utilities/utitlities.go:250.31,252.3 1 1
github.com/PointerByte/GoForge/config/utilities/utitlities.go:254.2,255.31 2 1
github.com/PointerByte/GoForge/config/utilities/utitlities.go:255.31,257.3 1 2
github.com/PointerByte/GoForge/config/utilities/utitlities.go:258.2,258.14 1 1
github.com/PointerByte/GoForge/config/utilities/utitlities.go:261.41,262.22 1 6
github.com/PointerByte/GoForge/config/utilities/utitlities.go:262.22,264.3 1 1
github.com/PointerByte/GoForge/config/utilities/utitlities.go:266.2,266.31 1 5
github.com/PointerByte/GoForge/config/utilities/utitlities.go:266.31,267.35 1 6
github.com/PointerByte/GoForge/config/utilities/utitlities.go:267.35,269.4 1 3
github.com/PointerByte/GoForge/config/utilities/utitlities.go:271.2,271.13 1 2
github.com/PointerByte/GoForge/config/utilities/utitlities.go:274.47,275.15 1 7
github.com/PointerByte/GoForge/config/utilities/utitlities.go:275.15,277.3 1 1
github.com/PointerByte/GoForge/config/utilities/utitlities.go:278.2,280.29 3 6
github.com/PointerByte/GoForge/config/utilities/utitlities.go:280.29,282.20 2 14
github.com/PointerByte/GoForge/config/utilities/utitlities.go:282.20,284.4 1 11
github.com/PointerByte/GoForge/config/utilities/utitlities.go:286.2,286.15 1 6
github.com/PointerByte/GoForge/tools/workers/workers.go:17.13,19.2 1 1
github.com/PointerByte/GoForge/tools/workers/workers.go:21.27,23.2 1 7
github.com/PointerByte/GoForge/tools/workers/workers.go:27.33,28.16 1 2
github.com/PointerByte/GoForge/tools/workers/workers.go:28.16,30.3 1 1
github.com/PointerByte/GoForge/tools/workers/workers.go:31.2,31.39 1 2
github.com/PointerByte/GoForge/tools/workers/workers.go:35.20,39.23 3 7
github.com/PointerByte/GoForge/tools/workers/workers.go:39.23,42.3 2 6
github.com/PointerByte/GoForge/tools/workers/workers.go:43.2,43.26 1 7
github.com/PointerByte/GoForge/tools/workers/workers.go:47.23,50.2 2 1
github.com/PointerByte/GoForge/tools/workers/workers.go:54.19,55.46 1 7
github.com/PointerByte/GoForge/tools/workers/workers.go:55.46,57.3 1 1
github.com/PointerByte/GoForge/tools/workers/workers.go:59.2,66.32 6 6
github.com/PointerByte/GoForge/tools/workers/workers.go:66.32,67.16 1 6
github.com/PointerByte/GoForge/tools/workers/workers.go:67.16,69.26 2 6
github.com/PointerByte/GoForge/tools/workers/workers.go:69.26,72.5 2 0
github.com/PointerByte/GoForge/tools/workers/workers.go:73.4,73.20 1 6
github.com/PointerByte/GoForge/tools/workers/workers.go:76.3,76.7 1 6
github.com/PointerByte/GoForge/tools/workers/workers.go:76.7,77.11 1 13
github.com/PointerByte/GoForge/tools/workers/workers.go:78.16,79.11 1 6
github.com/PointerByte/GoForge/tools/workers/workers.go:80.24,81.14 1 7
github.com/PointerByte/GoForge/cmd/example/main.go:74.39,74.61 1 0
github.com/PointerByte/GoForge/cmd/example/main.go:75.54,75.85 1 0
github.com/PointerByte/GoForge/cmd/example/main.go:76.50,76.82 1 0
github.com/PointerByte/GoForge/cmd/example/main.go:79.47,79.89 1 0
github.com/PointerByte/GoForge/cmd/example/main.go:82.13,83.35 1 5
github.com/PointerByte/GoForge/cmd/example/main.go:84.22,85.43 1 2
github.com/PointerByte/GoForge/cmd/example/main.go:85.43,87.4 1 1
github.com/PointerByte/GoForge/cmd/example/main.go:88.23,89.44 1 2
github.com/PointerByte/GoForge/cmd/example/main.go:89.44,91.4 1 1
github.com/PointerByte/GoForge/cmd/example/main.go:92.10,93.136 1 1
github.com/PointerByte/GoForge/cmd/example/main.go:97.28,99.16 2 3
github.com/PointerByte/GoForge/cmd/example/main.go:99.16,101.3 1 1
github.com/PointerByte/GoForge/cmd/example/main.go:103.2,104.16 2 2
github.com/PointerByte/GoForge/cmd/example/main.go:104.16,106.3 1 1
github.com/PointerByte/GoForge/cmd/example/main.go:108.2,108.41 1 1
github.com/PointerByte/GoForge/cmd/example/main.go:108.41,116.3 3 1
github.com/PointerByte/GoForge/cmd/example/main.go:118.2,119.12 2 1
github.com/PointerByte/GoForge/cmd/example/main.go:122.29,125.55 2 2
github.com/PointerByte/GoForge/cmd/example/main.go:125.55,127.3 1 1
github.com/PointerByte/GoForge/cmd/example/main.go:127.17,129.3 1 1
github.com/PointerByte/GoForge/cmd/example/main.go:130.2,130.20 1 1
github.com/PointerByte/GoForge/cmd/example/main.go:133.105,138.2 2 1
github.com/PointerByte/GoForge/cmd/example/main.go:140.113,146.6 2 3
github.com/PointerByte/GoForge/cmd/example/main.go:146.6,148.10 2 5
github.com/PointerByte/GoForge/cmd/example/main.go:149.31,154.6 1 2
github.com/PointerByte/GoForge/cmd/example/main.go:155.19,156.14 1 1
github.com/PointerByte/GoForge/cmd/example/main.go:157.11,159.34 2 2
github.com/PointerByte/GoForge/cmd/example/main.go:164.115,165.6 1 3
github.com/PointerByte/GoForge/cmd/example/main.go:165.6,167.10 2 4
github.com/PointerByte/GoForge/cmd/example/main.go:168.31,169.14 1 1
github.com/PointerByte/GoForge/cmd/example/main.go:170.19,171.14 1 1
github.com/PointerByte/GoForge/cmd/example/main.go:172.11,179.19 1 2
github.com/PointerByte/GoForge/cmd/example/main.go:179.19,181.5 1 1
github.com/PointerByte/GoForge/tools/aws/ecs/tools.go:45.50,47.3 1 0
github.com/PointerByte/GoForge/tools/aws/ecs/tools.go:48.95,50.3 1 0
github.com/PointerByte/GoForge/tools/aws/ecs/tools.go:51.86,53.3 1 0
github.com/PointerByte/GoForge/tools/aws/ecs/tools.go:69.36,73.2 1 1
github.com/PointerByte/GoForge/tools/aws/ecs/tools.go:130.112,131.20 1 4
github.com/PointerByte/GoForge/tools/aws/ecs/tools.go:131.20,133.3 1 1
github.com/PointerByte/GoForge/tools/aws/ecs/tools.go:135.2,136.16 2 3
github.com/PointerByte/GoForge/tools/aws/ecs/tools.go:136.16,138.3 1 1
github.com/PointerByte/GoForge/tools/aws/ecs/tools.go:139.2,139.12 1 2
github.com/PointerByte/GoForge/tools/aws/ecs/tools.go:139.12,141.3 1 1
github.com/PointerByte/GoForge/tools/aws/ecs/tools.go:143.2,143.29 1 1
github.com/PointerByte/GoForge/tools/aws/ecs/tools.go:143.29,144.16 1 2
github.com/PointerByte/GoForge/tools/aws/ecs/tools.go:144.16,145.12 1 0
github.com/PointerByte/GoForge/tools/aws/ecs/tools.go:147.3,147.33 1 2
github.com/PointerByte/GoForge/tools/aws/ecs/tools.go:149.2,149.8 1 1
github.com/PointerByte/GoForge/tools/aws/ecs/tools.go:161.131,173.14 5 7
github.com/PointerByte/GoForge/tools/aws/ecs/tools.go:173.14,175.3 1 2
github.com/PointerByte/GoForge/tools/aws/ecs/tools.go:176.2,176.9 1 5
github.com/PointerByte/GoForge/tools/aws/ecs/tools.go:176.9,178.3 1 1
github.com/PointerByte/GoForge/tools/aws/ecs/tools.go:180.2,181.16 2 4
github.com/PointerByte/GoForge/tools/aws/ecs/tools.go:181.16,184.3 2 1
github.com/PointerByte/GoForge/tools/aws/ecs/tools.go:185.2,192.16 3 3
github.com/PointerByte/GoForge/tools/aws/ecs/tools.go:192.16,194.3 1 1
github.com/PointerByte/GoForge/tools/aws/ecs/tools.go:195.2,195.30 1 2
github.com/PointerByte/GoForge/tools/aws/ecs/tools.go:195.30,197.3 1 0
github.com/PointerByte/GoForge/tools/aws/ecs/tools.go:199.2,200.41 2 2
github.com/PointerByte/GoForge/tools/aws/ecs/tools.go:200.41,201.28 1 5
github.com/PointerByte/GoForge/tools/aws/ecs/tools.go:201.28,202.12 1 2
github.com/PointerByte/GoForge/tools/aws/ecs/tools.go:204.3,204.39 1 3
github.com/PointerByte/GoForge/tools/aws/ecs/tools.go:207.2,211.16 2 2
github.com/PointerByte/GoForge/tools/aws/ecs/tools.go:211.16,213.3 1 1
github.com/PointerByte/GoForge/tools/aws/ecs/tools.go:215.2,216.34 2 1
github.com/PointerByte/GoForge/tools/aws/ecs/tools.go:216.34,218.15 2 2
github.com/PointerByte/GoForge/tools/aws/ecs/tools.go:218.15,219.12 1 0
github.com/PointerByte/GoForge/tools/aws/ecs/tools.go:221.3,225.5 1 2
github.com/PointerByte/GoForge/tools/aws/ecs/tools.go:228.2,228.23 1 1
github.com/PointerByte/GoForge/tools/aws/ecs/tools.go:240.83,242.38 2 5
github.com/PointerByte/GoForge/tools/aws/ecs/tools.go:242.38,244.3 1 1
github.com/PointerByte/GoForge/tools/aws/ecs/tools.go:246.2,247.16 2 4
github.com/PointerByte/GoForge/tools/aws/ecs/tools.go:247.16,249.3 1 1
github.com/PointerByte/GoForge/tools/aws/ecs/tools.go:250.2,253.30 3 3
github.com/PointerByte/GoForge/tools/aws/ecs/tools.go:253.30,255.17 2 3
github.com/PointerByte/GoForge/tools/aws/ecs/tools.go:255.17,257.4 1 1
github.com/PointerByte/GoForge/tools/aws/ecs/tools.go:258.3,258.42 1 2
github.com/PointerByte/GoForge/tools/aws/ecs/tools.go:258.42,266.37 3 2
github.com/PointerByte/GoForge/tools/aws/ecs/tools.go:266.37,267.24 1 2
github.com/PointerByte/GoForge/tools/aws/ecs/tools.go:267.24,269.6 1 0
github.com/PointerByte/GoForge/tools/aws/ecs/tools.go:271.5,276.20 3 2
github.com/PointerByte/GoForge/tools/aws/ecs/tools.go:276.20,278.6 1 1
github.com/PointerByte/GoForge/tools/aws/ecs/tools.go:280.5,280.37 1 1
github.com/PointerByte/GoForge/tools/aws/ecs/tools.go:280.37,282.34 2 1
github.com/PointerByte/GoForge/tools/aws/ecs/tools.go:282.34,288.7 1 1
github.com/PointerByte/GoForge/tools/aws/ecs/tools.go:291.5,291.29 1 0
github.com/PointerByte/GoForge/tools/aws/ecs/tools.go:294.4,294.33 1 2
github.com/PointerByte/GoForge/tools/aws/ecs/tools.go:294.33,296.20 2 2
github.com/PointerByte/GoForge/tools/aws/ecs/tools.go:296.20,297.11 1 0
github.com/PointerByte/GoForge/tools/aws/ecs/tools.go:299.5,299.43 1 2
github.com/PointerByte/GoForge/tools/aws/ecs/tools.go:299.43,301.27 2 2
github.com/PointerByte/GoForge/tools/aws/ecs/tools.go:301.27,302.32 1 0
github.com/PointerByte/GoForge/tools/aws/ecs/tools.go:302.32,304.8 1 0
github.com/PointerByte/GoForge/tools/aws/ecs/tools.go:309.4,309.29 1 2
github.com/PointerByte/GoForge/tools/aws/ecs/tools.go:309.29,311.5 1 1
github.com/PointerByte/GoForge/tools/aws/ecs/tools.go:315.2,315.31 1 1
github.com/PointerByte/GoForge/tools/aws/ecs/tools.go:320.49,323.16 3 1
github.com/PointerByte/GoForge/tools/aws/ecs/tools.go:323.16,325.3 1 0
github.com/PointerByte/GoForge/tools/aws/ecs/tools.go:327.2,327.29 1 1
github.com/PointerByte/GoForge/tools/aws/ecs/tools.go:327.29,329.30 2 2
github.com/PointerByte/GoForge/tools/aws/ecs/tools.go:329.30,331.32 2 4
github.com/PointerByte/GoForge/tools/aws/ecs/tools.go:332.20,333.18 1 4
github.com/PointerByte/GoForge/tools/aws/ecs/tools.go:334.21,335.18 1 0
github.com/PointerByte/GoForge/tools/aws/ecs/tools.go:337.4,337.55 1 4
github.com/PointerByte/GoForge/tools/aws/ecs/tools.go:337.55,338.13 1 3
github.com/PointerByte/GoForge/tools/aws/ecs/tools.go:340.4,340.27 1 1
github.com/PointerByte/GoForge/tools/aws/ecs/tools.go:344.2,344.17 1 1
github.com/PointerByte/GoForge/tools/aws/ecs/tools.go:349.52,350.46 1 6
github.com/PointerByte/GoForge/tools/aws/ecs/tools.go:350.46,351.78 1 1
github.com/PointerByte/GoForge/tools/aws/ecs/tools.go:351.78,352.46 1 1
github.com/PointerByte/GoForge/tools/aws/ecs/tools.go:352.46,353.90 1 1
github.com/PointerByte/GoForge/tools/aws/ecs/tools.go:353.90,355.6 1 1
github.com/PointerByte/GoForge/tools/aws/ecs/tools.go:360.2,360.44 1 5
github.com/PointerByte/GoForge/tools/aws/ecs/tools.go:360.44,361.64 1 4
github.com/PointerByte/GoForge/tools/aws/ecs/tools.go:361.64,362.50 1 4
github.com/PointerByte/GoForge/tools/aws/ecs/tools.go:362.50,364.5 1 4
github.com/PointerByte/GoForge/tools/aws/ecs/tools.go:367.2,367.11 1 1
github.com/PointerByte/GoForge/tools/aws/ecs/tools.go:372.17,376.16 4 2
github.com/PointerByte/GoForge/tools/aws/ecs/tools.go:376.16,379.3 2 1
github.com/PointerByte/GoForge/tools/aws/ecs/tools.go:380.2,380.28 1 1
github.com/PointerByte/GoForge/config/server/gin/config.go:35.13,38.2 2 1
github.com/PointerByte/GoForge/config/server/gin/config.go:40.29,46.2 5 4
github.com/PointerByte/GoForge/config/server/gin/config.go:49.53,51.2 1 0
github.com/PointerByte/GoForge/config/server/gin/config.go:52.56,54.2 1 0
github.com/PointerByte/GoForge/config/server/gin/config.go:55.74,57.2 1 0
github.com/PointerByte/GoForge/config/server/gin/config.go:65.34,67.2 1 0
github.com/PointerByte/GoForge/config/server/gin/config.go:78.42,82.44 3 8
github.com/PointerByte/GoForge/config/server/gin/config.go:82.44,84.3 1 2
github.com/PointerByte/GoForge/config/server/gin/config.go:85.2,88.16 3 6
github.com/PointerByte/GoForge/config/server/gin/config.go:88.16,90.3 1 1
github.com/PointerByte/GoForge/config/server/gin/config.go:91.2,94.16 3 5
github.com/PointerByte/GoForge/config/server/gin/config.go:94.16,96.3 1 1
github.com/PointerByte/GoForge/config/server/gin/config.go:97.2,98.12 2 4
github.com/PointerByte/GoForge/config/server/gin/config.go:101.32,103.20 2 5
github.com/PointerByte/GoForge/config/server/gin/config.go:103.20,104.31 1 1
github.com/PointerByte/GoForge/config/server/gin/config.go:104.31,106.4 1 1
github.com/PointerByte/GoForge/config/server/gin/config.go:108.2,110.30 3 4
github.com/PointerByte/GoForge/config/server/gin/config.go:110.30,111.27 1 4
github.com/PointerByte/GoForge/config/server/gin/config.go:111.27,116.4 2 1
github.com/PointerByte/GoForge/config/server/gin/config.go:117.3,117.11 1 3
github.com/PointerByte/GoForge/config/server/gin/config.go:136.30,138.2 1 4
github.com/PointerByte/GoForge/config/server/gin/config.go:148.40,150.2 1 2
github.com/PointerByte/GoForge/config/server/gin/config.go:154.29,155.49 1 9
github.com/PointerByte/GoForge/config/server/gin/config.go:155.49,157.3 1 4
github.com/PointerByte/GoForge/config/server/gin/config.go:159.2,165.55 3 5
github.com/PointerByte/GoForge/config/server/gin/config.go:166.16,167.32 1 1
github.com/PointerByte/GoForge/config/server/gin/config.go:168.16,169.32 1 1
github.com/PointerByte/GoForge/config/server/gin/config.go:170.16,171.32 1 1
github.com/PointerByte/GoForge/config/server/gin/config.go:172.16,173.32 1 1
github.com/PointerByte/GoForge/config/server/gin/config.go:175.2,178.3 1 5
github.com/PointerByte/GoForge/config/server/gin/config.go:181.31,184.33 3 6
github.com/PointerByte/GoForge/config/server/gin/config.go:184.33,186.3 1 4
github.com/PointerByte/GoForge/config/server/gin/config.go:188.2,188.37 1 2
github.com/PointerByte/GoForge/config/server/gin/config.go:188.37,189.32 1 0
github.com/PointerByte/GoForge/config/server/gin/config.go:189.32,191.4 1 0
github.com/PointerByte/GoForge/config/server/gin/config.go:192.3,192.13 1 0
github.com/PointerByte/GoForge/config/server/gin/config.go:195.2,197.37 3 2
github.com/PointerByte/GoForge/config/server/gin/config.go:197.37,199.3 1 1
github.com/PointerByte/GoForge/config/server/gin/config.go:201.2,202.16 2 1
github.com/PointerByte/GoForge/config/server/gin/config.go:202.16,204.3 1 0
github.com/PointerByte/GoForge/config/server/gin/config.go:206.2,210.12 2 1
github.com/PointerByte/GoForge/config/server/gin/config.go:213.32,214.46 1 5
github.com/PointerByte/GoForge/config/server/gin/config.go:214.46,216.3 1 3
github.com/PointerByte/GoForge/config/server/gin/config.go:217.2,217.22 1 2
github.com/PointerByte/GoForge/config/server/gin/config.go:217.22,219.3 1 0
github.com/PointerByte/GoForge/config/server/gin/config.go:221.2,222.24 2 2
github.com/PointerByte/GoForge/config/server/gin/config.go:222.24,224.3 1 1
github.com/PointerByte/GoForge/config/server/gin/config.go:226.2,227.16 2 1
github.com/PointerByte/GoForge/config/server/gin/config.go:227.16,229.3 1 0
github.com/PointerByte/GoForge/config/server/gin/config.go:231.2,232.37 2 1
github.com/PointerByte/GoForge/config/server/gin/config.go:232.37,234.3 1 0
github.com/PointerByte/GoForge/config/server/gin/config.go:235.2,237.12 3 1
github.com/PointerByte/GoForge/config/server/gin/config.go:240.41,241.49 1 3
github.com/PointerByte/GoForge/config/server/gin/config.go:242.16,243.26 1 1
github.com/PointerByte/GoForge/config/server/gin/config.go:244.16,245.26 1 0
github.com/PointerByte/GoForge/config/server/gin/config.go:246.16,247.26 1 1
github.com/PointerByte/GoForge/config/server/gin/config.go:248.10,249.26 1 1
github.com/PointerByte/GoForge/config/server/gin/config.go:253.53,254.49 1 2
github.com/PointerByte/GoForge/config/server/gin/config.go:255.50,256.31 1 1
github.com/PointerByte/GoForge/config/server/gin/config.go:257.57,258.34 1 0
github.com/PointerByte/GoForge/config/server/gin/config.go:259.64,260.37 1 1
github.com/PointerByte/GoForge/config/server/gin/config.go:261.40,262.26 1 0
github.com/PointerByte/GoForge/config/server/gin/config.go:263.10,264.40 1 0
github.com/PointerByte/GoForge/config/server/gin/config.go:273.40,276.16 2 4
github.com/PointerByte/GoForge/config/server/gin/config.go:276.16,278.3 1 0
github.com/PointerByte/GoForge/config/server/gin/config.go:280.2,280.40 1 4
github.com/PointerByte/GoForge/config/server/gin/config.go:280.40,282.3 1 1
github.com/PointerByte/GoForge/config/server/gin/config.go:285.2,306.27 10 3
github.com/PointerByte/GoForge/config/server/gin/config.go:306.27,310.3 3 3
github.com/PointerByte/GoForge/config/server/gin/config.go:311.2,313.43 3 3
github.com/PointerByte/GoForge/config/server/gin/config.go:313.43,315.3 1 0
github.com/PointerByte/GoForge/config/server/gin/config.go:316.2,316.44 1 3
github.com/PointerByte/GoForge/config/server/gin/config.go:316.44,318.3 1 0
github.com/PointerByte/GoForge/config/server/gin/config.go:319.2,323.8 1 3
github.com/PointerByte/GoForge/config/server/gin/config.go:333.30,338.20 3 3
github.com/PointerByte/GoForge/config/server/gin/config.go:338.20,339.27 1 3
github.com/PointerByte/GoForge/config/server/gin/config.go:339.27,340.92 1 1
github.com/PointerByte/GoForge/config/server/gin/config.go:340.92,341.15 1 0
github.com/PointerByte/GoForge/config/server/gin/config.go:343.4,343.10 1 1
github.com/PointerByte/GoForge/config/server/gin/config.go:345.3,345.88 1 2
github.com/PointerByte/GoForge/config/server/gin/config.go:345.88,346.14 1 1
github.com/PointerByte/GoForge/config/server/gin/config.go:351.2,355.17 4 2
github.com/PointerByte/GoForge/config/server/gin/config.go:358.35,368.33 6 3
github.com/PointerByte/GoForge/config/server/gin/config.go:368.33,370.3 1 0
github.com/PointerByte/GoForge/config/server/gin/config.go:372.2,372.51 1 3
github.com/PointerByte/GoForge/config/server/gin/config.go:372.51,375.3 2 1
github.com/PointerByte/GoForge/config/server/gin/config.go:376.2,376.47 1 2
github.com/PointerByte/GoForge/config/server/gin/config.go:379.30,385.2 4 0
github.com/PointerByte/GoForge/config/server/gin/config.go:391.13,394.2 2 1
github.com/PointerByte/GoForge/config/server/gin/handlers.go:22.34,23.32 1 5
github.com/PointerByte/GoForge/config/server/gin/handlers.go:23.32,28.3 1 4
github.com/PointerByte/GoForge/config/server/gin/handlers.go:32.33,33.32 1 4
github.com/PointerByte/GoForge/config/server/gin/handlers.go:33.32,37.3 1 1
github.com/PointerByte/GoForge/config/server/gin/handlers.go:40.33,41.32 1 4
github.com/PointerByte/GoForge/config/server/gin/handlers.go:41.32,45.3 1 1
github.com/PointerByte/GoForge/config/server/gin/handlers.go:54.60,56.2 1 3
github.com/PointerByte/GoForge/config/server/gin/handlers.go:62.39,64.2 1 2
github.com/PointerByte/GoForge/config/server/gin/handlers.go:78.32,79.30 1 7
github.com/PointerByte/GoForge/config/server/gin/handlers.go:79.30,84.21 4 4
github.com/PointerByte/GoForge/config/server/gin/handlers.go:84.21,91.4 3 1
github.com/PointerByte/GoForge/config/server/gin/handlers.go:93.3,94.39 2 3
github.com/PointerByte/GoForge/config/server/gin/handlers.go:94.39,95.31 1 1
github.com/PointerByte/GoForge/config/server/gin/handlers.go:95.31,102.5 3 1
github.com/PointerByte/GoForge/config/server/gin/handlers.go:104.3,105.67 2 2
github.com/PointerByte/GoForge/config/server/gin/handlers.go:105.67,112.4 3 1
github.com/PointerByte/GoForge/config/server/gin/handlers.go:113.3,117.5 2 1
github.com/PointerByte/GoForge/config/server/gin/handlers.go:123.83,126.2 2 1
github.com/PointerByte/GoForge/config/server/gin/handlers.go:134.91,139.26 4 4
github.com/PointerByte/GoForge/config/server/gin/handlers.go:139.26,141.24 2 5
github.com/PointerByte/GoForge/config/server/gin/handlers.go:141.24,147.42 3 5
github.com/PointerByte/GoForge/config/server/gin/handlers.go:147.42,148.28 1 4
github.com/PointerByte/GoForge/config/server/gin/handlers.go:148.28,150.6 1 4
github.com/PointerByte/GoForge/config/server/gin/handlers.go:152.4,160.6 3 5
github.com/PointerByte/GoForge/config/server/gin/handlers.go:163.2,166.27 3 4
github.com/PointerByte/GoForge/config/server/gin/handlers.go:166.27,167.17 1 4
github.com/PointerByte/GoForge/config/server/gin/handlers.go:167.17,168.12 1 2
github.com/PointerByte/GoForge/config/server/gin/handlers.go:170.3,170.13 1 2
github.com/PointerByte/GoForge/config/server/gin/handlers.go:172.2,172.12 1 2
github.com/PointerByte/GoForge/config/server/gin/routes.go:12.50,14.2 1 4
github.com/PointerByte/GoForge/config/server/gin/routes.go:19.60,21.2 1 3
github.com/PointerByte/GoForge/tools/k8s/pods/tools.go:32.75,34.3 1 0
github.com/PointerByte/GoForge/tools/k8s/pods/tools.go:38.28,40.3 1 0
github.com/PointerByte/GoForge/tools/k8s/pods/tools.go:59.36,63.2 1 1
github.com/PointerByte/GoForge/tools/k8s/pods/tools.go:121.117,122.20 1 8
github.com/PointerByte/GoForge/tools/k8s/pods/tools.go:122.20,124.3 1 1
github.com/PointerByte/GoForge/tools/k8s/pods/tools.go:125.2,135.16 5 7
github.com/PointerByte/GoForge/tools/k8s/pods/tools.go:135.16,136.43 1 2
github.com/PointerByte/GoForge/tools/k8s/pods/tools.go:136.43,138.4 1 1
github.com/PointerByte/GoForge/tools/k8s/pods/tools.go:139.3,140.72 2 1
github.com/PointerByte/GoForge/tools/k8s/pods/tools.go:143.2,144.16 2 5
github.com/PointerByte/GoForge/tools/k8s/pods/tools.go:144.16,147.3 2 1
github.com/PointerByte/GoForge/tools/k8s/pods/tools.go:149.2,155.16 3 4
github.com/PointerByte/GoForge/tools/k8s/pods/tools.go:155.16,158.3 2 1
github.com/PointerByte/GoForge/tools/k8s/pods/tools.go:160.2,160.33 1 3
github.com/PointerByte/GoForge/tools/k8s/pods/tools.go:160.33,163.3 2 1
github.com/PointerByte/GoForge/tools/k8s/pods/tools.go:165.2,171.16 2 2
github.com/PointerByte/GoForge/tools/k8s/pods/tools.go:171.16,174.3 2 1
github.com/PointerByte/GoForge/tools/k8s/pods/tools.go:176.2,177.33 2 1
github.com/PointerByte/GoForge/tools/k8s/pods/tools.go:177.33,178.30 1 4
github.com/PointerByte/GoForge/tools/k8s/pods/tools.go:178.30,180.4 1 1
github.com/PointerByte/GoForge/tools/k8s/pods/tools.go:182.2,182.19 1 1
github.com/PointerByte/GoForge/tools/k8s/pods/tools.go:187.60,189.35 2 3
github.com/PointerByte/GoForge/tools/k8s/pods/tools.go:189.35,191.3 1 5
github.com/PointerByte/GoForge/tools/k8s/pods/tools.go:192.2,192.33 1 3
github.com/PointerByte/GoForge/tools/k8s/pods/tools.go:197.42,198.65 1 6
github.com/PointerByte/GoForge/tools/k8s/pods/tools.go:198.65,200.3 1 3
github.com/PointerByte/GoForge/tools/k8s/pods/tools.go:201.2,201.45 1 3
github.com/PointerByte/GoForge/tools/k8s/pods/tools.go:201.45,202.66 1 3
github.com/PointerByte/GoForge/tools/k8s/pods/tools.go:202.66,204.4 1 2
github.com/PointerByte/GoForge/tools/k8s/pods/tools.go:206.2,206.14 1 1
github.com/PointerByte/GoForge/tools/k8s/pods/tools.go:211.17,216.16 5 2
github.com/PointerByte/GoForge/tools/k8s/pods/tools.go:216.16,219.3 2 1
github.com/PointerByte/GoForge/tools/k8s/pods/tools.go:220.2,221.81 2 1
github.com/PointerByte/GoForge/tools/jobs/jobs.go:31.13,33.2 1 1
github.com/PointerByte/GoForge/tools/jobs/jobs.go:121.22,125.2 3 12
github.com/PointerByte/GoForge/tools/jobs/jobs.go:142.95,143.58 1 10
github.com/PointerByte/GoForge/tools/jobs/jobs.go:143.58,145.3 1 2
github.com/PointerByte/GoForge/tools/jobs/jobs.go:147.2,148.73 2 8
github.com/PointerByte/GoForge/tools/jobs/jobs.go:148.73,150.3 1 0
github.com/PointerByte/GoForge/tools/jobs/jobs.go:151.2,151.16 1 8
github.com/PointerByte/GoForge/tools/jobs/jobs.go:154.102,155.42 1 6
github.com/PointerByte/GoForge/tools/jobs/jobs.go:155.42,157.3 1 1
github.com/PointerByte/GoForge/tools/jobs/jobs.go:158.2,158.58 1 5
github.com/PointerByte/GoForge/tools/jobs/jobs.go:158.58,160.3 1 0
github.com/PointerByte/GoForge/tools/jobs/jobs.go:161.2,161.57 1 5
github.com/PointerByte/GoForge/tools/jobs/jobs.go:164.112,167.16 3 13
github.com/PointerByte/GoForge/tools/jobs/jobs.go:167.16,170.3 2 2
github.com/PointerByte/GoForge/tools/jobs/jobs.go:171.2,174.22 3 11
github.com/PointerByte/GoForge/tools/jobs/jobs.go:174.22,175.58 1 1
github.com/PointerByte/GoForge/tools/jobs/jobs.go:175.58,179.4 3 1
github.com/PointerByte/GoForge/tools/jobs/jobs.go:182.2,183.12 2 10
github.com/PointerByte/GoForge/tools/jobs/jobs.go:194.85,196.2 1 0
github.com/PointerByte/GoForge/tools/jobs/jobs.go:201.92,203.2 1 1
github.com/PointerByte/GoForge/tools/jobs/jobs.go:213.96,214.53 1 2
github.com/PointerByte/GoForge/tools/jobs/jobs.go:214.53,216.3 1 0
github.com/PointerByte/GoForge/tools/jobs/jobs.go:218.2,219.69 2 2
github.com/PointerByte/GoForge/tools/jobs/jobs.go:219.69,221.3 1 0
github.com/PointerByte/GoForge/tools/jobs/jobs.go:222.2,222.16 1 2
github.com/PointerByte/GoForge/tools/jobs/jobs.go:225.103,226.42 1 2
github.com/PointerByte/GoForge/tools/jobs/jobs.go:226.42,228.3 1 0
github.com/PointerByte/GoForge/tools/jobs/jobs.go:229.2,229.53 1 2
github.com/PointerByte/GoForge/tools/jobs/jobs.go:229.53,231.3 1 2
github.com/PointerByte/GoForge/tools/jobs/jobs.go:232.2,232.53 1 0
github.com/PointerByte/GoForge/tools/jobs/jobs.go:235.105,238.16 3 2
github.com/PointerByte/GoForge/tools/jobs/jobs.go:238.16,241.3 2 0
github.com/PointerByte/GoForge/tools/jobs/jobs.go:242.2,245.22 3 2
github.com/PointerByte/GoForge/tools/jobs/jobs.go:245.22,246.58 1 2
github.com/PointerByte/GoForge/tools/jobs/jobs.go:246.58,250.4 3 2
github.com/PointerByte/GoForge/tools/jobs/jobs.go:253.2,254.12 2 0
github.com/PointerByte/GoForge/tools/jobs/jobs.go:264.86,266.2 1 0
github.com/PointerByte/GoForge/tools/jobs/jobs.go:271.93,273.2 1 0
github.com/PointerByte/GoForge/tools/jobs/jobs.go:277.13,280.2 2 1
github.com/PointerByte/GoForge/tools/jobs/jobs.go:291.18,292.26 1 1
github.com/PointerByte/GoForge/tools/jobs/jobs.go:292.26,294.3 1 0
github.com/PointerByte/GoForge/tools/jobs/jobs.go:295.2,296.12 2 1
github.com/PointerByte/GoForge/tools/jobs/jobs.go:296.12,297.7 1 1
github.com/PointerByte/GoForge/tools/jobs/jobs.go:297.7,298.11 1 7
github.com/PointerByte/GoForge/tools/jobs/jobs.go:299.23,301.27 2 1
github.com/PointerByte/GoForge/tools/jobs/jobs.go:302.12,303.27 1 6
github.com/PointerByte/GoForge/tools/jobs/jobs.go:303.27,306.6 2 0
github.com/PointerByte/GoForge/tools/jobs/jobs.go:307.5,307.28 1 6
github.com/PointerByte/GoForge/tools/jobs/jobs.go:317.20,319.2 1 1
github.com/PointerByte/GoForge/tools/jobs/jobs.go:330.28,331.38 1 12
github.com/PointerByte/GoForge/tools/jobs/jobs.go:331.38,333.3 1 1
github.com/PointerByte/GoForge/tools/jobs/jobs.go:334.2,334.44 1 11
github.com/PointerByte/GoForge/tools/jobs/jobs.go:334.44,336.3 1 1
github.com/PointerByte/GoForge/tools/jobs/jobs.go:337.2,345.31 7 10
github.com/PointerByte/GoForge/tools/jobs/jobs.go:345.31,347.3 1 8
github.com/PointerByte/GoForge/tools/jobs/jobs.go:348.2,348.27 1 10
github.com/PointerByte/GoForge/tools/jobs/jobs.go:348.27,350.3 1 0
github.com/PointerByte/GoForge/tools/jobs/jobs.go:351.2,351.27 1 10
github.com/PointerByte/GoForge/tools/jobs/jobs.go:354.23,355.44 1 159
github.com/PointerByte/GoForge/tools/jobs/jobs.go:355.44,357.3 1 149
github.com/PointerByte/GoForge/tools/jobs/jobs.go:358.2,358.57 1 10
github.com/PointerByte/GoForge/tools/jobs/jobs.go:358.57,360.3 1 10
github.com/PointerByte/GoForge/tools/jobs/jobs.go:361.2,361.13 1 10
github.com/PointerByte/GoForge/tools/jobs/jobs.go:366.31,371.37 4 144
github.com/PointerByte/GoForge/tools/jobs/jobs.go:371.37,373.3 1 11
github.com/PointerByte/GoForge/tools/jobs/jobs.go:374.2,376.43 3 144
github.com/PointerByte/GoForge/tools/jobs/jobs.go:385.26,388.2 2 2
github.com/PointerByte/GoForge/tools/jobs/jobs.go:402.34,405.26 3 25
github.com/PointerByte/GoForge/tools/jobs/jobs.go:405.26,407.3 1 157
github.com/PointerByte/GoForge/tools/jobs/jobs.go:408.2,410.25 2 25
github.com/PointerByte/GoForge/tools/jobs/jobs.go:410.25,411.16 1 157
github.com/PointerByte/GoForge/tools/jobs/jobs.go:411.16,413.4 1 142
github.com/PointerByte/GoForge/tools/jobs/jobs.go:413.9,415.4 1 15
github.com/PointerByte/GoForge/tools/jobs/jobs.go:417.2,417.28 1 25
github.com/PointerByte/GoForge/tools/jobs/jobs.go:425.29,427.2 1 6
github.com/PointerByte/GoForge/tools/jobs/jobs.go:431.32,432.51 1 2
github.com/PointerByte/GoForge/tools/jobs/jobs.go:432.51,434.3 1 10
github.com/PointerByte/GoForge/tools/jobs/jobs.go:439.33,440.51 1 1
github.com/PointerByte/GoForge/tools/jobs/jobs.go:440.51,442.3 1 5
github.com/PointerByte/GoForge/tools/jobs/jobs.go:447.31,448.51 1 1
github.com/PointerByte/GoForge/tools/jobs/jobs.go:448.51,450.3 1 5
github.com/PointerByte/GoForge/tools/jobs/jobs.go:485.24,489.2 3 12
github.com/PointerByte/GoForge/tools/jobs/jobs.go:491.26,495.2 3 2
github.com/PointerByte/GoForge/tools/jobs/jobs.go:497.25,499.2 1 10
github.com/PointerByte/GoForge/tools/jobs/jobs.go:501.65,502.23 1 15
github.com/PointerByte/GoForge/tools/jobs/jobs.go:502.23,504.3 1 0
github.com/PointerByte/GoForge/tools/jobs/jobs.go:505.2,505.41 1 15
github.com/PointerByte/GoForge/tools/jobs/jobs.go:505.41,507.3 1 2
github.com/PointerByte/GoForge/tools/jobs/jobs.go:509.2,511.21 3 13
github.com/PointerByte/GoForge/tools/jobs/jobs.go:514.42,515.42 1 12
github.com/PointerByte/GoForge/tools/jobs/jobs.go:515.42,517.3 1 0
github.com/PointerByte/GoForge/tools/jobs/jobs.go:518.2,519.20 2 12
github.com/PointerByte/GoForge/tools/jobs/jobs.go:519.20,521.3 1 9
github.com/PointerByte/GoForge/tools/jobs/jobs.go:522.2,522.28 1 3
github.com/PointerByte/GoForge/tools/jobs/jobs.go:522.28,524.3 1 0
github.com/PointerByte/GoForge/tools/jobs/jobs.go:525.2,526.12 2 3
github.com/PointerByte/GoForge/tools/jobs/jobs.go:529.43,530.42 1 7
github.com/PointerByte/GoForge/tools/jobs/jobs.go:530.42,532.3 1 0
github.com/PointerByte/GoForge/tools/jobs/jobs.go:533.2,534.20 2 7
github.com/PointerByte/GoForge/tools/jobs/jobs.go:534.20,536.3 1 5
github.com/PointerByte/GoForge/tools/jobs/jobs.go:537.2,537.28 1 2
github.com/PointerByte/GoForge/tools/jobs/jobs.go:537.28,539.3 1 0
github.com/PointerByte/GoForge/tools/jobs/jobs.go:540.2,541.12 2 2
github.com/PointerByte/GoForge/tools/jobs/jobs.go:544.41,545.42 1 6
github.com/PointerByte/GoForge/tools/jobs/jobs.go:545.42,547.3 1 0
github.com/PointerByte/GoForge/tools/jobs/jobs.go:549.2,552.20 4 6
github.com/PointerByte/GoForge/tools/jobs/jobs.go:552.20,554.3 1 4
github.com/PointerByte/GoForge/tools/jobs/jobs.go:556.2,560.12 5 2
github.com/PointerByte/GoForge/tools/jobs/jobs.go:563.47,567.2 3 19
github.com/PointerByte/GoForge/tools/jobs/jobs.go:569.36,571.2 1 37
github.com/PointerByte/GoForge/tools/jobs/jobs.go:573.29,574.14 1 13
github.com/PointerByte/GoForge/tools/jobs/jobs.go:574.14,576.3 1 0
github.com/PointerByte/GoForge/tools/jobs/jobs.go:577.2,578.19 2 13
github.com/PointerByte/GoForge/tools/jobs/jobs.go:578.19,580.3 1 13
github.com/PointerByte/GoForge/tools/jobs/jobs.go:583.70,585.29 2 2
github.com/PointerByte/GoForge/tools/jobs/jobs.go:585.29,586.20 1 2
github.com/PointerByte/GoForge/tools/jobs/jobs.go:586.20,588.4 1 0
github.com/PointerByte/GoForge/tools/jobs/jobs.go:590.2,590.17 1 2
github.com/PointerByte/GoForge/tools/jobs/jobs.go:593.58,595.29 2 2
github.com/PointerByte/GoForge/tools/jobs/jobs.go:595.29,596.20 1 0
github.com/PointerByte/GoForge/tools/jobs/jobs.go:596.20,598.4 1 0
github.com/PointerByte/GoForge/tools/jobs/jobs.go:600.2,600.17 1 2
github.com/PointerByte/GoForge/tools/jobs/jobs.go:603.56,606.26 3 4
github.com/PointerByte/GoForge/tools/jobs/jobs.go:606.26,608.3 1 20
github.com/PointerByte/GoForge/tools/jobs/jobs.go:609.2,613.25 4 4
github.com/PointerByte/GoForge/tools/jobs/jobs.go:613.25,615.17 2 20
github.com/PointerByte/GoForge/tools/jobs/jobs.go:615.17,617.12 2 3
github.com/PointerByte/GoForge/tools/jobs/jobs.go:619.3,619.77 1 17
github.com/PointerByte/GoForge/tools/jobs/jobs.go:619.77,621.4 1 0
github.com/PointerByte/GoForge/tools/jobs/jobs.go:623.2,623.13 1 4
github.com/PointerByte/GoForge/tools/jobs/jobs.go:623.13,625.3 1 3
github.com/PointerByte/GoForge/tools/jobs/jobs.go:626.2,626.17 1 1
github.com/PointerByte/GoForge/tools/jobs/jobs.go:629.37,630.14 1 33
github.com/PointerByte/GoForge/tools/jobs/jobs.go:630.14,632.3 1 1
github.com/PointerByte/GoForge/tools/jobs/jobs.go:633.2,633.12 1 32
github.com/PointerByte/GoForge/tools/jobs/jobs.go:636.67,637.15 1 15
github.com/PointerByte/GoForge/tools/jobs/jobs.go:637.15,639.3 1 1
github.com/PointerByte/GoForge/tools/jobs/jobs.go:640.2,640.19 1 14
github.com/PointerByte/GoForge/tools/jobs/jobs.go:640.19,642.3 1 1
github.com/PointerByte/GoForge/tools/jobs/jobs.go:643.2,643.12 1 13
github.com/PointerByte/GoForge/tools/jobs/jobs.go:646.60,647.15 1 4
github.com/PointerByte/GoForge/tools/jobs/jobs.go:647.15,649.3 1 0
github.com/PointerByte/GoForge/tools/jobs/jobs.go:650.2,650.28 1 4
github.com/PointerByte/GoForge/tools/jobs/jobs.go:650.28,652.3 1 1
github.com/PointerByte/GoForge/tools/jobs/jobs.go:653.2,653.48 1 3
github.com/PointerByte/GoForge/tools/jobs/jobs.go:653.48,655.3 1 1
github.com/PointerByte/GoForge/tools/jobs/jobs.go:656.2,656.12 1 2
github.com/PointerByte/GoForge/tools/jobs/jobs.go:659.71,660.17 1 9
github.com/PointerByte/GoForge/tools/jobs/jobs.go:660.17,665.43 4 9
github.com/PointerByte/GoForge/tools/jobs/jobs.go:665.43,669.4 3 1
github.com/PointerByte/GoForge/tools/jobs/jobs.go:672.3,672.26 1 9
github.com/PointerByte/GoForge/tools/jobs/jobs.go:672.26,674.4 1 9
github.com/PointerByte/GoForge/tools/jobs/jobs.go:676.3,676.7 1 9
github.com/PointerByte/GoForge/tools/jobs/jobs.go:676.7,677.11 1 33
github.com/PointerByte/GoForge/tools/jobs/jobs.go:678.20,679.28 1 24
github.com/PointerByte/GoForge/tools/jobs/jobs.go:679.28,681.6 1 17
github.com/PointerByte/GoForge/tools/jobs/jobs.go:682.21,684.11 1 1
github.com/PointerByte/GoForge/tools/jobs/jobs.go:685.29,686.11 1 2
github.com/PointerByte/GoForge/tools/jobs/jobs.go:687.18,688.11 1 6
github.com/PointerByte/GoForge/tools/jobs/jobs.go:694.63,695.17 1 2
github.com/PointerByte/GoForge/tools/jobs/jobs.go:695.17,697.23 1 2
github.com/PointerByte/GoForge/tools/jobs/jobs.go:697.23,698.8 1 1
github.com/PointerByte/GoForge/tools/jobs/jobs.go:698.8,700.12 2 2
github.com/PointerByte/GoForge/tools/jobs/jobs.go:700.12,702.6 1 0
github.com/PointerByte/GoForge/tools/jobs/jobs.go:703.5,705.12 2 2
github.com/PointerByte/GoForge/tools/jobs/jobs.go:706.20,707.29 1 1
github.com/PointerByte/GoForge/tools/jobs/jobs.go:707.29,709.7 1 1
github.com/PointerByte/GoForge/tools/jobs/jobs.go:710.30,711.23 1 0
github.com/PointerByte/GoForge/tools/jobs/jobs.go:711.24,713.7 0 0
github.com/PointerByte/GoForge/tools/jobs/jobs.go:714.6,714.12 1 0
github.com/PointerByte/GoForge/tools/jobs/jobs.go:715.19,716.23 1 1
github.com/PointerByte/GoForge/tools/jobs/jobs.go:716.24,718.7 0 0
github.com/PointerByte/GoForge/tools/jobs/jobs.go:719.6,719.12 1 1
github.com/PointerByte/GoForge/tools/jobs/jobs.go:726.3,727.10 2 1
github.com/PointerByte/GoForge/tools/jobs/jobs.go:727.10,729.4 1 0
github.com/PointerByte/GoForge/tools/jobs/jobs.go:730.3,732.10 2 1
github.com/PointerByte/GoForge/tools/jobs/jobs.go:733.18,734.27 1 1
github.com/PointerByte/GoForge/tools/jobs/jobs.go:734.27,736.5 1 1
github.com/PointerByte/GoForge/tools/jobs/jobs.go:737.28,738.21 1 0
github.com/PointerByte/GoForge/tools/jobs/jobs.go:738.22,740.5 0 0
github.com/PointerByte/GoForge/tools/jobs/jobs.go:741.4,741.10 1 0
github.com/PointerByte/GoForge/tools/jobs/jobs.go:742.17,743.21 1 0
github.com/PointerByte/GoForge/tools/jobs/jobs.go:743.22,745.5 0 0
github.com/PointerByte/GoForge/tools/jobs/jobs.go:746.4,746.10 1 0
github.com/PointerByte/GoForge/tools/jobs/jobs.go:749.3,752.7 3 1
github.com/PointerByte/GoForge/tools/jobs/jobs.go:752.7,753.11 1 3
github.com/PointerByte/GoForge/tools/jobs/jobs.go:754.20,755.28 1 2
github.com/PointerByte/GoForge/tools/jobs/jobs.go:755.28,757.6 1 2
github.com/PointerByte/GoForge/tools/jobs/jobs.go:758.29,759.11 1 0
github.com/PointerByte/GoForge/tools/jobs/jobs.go:760.18,761.22 1 1
github.com/PointerByte/GoForge/tools/jobs/jobs.go:761.23,763.6 0 1
github.com/PointerByte/GoForge/tools/jobs/jobs.go:764.5,764.11 1 1
github.com/PointerByte/GoForge/tools/jobs/jobs.go:770.70,772.9 2 5
github.com/PointerByte/GoForge/tools/jobs/jobs.go:772.9,774.3 1 1
github.com/PointerByte/GoForge/tools/jobs/jobs.go:775.2,775.28 1 4
github.com/PointerByte/GoForge/tools/jobs/jobs.go:778.64,779.24 1 8
github.com/PointerByte/GoForge/tools/jobs/jobs.go:779.24,781.3 1 0
github.com/PointerByte/GoForge/tools/jobs/jobs.go:783.2,786.21 4 8
github.com/PointerByte/GoForge/tools/jobs/jobs.go:786.21,789.3 2 3
github.com/PointerByte/GoForge/tools/jobs/jobs.go:791.2,791.49 1 8
github.com/PointerByte/GoForge/tools/jobs/jobs.go:791.49,794.23 3 8
github.com/PointerByte/GoForge/tools/jobs/jobs.go:794.23,797.4 2 1
github.com/PointerByte/GoForge/tools/jobs/jobs.go:799.3,799.55 1 8
github.com/PointerByte/GoForge/tools/jobs/jobs.go:799.55,802.22 3 55
github.com/PointerByte/GoForge/tools/jobs/jobs.go:802.22,803.31 1 1
github.com/PointerByte/GoForge/tools/jobs/jobs.go:803.31,804.14 1 0
github.com/PointerByte/GoForge/tools/jobs/jobs.go:806.5,807.22 2 1
github.com/PointerByte/GoForge/tools/jobs/jobs.go:810.4,810.46 1 55
github.com/PointerByte/GoForge/tools/jobs/jobs.go:810.46,813.24 2 1557
github.com/PointerByte/GoForge/tools/jobs/jobs.go:813.24,815.6 1 6
github.com/PointerByte/GoForge/tools/jobs/jobs.go:819.2,819.27 1 2
github.com/PointerByte/GoForge/tools/jobs/jobs.go:822.41,823.61 1 12
github.com/PointerByte/GoForge/tools/jobs/jobs.go:823.61,825.3 1 1
github.com/PointerByte/GoForge/tools/jobs/jobs.go:826.2,826.55 1 11
github.com/PointerByte/GoForge/tools/jobs/jobs.go:826.55,828.3 1 0
github.com/PointerByte/GoForge/tools/jobs/jobs.go:829.2,829.63 1 11
github.com/PointerByte/GoForge/tools/jobs/jobs.go:832.50,834.2 1 55
