mode: atomic
github.com/PointerByte/GoForge/security/auth/cookies/cookies.go:47.47,49.33 2 10
github.com/PointerByte/GoForge/security/auth/cookies/cookies.go:49.33,50.20 1 15
github.com/PointerByte/GoForge/security/auth/cookies/cookies.go:50.20,51.12 1 0
github.com/PointerByte/GoForge/security/auth/cookies/cookies.go:53.3,53.41 1 15
github.com/PointerByte/GoForge/security/auth/cookies/cookies.go:53.41,55.4 1 2
github.com/PointerByte/GoForge/security/auth/cookies/cookies.go:57.2,57.31 1 8
github.com/PointerByte/GoForge/security/auth/cookies/cookies.go:57.31,59.3 1 2
github.com/PointerByte/GoForge/security/auth/cookies/cookies.go:60.2,60.49 1 6
github.com/PointerByte/GoForge/security/auth/cookies/cookies.go:60.49,62.3 1 1
github.com/PointerByte/GoForge/security/auth/cookies/cookies.go:63.2,63.21 1 5
github.com/PointerByte/GoForge/security/auth/cookies/cookies.go:68.71,70.16 2 3
github.com/PointerByte/GoForge/security/auth/cookies/cookies.go:70.16,72.3 1 1
github.com/PointerByte/GoForge/security/auth/cookies/cookies.go:74.2,75.22 2 2
github.com/PointerByte/GoForge/security/auth/cookies/cookies.go:75.22,77.3 1 2
github.com/PointerByte/GoForge/security/auth/cookies/cookies.go:78.2,78.22 1 2
github.com/PointerByte/GoForge/security/auth/cookies/cookies.go:78.22,80.3 1 1
github.com/PointerByte/GoForge/security/auth/cookies/cookies.go:82.2,85.3 1 2
github.com/PointerByte/GoForge/security/auth/cookies/cookies.go:89.57,90.37 1 8
github.com/PointerByte/GoForge/security/auth/cookies/cookies.go:90.37,91.21 1 8
github.com/PointerByte/GoForge/security/auth/cookies/cookies.go:91.21,93.4 1 1
github.com/PointerByte/GoForge/security/auth/cookies/cookies.go:94.3,95.13 2 7
github.com/PointerByte/GoForge/security/auth/cookies/cookies.go:100.47,101.37 1 7
github.com/PointerByte/GoForge/security/auth/cookies/cookies.go:101.37,103.23 2 7
github.com/PointerByte/GoForge/security/auth/cookies/cookies.go:103.23,105.4 1 1
github.com/PointerByte/GoForge/security/auth/cookies/cookies.go:106.3,107.13 2 6
github.com/PointerByte/GoForge/security/auth/cookies/cookies.go:112.45,113.20 1 2
github.com/PointerByte/GoForge/security/auth/cookies/cookies.go:113.20,115.3 1 0
github.com/PointerByte/GoForge/security/auth/cookies/cookies.go:116.2,116.27 1 2
github.com/PointerByte/GoForge/security/auth/cookies/cookies.go:121.81,122.49 1 7
github.com/PointerByte/GoForge/security/auth/cookies/cookies.go:122.49,124.3 1 0
github.com/PointerByte/GoForge/security/auth/cookies/cookies.go:125.2,125.20 1 7
github.com/PointerByte/GoForge/security/auth/cookies/cookies.go:125.20,127.3 1 1
github.com/PointerByte/GoForge/security/auth/cookies/cookies.go:129.2,130.16 2 6
github.com/PointerByte/GoForge/security/auth/cookies/cookies.go:130.16,131.39 1 1
github.com/PointerByte/GoForge/security/auth/cookies/cookies.go:131.39,133.4 1 1
github.com/PointerByte/GoForge/security/auth/cookies/cookies.go:134.3,134.17 1 0
github.com/PointerByte/GoForge/security/auth/cookies/cookies.go:137.2,138.17 2 5
github.com/PointerByte/GoForge/security/auth/cookies/cookies.go:138.17,140.3 1 1
github.com/PointerByte/GoForge/security/auth/cookies/cookies.go:141.2,141.19 1 4
github.com/PointerByte/GoForge/security/auth/cookies/cookies.go:146.70,148.16 2 1
github.com/PointerByte/GoForge/security/auth/cookies/cookies.go:148.16,150.3 1 0
github.com/PointerByte/GoForge/security/auth/cookies/cookies.go:151.2,151.52 1 1
github.com/PointerByte/GoForge/security/auth/cookies/cookies.go:156.76,158.2 1 1
github.com/PointerByte/GoForge/security/auth/cookies/cookies.go:162.108,165.2 2 2
github.com/PointerByte/GoForge/security/auth/cookies/cookies.go:169.156,171.16 2 3
github.com/PointerByte/GoForge/security/auth/cookies/cookies.go:171.16,173.3 1 0
github.com/PointerByte/GoForge/security/auth/cookies/cookies.go:174.2,174.74 1 3
github.com/PointerByte/GoForge/security/auth/cookies/cookies.go:177.60,178.17 1 2
github.com/PointerByte/GoForge/security/auth/cookies/cookies.go:178.17,180.3 1 1
github.com/PointerByte/GoForge/security/auth/cookies/cookies.go:181.2,181.17 1 1
github.com/PointerByte/GoForge/security/middlewares/cookies.go:30.74,31.63 1 4
github.com/PointerByte/GoForge/security/middlewares/cookies.go:31.63,32.33 1 0
github.com/PointerByte/GoForge/security/middlewares/cookies.go:32.33,34.4 1 0
github.com/PointerByte/GoForge/security/middlewares/cookies.go:37.2,41.56 1 4
github.com/PointerByte/GoForge/security/middlewares/cookies.go:41.56,45.4 1 1
github.com/PointerByte/GoForge/security/middlewares/cookies.go:48.2,48.33 1 4
github.com/PointerByte/GoForge/security/middlewares/cookies.go:48.33,49.20 1 7
github.com/PointerByte/GoForge/security/middlewares/cookies.go:49.20,50.12 1 0
github.com/PointerByte/GoForge/security/middlewares/cookies.go:52.3,52.18 1 7
github.com/PointerByte/GoForge/security/middlewares/cookies.go:55.2,55.29 1 4
github.com/PointerByte/GoForge/security/middlewares/cookies.go:55.29,57.3 1 0
github.com/PointerByte/GoForge/security/middlewares/cookies.go:59.2,60.16 2 4
github.com/PointerByte/GoForge/security/middlewares/cookies.go:60.16,61.31 1 1
github.com/PointerByte/GoForge/security/middlewares/cookies.go:61.31,63.4 1 1
github.com/PointerByte/GoForge/security/middlewares/cookies.go:66.2,66.30 1 3
github.com/PointerByte/GoForge/security/middlewares/cookies.go:66.30,71.34 4 3
github.com/PointerByte/GoForge/security/middlewares/cookies.go:71.34,74.4 2 1
github.com/PointerByte/GoForge/security/middlewares/cookies.go:76.3,77.17 2 3
github.com/PointerByte/GoForge/security/middlewares/cookies.go:77.17,80.4 2 1
github.com/PointerByte/GoForge/security/middlewares/cookies.go:82.3,84.11 3 2
github.com/PointerByte/GoForge/security/middlewares/cookies.go:90.94,91.46 1 5
github.com/PointerByte/GoForge/security/middlewares/cookies.go:91.46,93.3 1 5
github.com/PointerByte/GoForge/security/middlewares/cookies.go:98.84,99.46 1 0
github.com/PointerByte/GoForge/security/middlewares/cookies.go:99.46,101.3 1 0
github.com/PointerByte/GoForge/security/middlewares/cookies.go:106.79,107.46 1 2
github.com/PointerByte/GoForge/security/middlewares/cookies.go:107.46,109.3 1 2
github.com/PointerByte/GoForge/security/middlewares/cookies.go:114.103,115.46 1 2
github.com/PointerByte/GoForge/security/middlewares/cookies.go:115.46,116.36 1 2
github.com/PointerByte/GoForge/security/middlewares/cookies.go:116.36,118.4 1 1
github.com/PointerByte/GoForge/security/middlewares/cookies.go:119.3,119.37 1 2
github.com/PointerByte/GoForge/security/middlewares/cookies.go:119.37,121.4 1 1
github.com/PointerByte/GoForge/security/middlewares/cookies.go:126.97,127.46 1 2
github.com/PointerByte/GoForge/security/middlewares/cookies.go:127.46,128.21 1 2
github.com/PointerByte/GoForge/security/middlewares/cookies.go:128.21,130.4 1 1
github.com/PointerByte/GoForge/security/middlewares/grpc_jwt.go:45.73,48.2 2 1
github.com/PointerByte/GoForge/security/middlewares/grpc_jwt.go:53.60,56.2 2 2
github.com/PointerByte/GoForge/security/middlewares/grpc_jwt.go:60.93,62.112 2 2
github.com/PointerByte/GoForge/security/middlewares/grpc_jwt.go:62.112,63.64 1 2
github.com/PointerByte/GoForge/security/middlewares/grpc_jwt.go:63.64,65.4 1 0
github.com/PointerByte/GoForge/security/middlewares/grpc_jwt.go:67.3,68.17 2 2
github.com/PointerByte/GoForge/security/middlewares/grpc_jwt.go:68.17,70.4 1 1
github.com/PointerByte/GoForge/security/middlewares/grpc_jwt.go:71.3,71.31 1 1
github.com/PointerByte/GoForge/security/middlewares/grpc_jwt.go:77.95,79.112 2 1
github.com/PointerByte/GoForge/security/middlewares/grpc_jwt.go:79.112,80.64 1 1
github.com/PointerByte/GoForge/security/middlewares/grpc_jwt.go:80.64,82.4 1 0
github.com/PointerByte/GoForge/security/middlewares/grpc_jwt.go:84.3,85.17 2 1
github.com/PointerByte/GoForge/security/middlewares/grpc_jwt.go:85.17,87.4 1 0
github.com/PointerByte/GoForge/security/middlewares/grpc_jwt.go:88.3,88.76 1 1
github.com/PointerByte/GoForge/security/middlewares/grpc_jwt.go:94.82,95.37 1 0
github.com/PointerByte/GoForge/security/middlewares/grpc_jwt.go:95.37,97.3 1 0
github.com/PointerByte/GoForge/security/middlewares/grpc_jwt.go:102.120,103.37 1 0
github.com/PointerByte/GoForge/security/middlewares/grpc_jwt.go:103.37,104.21 1 0
github.com/PointerByte/GoForge/security/middlewares/grpc_jwt.go:104.21,106.4 1 0
github.com/PointerByte/GoForge/security/middlewares/grpc_jwt.go:112.73,113.37 1 1
github.com/PointerByte/GoForge/security/middlewares/grpc_jwt.go:113.37,115.3 1 1
github.com/PointerByte/GoForge/security/middlewares/grpc_jwt.go:120.68,121.37 1 2
github.com/PointerByte/GoForge/security/middlewares/grpc_jwt.go:121.37,123.3 1 2
github.com/PointerByte/GoForge/security/middlewares/grpc_jwt.go:126.64,132.33 2 3
github.com/PointerByte/GoForge/security/middlewares/grpc_jwt.go:132.33,133.20 1 3
github.com/PointerByte/GoForge/security/middlewares/grpc_jwt.go:133.20,134.12 1 0
github.com/PointerByte/GoForge/security/middlewares/grpc_jwt.go:136.3,136.17 1 3
github.com/PointerByte/GoForge/security/middlewares/grpc_jwt.go:138.2,138.29 1 3
github.com/PointerByte/GoForge/security/middlewares/grpc_jwt.go:138.29,140.3 1 1
github.com/PointerByte/GoForge/security/middlewares/grpc_jwt.go:141.2,141.15 1 3
github.com/PointerByte/GoForge/security/middlewares/grpc_jwt.go:144.89,146.16 2 3
github.com/PointerByte/GoForge/security/middlewares/grpc_jwt.go:146.16,148.3 1 0
github.com/PointerByte/GoForge/security/middlewares/grpc_jwt.go:149.2,149.20 1 3
github.com/PointerByte/GoForge/security/middlewares/grpc_jwt.go:149.20,151.3 1 0
github.com/PointerByte/GoForge/security/middlewares/grpc_jwt.go:153.2,154.16 2 3
github.com/PointerByte/GoForge/security/middlewares/grpc_jwt.go:154.16,156.3 1 1
github.com/PointerByte/GoForge/security/middlewares/grpc_jwt.go:158.2,162.33 4 2
github.com/PointerByte/GoForge/security/middlewares/grpc_jwt.go:162.33,165.3 2 2
github.com/PointerByte/GoForge/security/middlewares/grpc_jwt.go:167.2,168.16 2 2
github.com/PointerByte/GoForge/security/middlewares/grpc_jwt.go:168.16,170.3 1 0
github.com/PointerByte/GoForge/security/middlewares/grpc_jwt.go:172.2,174.17 3 2
github.com/PointerByte/GoForge/security/middlewares/grpc_jwt.go:177.76,178.24 1 3
github.com/PointerByte/GoForge/security/middlewares/grpc_jwt.go:178.24,180.3 1 3
github.com/PointerByte/GoForge/security/middlewares/grpc_jwt.go:181.2,181.42 1 3
github.com/PointerByte/GoForge/security/middlewares/grpc_jwt.go:184.111,186.9 2 3
github.com/PointerByte/GoForge/security/middlewares/grpc_jwt.go:186.9,188.3 1 1
github.com/PointerByte/GoForge/security/middlewares/grpc_jwt.go:190.2,191.22 2 2
github.com/PointerByte/GoForge/security/middlewares/grpc_jwt.go:191.22,193.3 1 0
github.com/PointerByte/GoForge/security/middlewares/grpc_jwt.go:194.2,194.52 1 2
github.com/PointerByte/GoForge/security/middlewares/grpc_jwt.go:197.36,199.2 1 1
github.com/PointerByte/GoForge/security/middlewares/grpc_jwt.go:206.58,208.2 1 1
github.com/PointerByte/GoForge/security/middlewares/headers.go:22.40,23.30 1 1
github.com/PointerByte/GoForge/security/middlewares/headers.go:23.30,32.3 8 1
github.com/PointerByte/GoForge/security/middlewares/jwt.go:25.42,27.2 1 16
github.com/PointerByte/GoForge/security/middlewares/jwt.go:65.65,66.63 1 6
github.com/PointerByte/GoForge/security/middlewares/jwt.go:66.63,67.33 1 1
github.com/PointerByte/GoForge/security/middlewares/jwt.go:67.33,69.4 1 1
github.com/PointerByte/GoForge/security/middlewares/jwt.go:72.2,78.56 1 5
github.com/PointerByte/GoForge/security/middlewares/jwt.go:78.56,82.4 1 2
github.com/PointerByte/GoForge/security/middlewares/jwt.go:85.2,85.33 1 5
github.com/PointerByte/GoForge/security/middlewares/jwt.go:85.33,86.20 1 4
github.com/PointerByte/GoForge/security/middlewares/jwt.go:86.20,87.12 1 0
github.com/PointerByte/GoForge/security/middlewares/jwt.go:89.3,89.18 1 4
github.com/PointerByte/GoForge/security/middlewares/jwt.go:92.2,92.29 1 5
github.com/PointerByte/GoForge/security/middlewares/jwt.go:92.29,94.3 1 0
github.com/PointerByte/GoForge/security/middlewares/jwt.go:96.2,97.16 2 5
github.com/PointerByte/GoForge/security/middlewares/jwt.go:97.16,98.31 1 1
github.com/PointerByte/GoForge/security/middlewares/jwt.go:98.31,100.4 1 1
github.com/PointerByte/GoForge/security/middlewares/jwt.go:103.2,103.30 1 4
github.com/PointerByte/GoForge/security/middlewares/jwt.go:103.30,104.21 1 4
github.com/PointerByte/GoForge/security/middlewares/jwt.go:104.21,107.4 2 0
github.com/PointerByte/GoForge/security/middlewares/jwt.go:109.3,110.17 2 4
github.com/PointerByte/GoForge/security/middlewares/jwt.go:110.17,113.4 2 1
github.com/PointerByte/GoForge/security/middlewares/jwt.go:115.3,119.34 4 3
github.com/PointerByte/GoForge/security/middlewares/jwt.go:119.34,122.4 2 1
github.com/PointerByte/GoForge/security/middlewares/jwt.go:124.3,125.17 2 3
github.com/PointerByte/GoForge/security/middlewares/jwt.go:125.17,128.4 2 1
github.com/PointerByte/GoForge/security/middlewares/jwt.go:130.3,132.11 3 2
github.com/PointerByte/GoForge/security/middlewares/jwt.go:138.84,139.43 1 2
github.com/PointerByte/GoForge/security/middlewares/jwt.go:139.43,141.3 1 2
github.com/PointerByte/GoForge/security/middlewares/jwt.go:146.122,147.43 1 0
github.com/PointerByte/GoForge/security/middlewares/jwt.go:147.43,148.21 1 0
github.com/PointerByte/GoForge/security/middlewares/jwt.go:148.21,150.4 1 0
github.com/PointerByte/GoForge/security/middlewares/jwt.go:156.75,157.43 1 0
github.com/PointerByte/GoForge/security/middlewares/jwt.go:157.43,159.3 1 0
github.com/PointerByte/GoForge/security/middlewares/jwt.go:164.70,165.43 1 2
github.com/PointerByte/GoForge/security/middlewares/jwt.go:165.43,167.3 1 2
github.com/PointerByte/GoForge/security/middlewares/jwt.go:172.94,173.43 1 2
github.com/PointerByte/GoForge/security/middlewares/jwt.go:173.43,174.36 1 2
github.com/PointerByte/GoForge/security/middlewares/jwt.go:174.36,176.4 1 1
github.com/PointerByte/GoForge/security/middlewares/jwt.go:177.3,177.37 1 2
github.com/PointerByte/GoForge/security/middlewares/jwt.go:177.37,179.4 1 1
github.com/PointerByte/GoForge/security/middlewares/jwt.go:185.88,186.43 1 2
github.com/PointerByte/GoForge/security/middlewares/jwt.go:186.43,187.21 1 2
github.com/PointerByte/GoForge/security/middlewares/jwt.go:187.21,189.4 1 1
github.com/PointerByte/GoForge/security/middlewares/jwt.go:193.82,194.23 1 10
github.com/PointerByte/GoForge/security/middlewares/jwt.go:194.23,196.3 1 2
github.com/PointerByte/GoForge/security/middlewares/jwt.go:198.2,198.51 1 8
github.com/PointerByte/GoForge/security/middlewares/jwt.go:198.51,200.3 1 1
github.com/PointerByte/GoForge/security/middlewares/jwt.go:202.2,203.17 2 7
github.com/PointerByte/GoForge/security/middlewares/jwt.go:203.17,205.3 1 1
github.com/PointerByte/GoForge/security/middlewares/jwt.go:206.2,206.19 1 6
github.com/PointerByte/GoForge/security/main.go:90.47,92.3 1 0
github.com/PointerByte/GoForge/security/main.go:96.13,97.33 1 1
github.com/PointerByte/GoForge/security/main.go:97.33,99.3 1 1
github.com/PointerByte/GoForge/security/main.go:102.21,105.50 2 3
github.com/PointerByte/GoForge/security/main.go:105.50,107.3 1 0
github.com/PointerByte/GoForge/security/main.go:109.2,109.47 1 3
github.com/PointerByte/GoForge/security/main.go:109.47,111.3 1 0
github.com/PointerByte/GoForge/security/main.go:113.2,114.44 2 3
github.com/PointerByte/GoForge/security/main.go:114.44,116.3 1 2
github.com/PointerByte/GoForge/security/main.go:117.2,117.12 1 1
github.com/PointerByte/GoForge/security/main.go:120.38,121.42 1 10
github.com/PointerByte/GoForge/security/main.go:121.42,123.3 1 8
github.com/PointerByte/GoForge/security/main.go:124.2,125.12 2 2
github.com/PointerByte/GoForge/security/main.go:128.35,129.93 1 11
github.com/PointerByte/GoForge/security/main.go:129.93,131.3 1 8
github.com/PointerByte/GoForge/security/main.go:133.2,134.16 2 3
github.com/PointerByte/GoForge/security/main.go:134.16,136.3 1 0
github.com/PointerByte/GoForge/security/main.go:138.2,139.16 2 3
github.com/PointerByte/GoForge/security/main.go:139.16,141.3 1 0
github.com/PointerByte/GoForge/security/main.go:143.2,144.16 2 3
github.com/PointerByte/GoForge/security/main.go:144.16,146.3 1 0
github.com/PointerByte/GoForge/security/main.go:148.2,150.12 3 3
github.com/PointerByte/GoForge/security/main.go:153.67,155.2 1 11
github.com/PointerByte/GoForge/security/main.go:157.49,159.17 2 19
github.com/PointerByte/GoForge/security/main.go:159.17,161.3 1 2
github.com/PointerByte/GoForge/security/main.go:162.2,162.55 1 17
github.com/PointerByte/GoForge/security/main.go:162.55,165.3 2 1
github.com/PointerByte/GoForge/security/main.go:166.2,166.13 1 16
github.com/PointerByte/GoForge/security/main.go:169.23,172.2 2 19
github.com/PointerByte/GoForge/security/main.go:174.30,185.2 8 9
github.com/PointerByte/GoForge/security/main.go:187.55,197.47 5 27
github.com/PointerByte/GoForge/security/main.go:197.47,197.74 1 5
github.com/PointerByte/GoForge/security/main.go:200.2,201.52 2 27
github.com/PointerByte/GoForge/security/main.go:204.78,209.16 5 27
github.com/PointerByte/GoForge/security/main.go:209.16,210.68 1 0
github.com/PointerByte/GoForge/security/main.go:213.2,213.44 1 27
github.com/PointerByte/GoForge/security/main.go:213.44,215.3 1 9
github.com/PointerByte/GoForge/security/main.go:216.2,216.47 1 18
github.com/PointerByte/GoForge/security/main.go:216.47,218.3 1 9
github.com/PointerByte/GoForge/security/main.go:219.2,219.32 1 9
github.com/PointerByte/GoForge/security/main.go:222.73,224.44 2 54
github.com/PointerByte/GoForge/security/main.go:224.44,228.3 1 18
github.com/PointerByte/GoForge/security/main.go:229.2,229.47 1 36
github.com/PointerByte/GoForge/security/main.go:229.47,233.3 1 18
github.com/PointerByte/GoForge/security/main.go:234.2,236.3 1 18
github.com/PointerByte/GoForge/security/main.go:239.119,240.62 1 54
github.com/PointerByte/GoForge/security/main.go:240.62,242.3 1 18
github.com/PointerByte/GoForge/security/main.go:243.2,243.40 1 36
github.com/PointerByte/GoForge/security/main.go:246.93,250.29 2 18
github.com/PointerByte/GoForge/security/main.go:250.29,252.3 1 9
github.com/PointerByte/GoForge/security/main.go:253.2,253.35 1 18
github.com/PointerByte/GoForge/security/main.go:256.78,257.34 1 2
github.com/PointerByte/GoForge/security/main.go:257.34,259.3 1 0
github.com/PointerByte/GoForge/security/main.go:260.2,261.51 2 2
github.com/PointerByte/GoForge/security/main.go:261.51,263.3 1 0
github.com/PointerByte/GoForge/security/main.go:264.2,264.26 1 2
github.com/PointerByte/GoForge/security/main.go:267.88,269.16 2 1
github.com/PointerByte/GoForge/security/main.go:269.16,271.3 1 0
github.com/PointerByte/GoForge/security/main.go:272.2,272.47 1 1
github.com/PointerByte/GoForge/security/main.go:272.47,274.3 1 0
github.com/PointerByte/GoForge/security/main.go:275.2,275.12 1 1
github.com/PointerByte/GoForge/security/main.go:278.56,279.30 1 37
github.com/PointerByte/GoForge/security/main.go:279.30,281.24 2 5
github.com/PointerByte/GoForge/security/main.go:281.24,283.4 1 4
github.com/PointerByte/GoForge/security/main.go:284.3,284.34 1 5
github.com/PointerByte/GoForge/security/main.go:288.67,289.30 1 29
github.com/PointerByte/GoForge/security/main.go:289.30,291.52 2 7
github.com/PointerByte/GoForge/security/main.go:291.52,296.4 2 1
github.com/PointerByte/GoForge/security/main.go:298.3,299.17 2 6
github.com/PointerByte/GoForge/security/main.go:299.17,304.4 2 1
github.com/PointerByte/GoForge/security/main.go:305.3,307.5 1 5
github.com/PointerByte/GoForge/security/main.go:311.52,312.30 1 28
github.com/PointerByte/GoForge/security/main.go:312.30,314.10 2 4
github.com/PointerByte/GoForge/security/main.go:314.10,316.4 1 1
github.com/PointerByte/GoForge/security/main.go:317.3,321.5 1 3
github.com/PointerByte/GoForge/security/main.go:325.55,326.30 1 28
github.com/PointerByte/GoForge/security/main.go:326.30,328.10 2 2
github.com/PointerByte/GoForge/security/main.go:328.10,330.4 1 0
github.com/PointerByte/GoForge/security/main.go:332.3,332.29 1 2
github.com/PointerByte/GoForge/security/main.go:332.29,337.4 2 1
github.com/PointerByte/GoForge/security/main.go:338.3,341.5 1 1
github.com/PointerByte/GoForge/security/main.go:345.63,348.9 3 6
github.com/PointerByte/GoForge/security/main.go:348.9,353.3 2 1
github.com/PointerByte/GoForge/security/main.go:354.2,354.21 1 5
github.com/PointerByte/GoForge/security/main.go:357.79,359.62 2 7
github.com/PointerByte/GoForge/security/main.go:359.62,361.3 1 1
github.com/PointerByte/GoForge/security/main.go:364.2,364.37 1 6
github.com/PointerByte/GoForge/security/main.go:364.37,366.3 1 2
github.com/PointerByte/GoForge/security/main.go:367.2,367.12 1 4
github.com/PointerByte/GoForge/security/auth/jwt/jwt.go:63.56,64.49 1 5
github.com/PointerByte/GoForge/security/auth/jwt/jwt.go:65.40,67.49 2 4
github.com/PointerByte/GoForge/security/auth/jwt/jwt.go:68.10,69.54 1 1
github.com/PointerByte/GoForge/security/auth/jwt/jwt.go:71.2,71.12 1 4
github.com/PointerByte/GoForge/security/auth/jwt/jwt.go:272.47,274.33 2 39
github.com/PointerByte/GoForge/security/auth/jwt/jwt.go:274.33,275.20 1 44
github.com/PointerByte/GoForge/security/auth/jwt/jwt.go:275.20,276.12 1 0
github.com/PointerByte/GoForge/security/auth/jwt/jwt.go:278.3,278.41 1 44
github.com/PointerByte/GoForge/security/auth/jwt/jwt.go:278.41,280.4 1 12
github.com/PointerByte/GoForge/security/auth/jwt/jwt.go:282.2,282.29 1 27
github.com/PointerByte/GoForge/security/auth/jwt/jwt.go:282.29,284.3 1 1
github.com/PointerByte/GoForge/security/auth/jwt/jwt.go:285.2,285.21 1 26
github.com/PointerByte/GoForge/security/auth/jwt/jwt.go:294.71,296.21 2 12
github.com/PointerByte/GoForge/security/auth/jwt/jwt.go:296.21,298.3 1 9
github.com/PointerByte/GoForge/security/auth/jwt/jwt.go:299.2,299.21 1 12
github.com/PointerByte/GoForge/security/auth/jwt/jwt.go:299.21,301.3 1 3
github.com/PointerByte/GoForge/security/auth/jwt/jwt.go:302.2,302.21 1 12
github.com/PointerByte/GoForge/security/auth/jwt/jwt.go:302.21,304.3 1 2
github.com/PointerByte/GoForge/security/auth/jwt/jwt.go:306.2,306.19 1 10
github.com/PointerByte/GoForge/security/auth/jwt/jwt.go:307.15,312.5 1 1
github.com/PointerByte/GoForge/security/auth/jwt/jwt.go:313.15,320.5 1 4
github.com/PointerByte/GoForge/security/auth/jwt/jwt.go:321.15,328.5 1 1
github.com/PointerByte/GoForge/security/auth/jwt/jwt.go:329.15,336.5 1 3
github.com/PointerByte/GoForge/security/auth/jwt/jwt.go:337.10,338.65 1 1
github.com/PointerByte/GoForge/security/auth/jwt/jwt.go:342.64,346.81 3 3
github.com/PointerByte/GoForge/security/auth/jwt/jwt.go:346.81,348.3 1 1
github.com/PointerByte/GoForge/security/auth/jwt/jwt.go:350.2,352.112 1 3
github.com/PointerByte/GoForge/security/auth/jwt/jwt.go:352.112,354.3 1 0
github.com/PointerByte/GoForge/security/auth/jwt/jwt.go:356.2,358.116 1 3
github.com/PointerByte/GoForge/security/auth/jwt/jwt.go:358.116,360.3 1 2
github.com/PointerByte/GoForge/security/auth/jwt/jwt.go:362.2,362.26 1 3
github.com/PointerByte/GoForge/security/auth/jwt/jwt.go:362.26,364.3 1 2
github.com/PointerByte/GoForge/security/auth/jwt/jwt.go:365.2,365.22 1 1
github.com/PointerByte/GoForge/security/auth/jwt/jwt.go:369.64,372.23 3 1
github.com/PointerByte/GoForge/security/auth/jwt/jwt.go:372.23,373.28 1 1
github.com/PointerByte/GoForge/security/auth/jwt/jwt.go:373.28,375.18 2 1
github.com/PointerByte/GoForge/security/auth/jwt/jwt.go:375.18,377.5 1 0
github.com/PointerByte/GoForge/security/auth/jwt/jwt.go:378.4,378.26 1 1
github.com/PointerByte/GoForge/security/auth/jwt/jwt.go:382.2,384.22 3 1
github.com/PointerByte/GoForge/security/auth/jwt/jwt.go:384.22,385.27 1 1
github.com/PointerByte/GoForge/security/auth/jwt/jwt.go:385.27,387.18 2 1
github.com/PointerByte/GoForge/security/auth/jwt/jwt.go:387.18,389.5 1 0
github.com/PointerByte/GoForge/security/auth/jwt/jwt.go:390.4,390.25 1 1
github.com/PointerByte/GoForge/security/auth/jwt/jwt.go:394.2,395.28 2 1
github.com/PointerByte/GoForge/security/auth/jwt/jwt.go:395.28,397.3 1 0
github.com/PointerByte/GoForge/security/auth/jwt/jwt.go:398.2,398.24 1 1
github.com/PointerByte/GoForge/security/auth/jwt/jwt.go:402.69,405.23 3 3
github.com/PointerByte/GoForge/security/auth/jwt/jwt.go:405.23,406.28 1 3
github.com/PointerByte/GoForge/security/auth/jwt/jwt.go:406.28,408.18 2 3
github.com/PointerByte/GoForge/security/auth/jwt/jwt.go:408.18,410.5 1 0
github.com/PointerByte/GoForge/security/auth/jwt/jwt.go:411.4,411.26 1 3
github.com/PointerByte/GoForge/security/auth/jwt/jwt.go:415.2,417.22 3 3
github.com/PointerByte/GoForge/security/auth/jwt/jwt.go:417.22,418.27 1 3
github.com/PointerByte/GoForge/security/auth/jwt/jwt.go:418.27,420.18 2 3
github.com/PointerByte/GoForge/security/auth/jwt/jwt.go:420.18,422.5 1 0
github.com/PointerByte/GoForge/security/auth/jwt/jwt.go:423.4,423.25 1 3
github.com/PointerByte/GoForge/security/auth/jwt/jwt.go:427.2,428.28 2 3
github.com/PointerByte/GoForge/security/auth/jwt/jwt.go:428.28,430.3 1 0
github.com/PointerByte/GoForge/security/auth/jwt/jwt.go:431.2,431.24 1 3
github.com/PointerByte/GoForge/security/auth/jwt/jwt.go:436.63,439.18 3 4
github.com/PointerByte/GoForge/security/auth/jwt/jwt.go:439.18,441.3 1 3
github.com/PointerByte/GoForge/security/auth/jwt/jwt.go:443.2,444.28 2 4
github.com/PointerByte/GoForge/security/auth/jwt/jwt.go:444.28,446.3 1 2
github.com/PointerByte/GoForge/security/auth/jwt/jwt.go:447.2,447.24 1 4
github.com/PointerByte/GoForge/security/auth/jwt/jwt.go:454.61,457.23 3 8
github.com/PointerByte/GoForge/security/auth/jwt/jwt.go:457.23,458.28 1 7
github.com/PointerByte/GoForge/security/auth/jwt/jwt.go:458.28,460.18 2 7
github.com/PointerByte/GoForge/security/auth/jwt/jwt.go:460.18,462.5 1 1
github.com/PointerByte/GoForge/security/auth/jwt/jwt.go:463.4,463.26 1 6
github.com/PointerByte/GoForge/security/auth/jwt/jwt.go:467.2,469.22 3 7
github.com/PointerByte/GoForge/security/auth/jwt/jwt.go:469.22,470.27 1 6
github.com/PointerByte/GoForge/security/auth/jwt/jwt.go:470.27,472.18 2 6
github.com/PointerByte/GoForge/security/auth/jwt/jwt.go:472.18,474.5 1 0
github.com/PointerByte/GoForge/security/auth/jwt/jwt.go:475.4,475.25 1 6
github.com/PointerByte/GoForge/security/auth/jwt/jwt.go:479.2,480.28 2 7
github.com/PointerByte/GoForge/security/auth/jwt/jwt.go:480.28,482.3 1 1
github.com/PointerByte/GoForge/security/auth/jwt/jwt.go:483.2,483.24 1 7
github.com/PointerByte/GoForge/security/auth/jwt/jwt.go:487.44,489.2 1 12
github.com/PointerByte/GoForge/security/auth/jwt/jwt.go:493.82,499.2 1 8
github.com/PointerByte/GoForge/security/auth/jwt/jwt.go:502.85,508.2 1 2
github.com/PointerByte/GoForge/security/auth/jwt/jwt.go:511.86,517.2 1 4
github.com/PointerByte/GoForge/security/auth/jwt/jwt.go:521.94,523.21 2 4
github.com/PointerByte/GoForge/security/auth/jwt/jwt.go:523.21,525.3 1 1
github.com/PointerByte/GoForge/security/auth/jwt/jwt.go:526.2,526.17 1 3
github.com/PointerByte/GoForge/security/auth/jwt/jwt.go:526.17,528.3 1 1
github.com/PointerByte/GoForge/security/auth/jwt/jwt.go:529.2,529.19 1 2
github.com/PointerByte/GoForge/security/auth/jwt/jwt.go:529.19,531.3 1 1
github.com/PointerByte/GoForge/security/auth/jwt/jwt.go:532.2,536.8 1 1
github.com/PointerByte/GoForge/security/auth/jwt/jwt.go:540.43,541.38 1 14
github.com/PointerByte/GoForge/security/auth/jwt/jwt.go:541.38,542.19 1 13
github.com/PointerByte/GoForge/security/auth/jwt/jwt.go:542.19,544.4 1 2
github.com/PointerByte/GoForge/security/auth/jwt/jwt.go:546.3,547.13 2 11
github.com/PointerByte/GoForge/security/auth/jwt/jwt.go:552.81,553.38 1 10
github.com/PointerByte/GoForge/security/auth/jwt/jwt.go:553.38,554.24 1 10
github.com/PointerByte/GoForge/security/auth/jwt/jwt.go:554.24,556.4 1 1
github.com/PointerByte/GoForge/security/auth/jwt/jwt.go:557.3,557.23 1 9
github.com/PointerByte/GoForge/security/auth/jwt/jwt.go:557.23,559.4 1 1
github.com/PointerByte/GoForge/security/auth/jwt/jwt.go:561.3,562.13 2 8
github.com/PointerByte/GoForge/security/auth/jwt/jwt.go:567.84,568.38 1 4
github.com/PointerByte/GoForge/security/auth/jwt/jwt.go:568.38,569.24 1 4
github.com/PointerByte/GoForge/security/auth/jwt/jwt.go:569.24,571.4 1 1
github.com/PointerByte/GoForge/security/auth/jwt/jwt.go:572.3,572.23 1 3
github.com/PointerByte/GoForge/security/auth/jwt/jwt.go:572.23,574.4 1 1
github.com/PointerByte/GoForge/security/auth/jwt/jwt.go:576.3,577.13 2 2
github.com/PointerByte/GoForge/security/auth/jwt/jwt.go:582.85,583.38 1 5
github.com/PointerByte/GoForge/security/auth/jwt/jwt.go:583.38,584.27 1 5
github.com/PointerByte/GoForge/security/auth/jwt/jwt.go:584.27,586.4 1 1
github.com/PointerByte/GoForge/security/auth/jwt/jwt.go:587.3,587.26 1 4
github.com/PointerByte/GoForge/security/auth/jwt/jwt.go:587.26,589.4 1 0
github.com/PointerByte/GoForge/security/auth/jwt/jwt.go:591.3,592.13 2 4
github.com/PointerByte/GoForge/security/auth/jwt/jwt.go:598.84,599.38 1 4
github.com/PointerByte/GoForge/security/auth/jwt/jwt.go:599.38,601.17 2 4
github.com/PointerByte/GoForge/security/auth/jwt/jwt.go:601.17,603.4 1 3
github.com/PointerByte/GoForge/security/auth/jwt/jwt.go:604.3,605.13 2 1
github.com/PointerByte/GoForge/security/auth/jwt/jwt.go:610.45,611.38 1 1
github.com/PointerByte/GoForge/security/auth/jwt/jwt.go:611.38,612.22 1 1
github.com/PointerByte/GoForge/security/auth/jwt/jwt.go:612.22,614.4 1 1
github.com/PointerByte/GoForge/security/auth/jwt/jwt.go:615.3,616.13 2 0
github.com/PointerByte/GoForge/security/auth/jwt/jwt.go:622.48,623.38 1 6
github.com/PointerByte/GoForge/security/auth/jwt/jwt.go:623.38,624.23 1 6
github.com/PointerByte/GoForge/security/auth/jwt/jwt.go:624.23,626.4 1 1
github.com/PointerByte/GoForge/security/auth/jwt/jwt.go:627.3,628.13 2 5
github.com/PointerByte/GoForge/security/auth/jwt/jwt.go:634.55,635.38 1 1
github.com/PointerByte/GoForge/security/auth/jwt/jwt.go:635.38,636.19 1 1
github.com/PointerByte/GoForge/security/auth/jwt/jwt.go:636.19,640.4 3 0
github.com/PointerByte/GoForge/security/auth/jwt/jwt.go:641.3,643.13 3 1
github.com/PointerByte/GoForge/security/auth/jwt/jwt.go:649.60,651.2 1 26
github.com/PointerByte/GoForge/security/auth/jwt/jwt.go:654.92,655.47 1 27
github.com/PointerByte/GoForge/security/auth/jwt/jwt.go:655.47,657.3 1 1
github.com/PointerByte/GoForge/security/auth/jwt/jwt.go:658.2,665.16 4 26
github.com/PointerByte/GoForge/security/auth/jwt/jwt.go:665.16,667.3 1 0
github.com/PointerByte/GoForge/security/auth/jwt/jwt.go:669.2,670.16 2 26
github.com/PointerByte/GoForge/security/auth/jwt/jwt.go:670.16,672.3 1 1
github.com/PointerByte/GoForge/security/auth/jwt/jwt.go:674.2,679.16 5 25
github.com/PointerByte/GoForge/security/auth/jwt/jwt.go:679.16,681.3 1 1
github.com/PointerByte/GoForge/security/auth/jwt/jwt.go:682.2,682.59 1 24
github.com/PointerByte/GoForge/security/auth/jwt/jwt.go:687.63,689.2 1 24
github.com/PointerByte/GoForge/security/auth/jwt/jwt.go:693.95,698.2 4 24
github.com/PointerByte/GoForge/security/auth/jwt/jwt.go:702.67,704.2 1 3
github.com/PointerByte/GoForge/security/auth/jwt/jwt.go:708.99,711.2 2 4
github.com/PointerByte/GoForge/security/auth/jwt/jwt.go:715.125,716.24 1 16
github.com/PointerByte/GoForge/security/auth/jwt/jwt.go:716.24,718.3 1 1
github.com/PointerByte/GoForge/security/auth/jwt/jwt.go:719.2,723.16 4 15
github.com/PointerByte/GoForge/security/auth/jwt/jwt.go:723.16,725.3 1 2
github.com/PointerByte/GoForge/security/auth/jwt/jwt.go:727.2,727.72 1 13
github.com/PointerByte/GoForge/security/auth/jwt/jwt.go:727.72,729.3 1 1
github.com/PointerByte/GoForge/security/auth/jwt/jwt.go:731.2,732.42 2 12
github.com/PointerByte/GoForge/security/auth/jwt/jwt.go:732.42,733.23 1 6
github.com/PointerByte/GoForge/security/auth/jwt/jwt.go:733.23,735.4 1 1
github.com/PointerByte/GoForge/security/auth/jwt/jwt.go:736.3,736.54 1 5
github.com/PointerByte/GoForge/security/auth/jwt/jwt.go:736.54,738.4 1 1
github.com/PointerByte/GoForge/security/auth/jwt/jwt.go:740.2,740.25 1 10
github.com/PointerByte/GoForge/security/auth/jwt/jwt.go:743.93,744.47 1 39
github.com/PointerByte/GoForge/security/auth/jwt/jwt.go:744.47,746.3 1 1
github.com/PointerByte/GoForge/security/auth/jwt/jwt.go:748.2,749.21 2 38
github.com/PointerByte/GoForge/security/auth/jwt/jwt.go:749.21,751.3 1 1
github.com/PointerByte/GoForge/security/auth/jwt/jwt.go:753.2,754.16 2 37
github.com/PointerByte/GoForge/security/auth/jwt/jwt.go:754.16,756.3 1 1
github.com/PointerByte/GoForge/security/auth/jwt/jwt.go:758.2,759.61 2 36
github.com/PointerByte/GoForge/security/auth/jwt/jwt.go:759.61,761.3 1 1
github.com/PointerByte/GoForge/security/auth/jwt/jwt.go:763.2,763.54 1 35
github.com/PointerByte/GoForge/security/auth/jwt/jwt.go:763.54,765.3 1 1
github.com/PointerByte/GoForge/security/auth/jwt/jwt.go:767.2,768.16 2 34
github.com/PointerByte/GoForge/security/auth/jwt/jwt.go:768.16,770.3 1 1
github.com/PointerByte/GoForge/security/auth/jwt/jwt.go:772.2,773.16 2 33
github.com/PointerByte/GoForge/security/auth/jwt/jwt.go:773.16,775.3 1 1
github.com/PointerByte/GoForge/security/auth/jwt/jwt.go:777.2,778.92 2 32
github.com/PointerByte/GoForge/security/auth/jwt/jwt.go:778.92,780.3 1 4
github.com/PointerByte/GoForge/security/auth/jwt/jwt.go:781.2,786.8 1 28
github.com/PointerByte/GoForge/security/auth/jwt/jwt.go:789.95,790.16 1 65
github.com/PointerByte/GoForge/security/auth/jwt/jwt.go:790.16,792.3 1 0
github.com/PointerByte/GoForge/security/auth/jwt/jwt.go:793.2,793.49 1 65
github.com/PointerByte/GoForge/security/auth/jwt/jwt.go:793.49,794.22 1 62
github.com/PointerByte/GoForge/security/auth/jwt/jwt.go:794.23,794.24 0 62
github.com/PointerByte/GoForge/security/auth/jwt/jwt.go:796.2,796.57 1 3
github.com/PointerByte/GoForge/security/auth/jwt/jwt.go:799.96,800.56 1 25
github.com/PointerByte/GoForge/security/auth/jwt/jwt.go:800.56,802.3 1 25
github.com/PointerByte/GoForge/security/auth/jwt/jwt.go:803.2,803.60 1 0
github.com/PointerByte/GoForge/security/auth/jwt/jwt.go:803.60,805.3 1 0
github.com/PointerByte/GoForge/security/auth/jwt/jwt.go:808.106,809.56 1 32
github.com/PointerByte/GoForge/security/auth/jwt/jwt.go:809.56,811.3 1 32
github.com/PointerByte/GoForge/security/auth/jwt/jwt.go:812.2,812.65 1 0
github.com/PointerByte/GoForge/security/auth/jwt/jwt.go:812.65,814.3 1 0
github.com/PointerByte/GoForge/security/auth/jwt/jwt.go:815.2,815.12 1 0
github.com/PointerByte/GoForge/security/auth/jwt/jwt.go:825.90,827.16 2 0
github.com/PointerByte/GoForge/security/auth/jwt/jwt.go:827.16,829.3 1 0
github.com/PointerByte/GoForge/security/auth/jwt/jwt.go:830.2,830.34 1 0
github.com/PointerByte/GoForge/security/auth/jwt/jwt.go:830.34,832.3 1 0
github.com/PointerByte/GoForge/security/auth/jwt/jwt.go:834.2,835.12 2 0
github.com/PointerByte/GoForge/security/auth/jwt/jwt.go:835.12,838.3 2 0
github.com/PointerByte/GoForge/security/auth/jwt/jwt.go:840.2,840.9 1 0
github.com/PointerByte/GoForge/security/auth/jwt/jwt.go:841.20,842.25 1 0
github.com/PointerByte/GoForge/security/auth/jwt/jwt.go:843.24,844.34 1 0
github.com/PointerByte/GoForge/security/auth/jwt/jwt.go:848.56,850.2 1 28
github.com/PointerByte/GoForge/security/auth/jwt/jwt.go:852.79,854.2 1 1
github.com/PointerByte/GoForge/security/auth/jwt/jwt.go:856.107,857.16 1 24
github.com/PointerByte/GoForge/security/auth/jwt/jwt.go:857.16,859.3 1 0
github.com/PointerByte/GoForge/security/auth/jwt/jwt.go:860.2,860.34 1 24
github.com/PointerByte/GoForge/security/auth/jwt/jwt.go:860.34,862.3 1 3
github.com/PointerByte/GoForge/security/auth/jwt/jwt.go:863.2,863.31 1 21
github.com/PointerByte/GoForge/security/auth/jwt/jwt.go:863.31,865.3 1 1
github.com/PointerByte/GoForge/security/auth/jwt/jwt.go:867.2,868.51 2 20
github.com/PointerByte/GoForge/security/auth/jwt/jwt.go:868.51,870.3 1 0
github.com/PointerByte/GoForge/security/auth/jwt/jwt.go:871.2,871.26 1 20
github.com/PointerByte/GoForge/security/auth/jwt/jwt.go:874.89,876.2 1 0
github.com/PointerByte/GoForge/security/auth/jwt/jwt.go:878.117,880.16 2 13
github.com/PointerByte/GoForge/security/auth/jwt/jwt.go:880.16,882.3 1 2
github.com/PointerByte/GoForge/security/auth/jwt/jwt.go:884.2,884.47 1 11
github.com/PointerByte/GoForge/security/auth/jwt/jwt.go:884.47,886.3 1 1
github.com/PointerByte/GoForge/security/auth/jwt/jwt.go:887.2,887.12 1 10
github.com/PointerByte/GoForge/security/auth/jwt/jwt.go:890.55,892.2 1 17
github.com/PointerByte/GoForge/security/auth/jwt/jwt.go:894.78,896.2 1 1
github.com/PointerByte/GoForge/security/auth/jwt/jwt.go:898.106,899.32 1 9
github.com/PointerByte/GoForge/security/auth/jwt/jwt.go:899.32,901.3 1 1
github.com/PointerByte/GoForge/security/auth/jwt/jwt.go:902.2,903.16 2 8
github.com/PointerByte/GoForge/security/auth/jwt/jwt.go:903.16,905.3 1 0
github.com/PointerByte/GoForge/security/auth/jwt/jwt.go:906.2,906.54 1 8
github.com/PointerByte/GoForge/security/auth/jwt/jwt.go:909.88,911.2 1 1
github.com/PointerByte/GoForge/security/auth/jwt/jwt.go:913.116,914.31 1 10
github.com/PointerByte/GoForge/security/auth/jwt/jwt.go:914.31,916.3 1 1
github.com/PointerByte/GoForge/security/auth/jwt/jwt.go:917.2,917.187 1 9
github.com/PointerByte/GoForge/security/auth/jwt/jwt.go:917.187,919.3 1 0
github.com/PointerByte/GoForge/security/auth/jwt/jwt.go:920.2,920.12 1 9
github.com/PointerByte/GoForge/security/auth/jwt/jwt.go:923.58,925.2 1 5
github.com/PointerByte/GoForge/security/auth/jwt/jwt.go:927.81,929.2 1 1
github.com/PointerByte/GoForge/security/auth/jwt/jwt.go:931.109,932.32 1 3
github.com/PointerByte/GoForge/security/auth/jwt/jwt.go:932.32,934.3 1 1
github.com/PointerByte/GoForge/security/auth/jwt/jwt.go:936.2,937.16 2 2
github.com/PointerByte/GoForge/security/auth/jwt/jwt.go:937.16,939.3 1 0
github.com/PointerByte/GoForge/security/auth/jwt/jwt.go:940.2,940.54 1 2
github.com/PointerByte/GoForge/security/auth/jwt/jwt.go:943.91,945.2 1 1
github.com/PointerByte/GoForge/security/auth/jwt/jwt.go:947.119,948.31 1 4
github.com/PointerByte/GoForge/security/auth/jwt/jwt.go:948.31,950.3 1 1
github.com/PointerByte/GoForge/security/auth/jwt/jwt.go:952.2,952.173 1 3
github.com/PointerByte/GoForge/security/auth/jwt/jwt.go:952.173,954.3 1 0
github.com/PointerByte/GoForge/security/auth/jwt/jwt.go:955.2,955.12 1 3
github.com/PointerByte/GoForge/security/auth/jwt/jwt.go:958.53,960.2 1 9
github.com/PointerByte/GoForge/security/auth/jwt/jwt.go:962.76,964.2 1 1
github.com/PointerByte/GoForge/security/auth/jwt/jwt.go:966.104,967.35 1 5
github.com/PointerByte/GoForge/security/auth/jwt/jwt.go:967.35,969.3 1 1
github.com/PointerByte/GoForge/security/auth/jwt/jwt.go:971.2,972.16 2 4
github.com/PointerByte/GoForge/security/auth/jwt/jwt.go:972.16,974.3 1 0
github.com/PointerByte/GoForge/security/auth/jwt/jwt.go:975.2,975.54 1 4
github.com/PointerByte/GoForge/security/auth/jwt/jwt.go:978.86,980.2 1 1
github.com/PointerByte/GoForge/security/auth/jwt/jwt.go:982.114,983.34 1 6
github.com/PointerByte/GoForge/security/auth/jwt/jwt.go:983.34,985.3 1 1
github.com/PointerByte/GoForge/security/auth/jwt/jwt.go:987.2,987.178 1 5
github.com/PointerByte/GoForge/security/auth/jwt/jwt.go:987.178,989.3 1 0
github.com/PointerByte/GoForge/security/auth/jwt/jwt.go:990.2,990.12 1 5
github.com/PointerByte/GoForge/security/auth/jwt/jwt.go:993.52,995.2 1 3
github.com/PointerByte/GoForge/security/auth/jwt/jwt.go:997.75,999.2 1 0
github.com/PointerByte/GoForge/security/auth/jwt/jwt.go:1001.103,1002.26 1 1
github.com/PointerByte/GoForge/security/auth/jwt/jwt.go:1002.26,1004.3 1 0
github.com/PointerByte/GoForge/security/auth/jwt/jwt.go:1005.2,1005.41 1 1
github.com/PointerByte/GoForge/security/auth/jwt/jwt.go:1008.85,1010.2 1 0
github.com/PointerByte/GoForge/security/auth/jwt/jwt.go:1012.113,1013.28 1 2
github.com/PointerByte/GoForge/security/auth/jwt/jwt.go:1013.28,1015.3 1 0
github.com/PointerByte/GoForge/security/auth/jwt/jwt.go:1016.2,1016.54 1 2
github.com/PointerByte/GoForge/security/auth/jwt/jwt.go:1019.38,1020.82 1 0
github.com/PointerByte/GoForge/security/auth/jwt/jwt.go:1020.82,1022.3 1 0
github.com/PointerByte/GoForge/security/auth/jwt/jwt.go:1023.2,1023.28 1 0
github.com/PointerByte/GoForge/security/auth/jwt/jwt.go:1026.41,1028.2 1 89
github.com/PointerByte/GoForge/security/auth/jwt/jwt.go:1030.50,1032.2 1 106
github.com/PointerByte/GoForge/security/auth/jwt/jwt.go:1034.74,1036.30 2 8
github.com/PointerByte/GoForge/security/auth/jwt/jwt.go:1036.30,1038.3 1 1
github.com/PointerByte/GoForge/security/auth/jwt/jwt.go:1039.2,1039.54 1 7
github.com/PointerByte/GoForge/security/auth/jwt/jwt.go:1042.72,1044.30 2 7
github.com/PointerByte/GoForge/security/auth/jwt/jwt.go:1044.30,1046.3 1 1
github.com/PointerByte/GoForge/security/auth/jwt/jwt.go:1047.2,1047.53 1 6
github.com/PointerByte/GoForge/security/auth/jwt/jwt.go:1050.81,1052.30 2 3
github.com/PointerByte/GoForge/security/auth/jwt/jwt.go:1052.30,1054.3 1 0
github.com/PointerByte/GoForge/security/auth/jwt/jwt.go:1055.2,1055.58 1 3
github.com/PointerByte/GoForge/security/auth/jwt/jwt.go:1058.79,1060.30 2 3
github.com/PointerByte/GoForge/security/auth/jwt/jwt.go:1060.30,1062.3 1 0
github.com/PointerByte/GoForge/security/auth/jwt/jwt.go:1063.2,1063.57 1 3
github.com/PointerByte/GoForge/security/auth/jwt/jwt.go:1066.43,1068.17 2 41
github.com/PointerByte/GoForge/security/auth/jwt/jwt.go:1068.17,1070.3 1 0
github.com/PointerByte/GoForge/security/auth/jwt/jwt.go:1071.2,1072.43 2 41
github.com/PointerByte/GoForge/security/auth/jwt/jwt.go:1072.43,1074.3 1 2
github.com/PointerByte/GoForge/security/auth/jwt/jwt.go:1075.2,1075.42 1 39
github.com/PointerByte/GoForge/security/auth/jwt/jwt.go:1075.42,1077.3 1 0
github.com/PointerByte/GoForge/security/auth/jwt/jwt.go:1078.2,1078.14 1 39
github.com/PointerByte/GoForge/security/auth/jwt/jwt.go:1081.57,1083.17 2 38
github.com/PointerByte/GoForge/security/auth/jwt/jwt.go:1083.17,1085.3 1 18
github.com/PointerByte/GoForge/security/auth/jwt/jwt.go:1086.2,1086.40 1 20
github.com/PointerByte/GoForge/security/auth/jwt/jwt.go:1086.40,1088.3 1 2
github.com/PointerByte/GoForge/security/auth/jwt/jwt.go:1089.2,1089.11 1 18
github.com/PointerByte/GoForge/security/auth/jwt/jwt.go:1092.52,1094.17 2 20
github.com/PointerByte/GoForge/security/auth/jwt/jwt.go:1094.17,1096.3 1 0
github.com/PointerByte/GoForge/security/auth/jwt/jwt.go:1097.2,1097.30 1 20
github.com/PointerByte/GoForge/security/auth/jwt/jwt.go:1097.30,1099.3 1 0
github.com/PointerByte/GoForge/security/auth/jwt/jwt.go:1100.2,1100.66 1 20
github.com/PointerByte/GoForge/security/auth/jwt/jwt.go:1100.66,1102.3 1 2
github.com/PointerByte/GoForge/security/auth/jwt/jwt.go:1103.2,1103.14 1 18
github.com/PointerByte/GoForge/security/auth/jwt/jwt.go:1106.122,1109.2 2 23
github.com/PointerByte/GoForge/security/auth/jwt/jwt.go:1111.108,1112.42 1 23
github.com/PointerByte/GoForge/security/auth/jwt/jwt.go:1112.42,1114.3 1 4
github.com/PointerByte/GoForge/security/auth/jwt/jwt.go:1115.2,1115.27 1 19
github.com/PointerByte/GoForge/security/auth/jwt/jwt.go:1115.27,1116.62 1 25
github.com/PointerByte/GoForge/security/auth/jwt/jwt.go:1116.62,1118.4 1 17
github.com/PointerByte/GoForge/security/auth/jwt/jwt.go:1120.2,1120.41 1 2
github.com/PointerByte/GoForge/security/auth/jwt/jwt.go:1123.49,1124.27 1 10
github.com/PointerByte/GoForge/security/auth/jwt/jwt.go:1124.27,1125.46 1 10
github.com/PointerByte/GoForge/security/auth/jwt/jwt.go:1125.46,1127.4 1 2
github.com/PointerByte/GoForge/security/auth/jwt/jwt.go:1129.2,1129.14 1 8
github.com/PointerByte/GoForge/security/auth/jwt/jwt.go:1132.73,1134.2 1 10
github.com/PointerByte/GoForge/security/auth/jwt/jwt.go:1136.51,1139.27 3 33
github.com/PointerByte/GoForge/security/auth/jwt/jwt.go:1139.27,1141.16 2 89
github.com/PointerByte/GoForge/security/auth/jwt/jwt.go:1141.16,1142.12 1 26
github.com/PointerByte/GoForge/security/auth/jwt/jwt.go:1144.3,1144.29 1 63
github.com/PointerByte/GoForge/security/auth/jwt/jwt.go:1144.29,1145.12 1 0
github.com/PointerByte/GoForge/security/auth/jwt/jwt.go:1147.3,1148.39 2 63
github.com/PointerByte/GoForge/security/auth/jwt/jwt.go:1150.2,1150.19 1 33
github.com/PointerByte/GoForge/security/auth/jwt/jwt.go:1153.51,1154.31 1 2
github.com/PointerByte/GoForge/security/auth/jwt/jwt.go:1154.31,1155.37 1 2
github.com/PointerByte/GoForge/security/auth/jwt/jwt.go:1155.37,1157.4 1 2
github.com/PointerByte/GoForge/security/auth/jwt/jwt.go:1159.2,1159.11 1 0
github.com/PointerByte/GoForge/security/auth/jwt/jwt.go:1162.60,1163.17 1 36
github.com/PointerByte/GoForge/security/auth/jwt/jwt.go:1163.17,1165.3 1 10
github.com/PointerByte/GoForge/security/auth/jwt/jwt.go:1166.2,1166.17 1 26
github.com/PointerByte/GoForge/security/auth/jwt/jwt.go:1169.64,1170.18 1 4
github.com/PointerByte/GoForge/security/auth/jwt/jwt.go:1170.18,1172.3 1 4
github.com/PointerByte/GoForge/security/auth/jwt/jwt.go:1173.2,1173.42 1 0
github.com/PointerByte/GoForge/security/auth/jwt/jwt.go:1176.43,1177.18 1 26
github.com/PointerByte/GoForge/security/auth/jwt/jwt.go:1177.18,1179.3 1 24
github.com/PointerByte/GoForge/security/auth/jwt/jwt.go:1180.2,1180.34 1 2
github.com/PointerByte/GoForge/security/auth/jwt/jwt.go:1183.50,1184.22 1 8
github.com/PointerByte/GoForge/security/auth/jwt/jwt.go:1184.22,1187.3 2 4
github.com/PointerByte/GoForge/security/auth/jwt/jwt.go:1188.2,1188.30 1 4
github.com/PointerByte/GoForge/security/auth/jwt/jwt.go:1191.66,1193.16 2 10
github.com/PointerByte/GoForge/security/auth/jwt/jwt.go:1193.16,1194.13 1 0
github.com/PointerByte/GoForge/security/auth/jwt/jwt.go:1196.2,1196.47 1 10
github.com/PointerByte/GoForge/security/auth/jwt/jwt.go:1199.63,1201.16 2 12
github.com/PointerByte/GoForge/security/auth/jwt/jwt.go:1201.16,1202.13 1 0
github.com/PointerByte/GoForge/security/auth/jwt/jwt.go:1204.2,1204.47 1 12
github.com/PointerByte/GoForge/security/auth/jwt/jwt.go:1207.73,1209.16 2 4
github.com/PointerByte/GoForge/security/auth/jwt/jwt.go:1209.16,1210.13 1 0
github.com/PointerByte/GoForge/security/auth/jwt/jwt.go:1212.2,1212.47 1 4
github.com/PointerByte/GoForge/security/auth/jwt/jwt.go:1215.70,1217.16 2 5
github.com/PointerByte/GoForge/security/auth/jwt/jwt.go:1217.16,1218.13 1 0
github.com/PointerByte/GoForge/security/auth/jwt/jwt.go:1220.2,1220.47 1 5
