mode: atomic
github.com/PointerByte/GoForge/logger/utilities/utitities.go:11.56,13.9 2 3
github.com/PointerByte/GoForge/logger/utilities/utitities.go:13.9,15.3 1 1
github.com/PointerByte/GoForge/logger/utilities/utitities.go:16.2,17.15 2 2
github.com/PointerByte/GoForge/logger/utilities/utitities.go:17.15,19.3 1 1
github.com/PointerByte/GoForge/logger/utilities/utitities.go:20.2,20.24 1 1
github.com/PointerByte/GoForge/logger/viperData/viperData.go:19.32,22.2 2 1
github.com/PointerByte/GoForge/logger/viperData/viperData.go:29.35,30.17 1 4
github.com/PointerByte/GoForge/logger/viperData/viperData.go:30.17,31.62 1 1
github.com/PointerByte/GoForge/logger/viperData/viperData.go:31.62,33.4 1 1
github.com/PointerByte/GoForge/logger/viperData/viperData.go:34.3,53.4 1 1
github.com/PointerByte/GoForge/logger/viperData/viperData.go:56.2,58.23 3 4
github.com/PointerByte/GoForge/logger/formatter/format.go:18.44,20.2 1 12
github.com/PointerByte/GoForge/logger/formatter/format.go:28.65,29.56 1 8
github.com/PointerByte/GoForge/logger/formatter/format.go:30.14,31.27 1 2
github.com/PointerByte/GoForge/logger/formatter/format.go:32.25,33.27 1 3
github.com/PointerByte/GoForge/logger/formatter/format.go:34.10,35.31 1 3
github.com/PointerByte/GoForge/logger/formatter/format.go:39.69,41.2 1 3
github.com/PointerByte/GoForge/logger/formatter/format.go:43.69,56.21 3 4
github.com/PointerByte/GoForge/logger/formatter/format.go:56.21,58.3 1 3
github.com/PointerByte/GoForge/logger/formatter/format.go:61.2,68.31 1 4
github.com/PointerByte/GoForge/logger/formatter/format.go:68.31,73.46 3 1
github.com/PointerByte/GoForge/logger/formatter/format.go:73.46,74.14 1 8
github.com/PointerByte/GoForge/logger/formatter/format.go:74.14,76.5 1 7
github.com/PointerByte/GoForge/logger/formatter/format.go:77.4,78.41 2 8
github.com/PointerByte/GoForge/logger/formatter/format.go:81.3,81.31 1 1
github.com/PointerByte/GoForge/logger/formatter/format.go:81.31,83.4 1 1
github.com/PointerByte/GoForge/logger/formatter/format.go:84.3,84.31 1 1
github.com/PointerByte/GoForge/logger/formatter/format.go:84.31,86.4 1 1
github.com/PointerByte/GoForge/logger/formatter/format.go:87.3,87.33 1 1
github.com/PointerByte/GoForge/logger/formatter/format.go:87.33,89.4 1 1
github.com/PointerByte/GoForge/logger/formatter/format.go:90.3,90.31 1 1
github.com/PointerByte/GoForge/logger/formatter/format.go:90.31,92.4 1 1
github.com/PointerByte/GoForge/logger/formatter/format.go:93.3,93.29 1 1
github.com/PointerByte/GoForge/logger/formatter/format.go:93.29,95.4 1 1
github.com/PointerByte/GoForge/logger/formatter/format.go:96.3,96.35 1 1
github.com/PointerByte/GoForge/logger/formatter/format.go:96.35,98.4 1 1
github.com/PointerByte/GoForge/logger/formatter/format.go:99.3,99.33 1 1
github.com/PointerByte/GoForge/logger/formatter/format.go:99.33,101.4 1 1
github.com/PointerByte/GoForge/logger/formatter/format.go:102.3,102.34 1 1
github.com/PointerByte/GoForge/logger/formatter/format.go:102.34,104.4 1 1
github.com/PointerByte/GoForge/logger/formatter/format.go:106.3,106.21 1 1
github.com/PointerByte/GoForge/logger/formatter/format.go:110.2,110.26 1 4
github.com/PointerByte/GoForge/logger/formatter/format.go:110.26,112.33 2 1
github.com/PointerByte/GoForge/logger/formatter/format.go:112.33,113.13 1 2
github.com/PointerByte/GoForge/logger/formatter/format.go:113.13,115.5 1 1
github.com/PointerByte/GoForge/logger/formatter/format.go:117.4,120.54 3 2
github.com/PointerByte/GoForge/logger/formatter/format.go:120.54,121.15 1 15
github.com/PointerByte/GoForge/logger/formatter/format.go:121.15,123.6 1 13
github.com/PointerByte/GoForge/logger/formatter/format.go:124.5,125.42 2 15
github.com/PointerByte/GoForge/logger/formatter/format.go:128.4,128.23 1 2
github.com/PointerByte/GoForge/logger/formatter/format.go:128.23,130.5 1 1
github.com/PointerByte/GoForge/logger/formatter/format.go:131.4,131.22 1 2
github.com/PointerByte/GoForge/logger/formatter/format.go:131.22,133.5 1 2
github.com/PointerByte/GoForge/logger/formatter/format.go:134.4,134.23 1 2
github.com/PointerByte/GoForge/logger/formatter/format.go:134.23,136.5 1 2
github.com/PointerByte/GoForge/logger/formatter/format.go:137.4,137.22 1 2
github.com/PointerByte/GoForge/logger/formatter/format.go:137.22,139.5 1 1
github.com/PointerByte/GoForge/logger/formatter/format.go:140.4,140.24 1 2
github.com/PointerByte/GoForge/logger/formatter/format.go:140.24,142.5 1 1
github.com/PointerByte/GoForge/logger/formatter/format.go:143.4,143.22 1 2
github.com/PointerByte/GoForge/logger/formatter/format.go:143.22,145.5 1 1
github.com/PointerByte/GoForge/logger/formatter/format.go:146.4,146.20 1 2
github.com/PointerByte/GoForge/logger/formatter/format.go:146.20,148.5 1 1
github.com/PointerByte/GoForge/logger/formatter/format.go:149.4,149.19 1 2
github.com/PointerByte/GoForge/logger/formatter/format.go:149.19,151.5 1 1
github.com/PointerByte/GoForge/logger/formatter/format.go:152.4,152.24 1 2
github.com/PointerByte/GoForge/logger/formatter/format.go:152.24,154.5 1 1
github.com/PointerByte/GoForge/logger/formatter/format.go:155.4,155.25 1 2
github.com/PointerByte/GoForge/logger/formatter/format.go:155.25,157.5 1 1
github.com/PointerByte/GoForge/logger/formatter/format.go:158.4,158.22 1 2
github.com/PointerByte/GoForge/logger/formatter/format.go:158.22,160.5 1 2
github.com/PointerByte/GoForge/logger/formatter/format.go:161.4,161.22 1 2
github.com/PointerByte/GoForge/logger/formatter/format.go:161.22,163.5 1 1
github.com/PointerByte/GoForge/logger/formatter/format.go:165.4,165.22 1 2
github.com/PointerByte/GoForge/logger/formatter/format.go:167.3,167.21 1 1
github.com/PointerByte/GoForge/logger/formatter/format.go:169.2,169.32 1 4
github.com/PointerByte/GoForge/logger/formatter/format.go:172.27,173.14 1 8
github.com/PointerByte/GoForge/logger/formatter/format.go:173.14,175.3 1 1
github.com/PointerByte/GoForge/logger/formatter/format.go:176.2,177.16 2 7
github.com/PointerByte/GoForge/logger/formatter/format.go:177.16,179.3 1 1
github.com/PointerByte/GoForge/logger/formatter/format.go:180.2,180.18 1 6
github.com/PointerByte/GoForge/logger/formatter/format.go:183.73,185.2 1 4
github.com/PointerByte/GoForge/logger/formatter/format.go:187.86,189.30 1 8
github.com/PointerByte/GoForge/logger/formatter/format.go:189.30,192.4 2 29
github.com/PointerByte/GoForge/logger/formatter/format.go:197.2,198.16 2 8
github.com/PointerByte/GoForge/logger/formatter/format.go:198.16,200.3 1 1
github.com/PointerByte/GoForge/logger/formatter/format.go:202.2,203.48 2 7
github.com/PointerByte/GoForge/logger/formatter/format.go:203.48,205.3 1 1
github.com/PointerByte/GoForge/logger/formatter/format.go:206.2,209.57 3 6
github.com/PointerByte/GoForge/logger/formatter/format.go:209.57,211.3 1 2
github.com/PointerByte/GoForge/logger/formatter/format.go:212.2,212.32 1 4
github.com/PointerByte/GoForge/logger/formatter/format.go:215.45,219.20 2 6
github.com/PointerByte/GoForge/logger/formatter/format.go:219.20,221.3 1 1
github.com/PointerByte/GoForge/logger/formatter/format.go:222.2,222.22 1 6
github.com/PointerByte/GoForge/logger/formatter/format.go:222.22,224.3 1 1
github.com/PointerByte/GoForge/logger/formatter/format.go:225.2,225.20 1 6
github.com/PointerByte/GoForge/logger/formatter/format.go:225.20,227.3 1 1
github.com/PointerByte/GoForge/logger/formatter/format.go:228.2,228.18 1 6
github.com/PointerByte/GoForge/logger/formatter/format.go:228.18,230.3 1 1
github.com/PointerByte/GoForge/logger/formatter/format.go:231.2,231.24 1 6
github.com/PointerByte/GoForge/logger/formatter/format.go:231.24,233.3 1 1
github.com/PointerByte/GoForge/logger/formatter/format.go:234.2,234.22 1 6
github.com/PointerByte/GoForge/logger/formatter/format.go:234.22,236.3 1 1
github.com/PointerByte/GoForge/logger/formatter/format.go:237.2,237.23 1 6
github.com/PointerByte/GoForge/logger/formatter/format.go:237.23,239.3 1 1
github.com/PointerByte/GoForge/logger/formatter/format.go:240.2,240.12 1 6
github.com/PointerByte/GoForge/logger/formatter/format.go:243.54,245.26 2 7
github.com/PointerByte/GoForge/logger/formatter/format.go:245.26,247.22 2 5
github.com/PointerByte/GoForge/logger/formatter/format.go:247.22,249.4 1 3
github.com/PointerByte/GoForge/logger/formatter/format.go:250.3,250.21 1 5
github.com/PointerByte/GoForge/logger/formatter/format.go:250.21,252.4 1 4
github.com/PointerByte/GoForge/logger/formatter/format.go:253.3,253.22 1 5
github.com/PointerByte/GoForge/logger/formatter/format.go:253.22,255.4 1 1
github.com/PointerByte/GoForge/logger/formatter/format.go:256.3,256.21 1 5
github.com/PointerByte/GoForge/logger/formatter/format.go:256.21,258.4 1 1
github.com/PointerByte/GoForge/logger/formatter/format.go:259.3,259.23 1 5
github.com/PointerByte/GoForge/logger/formatter/format.go:259.23,261.4 1 1
github.com/PointerByte/GoForge/logger/formatter/format.go:262.3,262.21 1 5
github.com/PointerByte/GoForge/logger/formatter/format.go:262.21,264.4 1 1
github.com/PointerByte/GoForge/logger/formatter/format.go:265.3,265.19 1 5
github.com/PointerByte/GoForge/logger/formatter/format.go:265.19,267.4 1 1
github.com/PointerByte/GoForge/logger/formatter/format.go:268.3,268.18 1 5
github.com/PointerByte/GoForge/logger/formatter/format.go:268.18,270.4 1 1
github.com/PointerByte/GoForge/logger/formatter/format.go:271.3,271.23 1 5
github.com/PointerByte/GoForge/logger/formatter/format.go:271.23,273.4 1 1
github.com/PointerByte/GoForge/logger/formatter/format.go:274.3,274.24 1 5
github.com/PointerByte/GoForge/logger/formatter/format.go:274.24,276.4 1 1
github.com/PointerByte/GoForge/logger/formatter/format.go:277.3,277.21 1 5
github.com/PointerByte/GoForge/logger/formatter/format.go:277.21,279.4 1 1
github.com/PointerByte/GoForge/logger/formatter/format.go:280.3,280.21 1 5
github.com/PointerByte/GoForge/logger/formatter/format.go:280.21,282.4 1 1
github.com/PointerByte/GoForge/logger/formatter/format.go:283.3,283.25 1 5
github.com/PointerByte/GoForge/logger/formatter/format.go:285.2,285.12 1 7
github.com/PointerByte/GoForge/logger/formatter/models.go:41.51,42.20 1 3
github.com/PointerByte/GoForge/logger/formatter/models.go:42.20,44.3 1 1
github.com/PointerByte/GoForge/logger/formatter/models.go:45.2,48.22 3 2
github.com/PointerByte/GoForge/logger/formatter/models.go:48.22,50.3 1 1
github.com/PointerByte/GoForge/logger/formatter/models.go:51.2,54.31 4 2
github.com/PointerByte/GoForge/logger/formatter/models.go:54.31,55.44 1 6
github.com/PointerByte/GoForge/logger/formatter/models.go:55.44,56.12 1 3
github.com/PointerByte/GoForge/logger/formatter/models.go:58.3,60.26 3 3
github.com/PointerByte/GoForge/logger/formatter/models.go:64.43,66.2 1 1
github.com/PointerByte/GoForge/logger/formatter/models.go:68.45,70.2 1 1
github.com/PointerByte/GoForge/logger/formatter/models.go:97.44,99.2 1 1
github.com/PointerByte/GoForge/logger/formatter/models.go:101.39,103.2 1 1
github.com/PointerByte/GoForge/logger/formatter/models.go:105.39,106.16 1 1
github.com/PointerByte/GoForge/logger/formatter/models.go:106.16,108.3 1 0
github.com/PointerByte/GoForge/logger/formatter/models.go:109.2,110.25 2 1
github.com/PointerByte/GoForge/logger/formatter/models.go:113.43,115.2 1 1
github.com/PointerByte/GoForge/logger/formatter/models.go:117.45,119.2 1 1
github.com/PointerByte/GoForge/logger/middlewares/grpc/grpc.go:29.53,31.22 2 2
github.com/PointerByte/GoForge/logger/middlewares/grpc/grpc.go:31.22,33.3 1 1
github.com/PointerByte/GoForge/logger/middlewares/grpc/grpc.go:34.2,34.18 1 1
github.com/PointerByte/GoForge/logger/middlewares/grpc/grpc.go:37.60,41.2 3 1
github.com/PointerByte/GoForge/logger/middlewares/grpc/grpc.go:43.46,46.22 3 1
github.com/PointerByte/GoForge/logger/middlewares/grpc/grpc.go:46.22,48.3 1 1
github.com/PointerByte/GoForge/logger/middlewares/grpc/grpc.go:49.2,49.13 1 1
github.com/PointerByte/GoForge/logger/middlewares/grpc/grpc.go:59.55,61.2 1 3
github.com/PointerByte/GoForge/logger/middlewares/grpc/grpc.go:63.50,65.91 2 3
github.com/PointerByte/GoForge/logger/middlewares/grpc/grpc.go:65.91,67.3 1 3
github.com/PointerByte/GoForge/logger/middlewares/grpc/grpc.go:68.2,68.12 1 3
github.com/PointerByte/GoForge/logger/middlewares/grpc/grpc.go:71.50,72.50 1 5
github.com/PointerByte/GoForge/logger/middlewares/grpc/grpc.go:72.50,74.3 1 1
github.com/PointerByte/GoForge/logger/middlewares/grpc/grpc.go:75.2,75.78 1 4
github.com/PointerByte/GoForge/logger/middlewares/grpc/grpc.go:75.78,77.3 1 4
github.com/PointerByte/GoForge/logger/middlewares/grpc/grpc.go:78.2,78.12 1 4
github.com/PointerByte/GoForge/logger/middlewares/grpc/grpc.go:87.69,88.112 1 4
github.com/PointerByte/GoForge/logger/middlewares/grpc/grpc.go:88.112,93.3 4 4
github.com/PointerByte/GoForge/logger/middlewares/grpc/grpc.go:102.71,103.112 1 2
github.com/PointerByte/GoForge/logger/middlewares/grpc/grpc.go:103.112,112.3 4 2
github.com/PointerByte/GoForge/logger/middlewares/grpc/grpc.go:120.70,121.112 1 3
github.com/PointerByte/GoForge/logger/middlewares/grpc/grpc.go:121.112,124.69 3 3
github.com/PointerByte/GoForge/logger/middlewares/grpc/grpc.go:124.69,126.4 1 1
github.com/PointerByte/GoForge/logger/middlewares/grpc/grpc.go:127.3,127.70 1 3
github.com/PointerByte/GoForge/logger/middlewares/grpc/grpc.go:127.70,129.4 1 2
github.com/PointerByte/GoForge/logger/middlewares/grpc/grpc.go:130.3,130.19 1 3
github.com/PointerByte/GoForge/logger/middlewares/grpc/grpc.go:141.72,142.112 1 2
github.com/PointerByte/GoForge/logger/middlewares/grpc/grpc.go:142.112,150.69 4 2
github.com/PointerByte/GoForge/logger/middlewares/grpc/grpc.go:150.69,152.4 1 2
github.com/PointerByte/GoForge/logger/middlewares/grpc/grpc.go:153.3,153.70 1 2
github.com/PointerByte/GoForge/logger/middlewares/grpc/grpc.go:153.70,155.4 1 2
github.com/PointerByte/GoForge/logger/middlewares/grpc/grpc.go:156.3,156.13 1 2
github.com/PointerByte/GoForge/logger/middlewares/grpc/grpc.go:167.110,172.2 4 1
github.com/PointerByte/GoForge/logger/middlewares/grpc/grpc.go:177.115,182.2 4 3
github.com/PointerByte/GoForge/logger/middlewares/grpc/grpc.go:191.75,192.112 1 3
github.com/PointerByte/GoForge/logger/middlewares/grpc/grpc.go:192.112,198.3 5 3
github.com/PointerByte/GoForge/logger/middlewares/grpc/grpc.go:206.77,207.112 1 1
github.com/PointerByte/GoForge/logger/middlewares/grpc/grpc.go:207.112,216.3 5 1
github.com/PointerByte/GoForge/logger/middlewares/grpc/grpc.go:224.55,226.2 1 3
github.com/PointerByte/GoForge/logger/middlewares/grpc/grpc.go:228.62,230.15 2 7
github.com/PointerByte/GoForge/logger/middlewares/grpc/grpc.go:230.15,232.3 1 5
github.com/PointerByte/GoForge/logger/middlewares/grpc/grpc.go:233.2,233.81 1 7
github.com/PointerByte/GoForge/logger/middlewares/grpc/grpc.go:236.107,249.58 7 7
github.com/PointerByte/GoForge/logger/middlewares/grpc/grpc.go:249.58,251.22 2 2
github.com/PointerByte/GoForge/logger/middlewares/grpc/grpc.go:251.22,253.4 1 1
github.com/PointerByte/GoForge/logger/middlewares/grpc/grpc.go:255.2,255.19 1 7
github.com/PointerByte/GoForge/logger/middlewares/grpc/grpc.go:255.19,257.28 2 6
github.com/PointerByte/GoForge/logger/middlewares/grpc/grpc.go:257.28,259.4 1 0
github.com/PointerByte/GoForge/logger/middlewares/grpc/grpc.go:261.2,261.19 1 7
github.com/PointerByte/GoForge/logger/middlewares/grpc/grpc.go:261.19,263.3 1 1
github.com/PointerByte/GoForge/logger/middlewares/grpc/grpc.go:265.2,269.62 2 7
github.com/PointerByte/GoForge/logger/middlewares/grpc/grpc.go:269.62,271.3 1 1
github.com/PointerByte/GoForge/logger/middlewares/grpc/grpc.go:272.2,272.58 1 7
github.com/PointerByte/GoForge/logger/middlewares/grpc/grpc.go:272.58,274.3 1 2
github.com/PointerByte/GoForge/logger/middlewares/grpc/grpc.go:276.2,278.24 3 7
github.com/PointerByte/GoForge/logger/middlewares/grpc/grpc.go:281.55,282.18 1 4
github.com/PointerByte/GoForge/logger/middlewares/grpc/grpc.go:282.18,284.3 1 1
github.com/PointerByte/GoForge/logger/middlewares/grpc/grpc.go:285.2,286.30 2 3
github.com/PointerByte/GoForge/logger/middlewares/grpc/grpc.go:286.30,290.3 3 5
github.com/PointerByte/GoForge/logger/middlewares/grpc/grpc.go:291.2,291.16 1 3
github.com/PointerByte/GoForge/logger/middlewares/grpc/grpc.go:294.46,295.20 1 7
github.com/PointerByte/GoForge/logger/middlewares/grpc/grpc.go:296.9,297.13 1 2
github.com/PointerByte/GoForge/logger/middlewares/grpc/grpc.go:298.9,299.18 1 2
github.com/PointerByte/GoForge/logger/middlewares/grpc/grpc.go:300.10,301.15 1 3
github.com/PointerByte/GoForge/logger/middlewares/grpc/grpc.go:305.55,308.41 3 9
github.com/PointerByte/GoForge/logger/middlewares/grpc/grpc.go:308.41,310.3 1 4
github.com/PointerByte/GoForge/logger/middlewares/grpc/grpc.go:312.2,313.26 2 5
github.com/PointerByte/GoForge/logger/middlewares/grpc/grpc.go:313.26,315.10 2 0
github.com/PointerByte/GoForge/logger/middlewares/grpc/grpc.go:315.10,317.4 1 0
github.com/PointerByte/GoForge/logger/middlewares/grpc/grpc.go:318.3,319.14 2 0
github.com/PointerByte/GoForge/logger/middlewares/grpc/grpc.go:319.14,321.4 1 0
github.com/PointerByte/GoForge/logger/middlewares/grpc/grpc.go:322.3,322.24 1 0
github.com/PointerByte/GoForge/logger/middlewares/grpc/grpc.go:324.2,324.83 1 5
github.com/PointerByte/GoForge/logger/middlewares/grpc/grpc.go:324.83,326.3 1 3
github.com/PointerByte/GoForge/logger/middlewares/grpc/grpc.go:327.2,327.86 1 5
github.com/PointerByte/GoForge/logger/middlewares/grpc/grpc.go:327.86,329.3 1 4
github.com/PointerByte/GoForge/logger/middlewares/grpc/grpc.go:330.2,331.43 2 5
github.com/PointerByte/GoForge/logger/middlewares/grpc/grpc.go:334.83,336.9 2 35
github.com/PointerByte/GoForge/logger/middlewares/grpc/grpc.go:336.9,338.3 1 33
github.com/PointerByte/GoForge/logger/middlewares/grpc/grpc.go:339.2,339.9 1 35
github.com/PointerByte/GoForge/logger/middlewares/grpc/grpc.go:339.9,341.3 1 0
github.com/PointerByte/GoForge/logger/middlewares/grpc/grpc.go:342.2,343.28 2 35
github.com/PointerByte/GoForge/logger/middlewares/grpc/grpc.go:348.60,351.2 2 0
github.com/PointerByte/GoForge/logger/middlewares/grpc/grpc.go:355.61,358.2 2 1
github.com/PointerByte/GoForge/logger/middlewares/grpc/grpc.go:362.60,365.2 2 1
github.com/PointerByte/GoForge/logger/middlewares/grpc/grpc.go:369.56,372.2 2 1
github.com/PointerByte/GoForge/logger/middlewares/grpc/grpc.go:374.77,375.91 1 12
github.com/PointerByte/GoForge/logger/middlewares/grpc/grpc.go:375.91,377.3 1 1
github.com/PointerByte/GoForge/logger/middlewares/grpc/grpc.go:378.2,378.40 1 11
github.com/PointerByte/GoForge/logger/middlewares/grpc/grpc.go:378.40,380.3 1 1
github.com/PointerByte/GoForge/logger/middlewares/grpc/grpc.go:381.2,381.35 1 10
github.com/PointerByte/GoForge/logger/middlewares/grpc/grpc.go:381.35,383.3 1 1
github.com/PointerByte/GoForge/logger/middlewares/grpc/grpc.go:385.2,385.57 1 9
github.com/PointerByte/GoForge/logger/middlewares/grpc/grpc.go:385.57,386.44 1 3
github.com/PointerByte/GoForge/logger/middlewares/grpc/grpc.go:386.44,389.4 2 3
github.com/PointerByte/GoForge/logger/middlewares/grpc/grpc.go:391.2,391.58 1 6
github.com/PointerByte/GoForge/logger/middlewares/grpc/grpc.go:391.58,392.44 1 1
github.com/PointerByte/GoForge/logger/middlewares/grpc/grpc.go:392.44,395.4 2 1
github.com/PointerByte/GoForge/logger/middlewares/grpc/grpc.go:397.2,397.57 1 5
github.com/PointerByte/GoForge/logger/middlewares/grpc/grpc.go:397.57,398.44 1 1
github.com/PointerByte/GoForge/logger/middlewares/grpc/grpc.go:398.44,401.4 2 1
github.com/PointerByte/GoForge/logger/middlewares/grpc/grpc.go:403.2,403.58 1 4
github.com/PointerByte/GoForge/logger/middlewares/grpc/grpc.go:403.58,404.72 1 3
github.com/PointerByte/GoForge/logger/middlewares/grpc/grpc.go:404.72,405.43 1 2
github.com/PointerByte/GoForge/logger/middlewares/grpc/grpc.go:405.43,407.5 1 1
github.com/PointerByte/GoForge/logger/middlewares/grpc/grpc.go:408.4,409.10 2 1
github.com/PointerByte/GoForge/logger/middlewares/grpc/grpc.go:412.2,412.20 1 2
github.com/PointerByte/GoForge/logger/middlewares/grpc/grpc.go:412.20,414.3 1 0
github.com/PointerByte/GoForge/logger/middlewares/grpc/grpc.go:415.2,415.22 1 2
github.com/PointerByte/GoForge/logger/middlewares/grpc/grpc.go:418.47,419.26 1 16
github.com/PointerByte/GoForge/logger/middlewares/grpc/grpc.go:420.53,421.14 1 4
github.com/PointerByte/GoForge/logger/middlewares/grpc/grpc.go:422.10,423.15 1 12
github.com/PointerByte/GoForge/logger/middlewares/grpc/grpc.go:427.53,430.45 3 14
github.com/PointerByte/GoForge/logger/middlewares/grpc/grpc.go:430.45,432.25 2 7
github.com/PointerByte/GoForge/logger/middlewares/grpc/grpc.go:432.25,433.12 1 1
github.com/PointerByte/GoForge/logger/middlewares/grpc/grpc.go:435.3,435.65 1 6
github.com/PointerByte/GoForge/logger/middlewares/grpc/grpc.go:435.65,437.4 1 3
github.com/PointerByte/GoForge/logger/middlewares/grpc/grpc.go:439.2,439.14 1 11
github.com/PointerByte/GoForge/logger/middlewares/grpc/grpc.go:442.49,444.21 2 14
github.com/PointerByte/GoForge/logger/middlewares/grpc/grpc.go:444.21,446.3 1 0
github.com/PointerByte/GoForge/logger/middlewares/grpc/grpc.go:447.2,447.28 1 14
github.com/PointerByte/GoForge/logger/middlewares/grpc/grpc.go:450.31,451.16 1 7
github.com/PointerByte/GoForge/logger/middlewares/grpc/grpc.go:451.16,453.3 1 1
github.com/PointerByte/GoForge/logger/middlewares/grpc/grpc.go:454.2,455.22 2 6
github.com/PointerByte/GoForge/logger/middlewares/grpc/grpc.go:456.98,457.24 1 6
github.com/PointerByte/GoForge/logger/middlewares/grpc/grpc.go:458.10,459.14 1 0
github.com/PointerByte/GoForge/logger/middlewares/grpc/utilities.go:17.94,20.2 2 6
github.com/PointerByte/GoForge/logger/middlewares/grpc/utilities.go:24.99,27.2 2 4
github.com/PointerByte/GoForge/logger/sanitizer/sanitizer.go:37.35,39.27 2 9
github.com/PointerByte/GoForge/logger/sanitizer/sanitizer.go:39.27,41.16 2 13
github.com/PointerByte/GoForge/logger/sanitizer/sanitizer.go:41.16,42.12 1 0
github.com/PointerByte/GoForge/logger/sanitizer/sanitizer.go:44.3,45.58 2 13
github.com/PointerByte/GoForge/logger/sanitizer/sanitizer.go:47.2,47.10 1 9
github.com/PointerByte/GoForge/logger/sanitizer/sanitizer.go:51.28,54.2 2 1
github.com/PointerByte/GoForge/logger/sanitizer/sanitizer.go:57.35,59.2 1 45
github.com/PointerByte/GoForge/logger/sanitizer/sanitizer.go:62.75,63.18 1 2
github.com/PointerByte/GoForge/logger/sanitizer/sanitizer.go:63.18,65.3 1 1
github.com/PointerByte/GoForge/logger/sanitizer/sanitizer.go:67.2,69.33 3 1
github.com/PointerByte/GoForge/logger/sanitizer/sanitizer.go:69.33,71.3 1 1
github.com/PointerByte/GoForge/logger/sanitizer/sanitizer.go:72.2,72.12 1 1
github.com/PointerByte/GoForge/logger/sanitizer/sanitizer.go:76.73,77.18 1 2
github.com/PointerByte/GoForge/logger/sanitizer/sanitizer.go:77.18,79.3 1 1
github.com/PointerByte/GoForge/logger/sanitizer/sanitizer.go:81.2,88.16 8 1
github.com/PointerByte/GoForge/logger/sanitizer/sanitizer.go:92.73,93.18 1 2
github.com/PointerByte/GoForge/logger/sanitizer/sanitizer.go:93.18,95.3 1 1
github.com/PointerByte/GoForge/logger/sanitizer/sanitizer.go:97.2,101.28 5 1
github.com/PointerByte/GoForge/logger/sanitizer/sanitizer.go:101.28,104.3 2 0
github.com/PointerByte/GoForge/logger/sanitizer/sanitizer.go:105.2,107.16 3 1
github.com/PointerByte/GoForge/logger/sanitizer/sanitizer.go:111.61,112.36 1 3
github.com/PointerByte/GoForge/logger/sanitizer/sanitizer.go:112.36,114.3 1 2
github.com/PointerByte/GoForge/logger/sanitizer/sanitizer.go:116.2,117.35 2 1
github.com/PointerByte/GoForge/logger/sanitizer/sanitizer.go:117.35,119.25 2 2
github.com/PointerByte/GoForge/logger/sanitizer/sanitizer.go:119.25,120.30 1 1
github.com/PointerByte/GoForge/logger/sanitizer/sanitizer.go:120.30,122.5 1 1
github.com/PointerByte/GoForge/logger/sanitizer/sanitizer.go:123.4,124.12 2 1
github.com/PointerByte/GoForge/logger/sanitizer/sanitizer.go:126.3,126.36 1 1
github.com/PointerByte/GoForge/logger/sanitizer/sanitizer.go:126.36,128.4 1 1
github.com/PointerByte/GoForge/logger/sanitizer/sanitizer.go:129.3,129.23 1 1
github.com/PointerByte/GoForge/logger/sanitizer/sanitizer.go:131.2,131.12 1 1
github.com/PointerByte/GoForge/logger/sanitizer/sanitizer.go:135.41,136.18 1 20
github.com/PointerByte/GoForge/logger/sanitizer/sanitizer.go:136.18,138.3 1 1
github.com/PointerByte/GoForge/logger/sanitizer/sanitizer.go:139.2,139.30 1 19
github.com/PointerByte/GoForge/logger/sanitizer/sanitizer.go:142.64,143.37 1 54
github.com/PointerByte/GoForge/logger/sanitizer/sanitizer.go:143.37,145.3 1 14
github.com/PointerByte/GoForge/logger/sanitizer/sanitizer.go:146.2,146.38 1 40
github.com/PointerByte/GoForge/logger/sanitizer/sanitizer.go:146.38,148.3 1 2
github.com/PointerByte/GoForge/logger/sanitizer/sanitizer.go:150.2,150.30 1 38
github.com/PointerByte/GoForge/logger/sanitizer/sanitizer.go:151.14,152.32 1 10
github.com/PointerByte/GoForge/logger/sanitizer/sanitizer.go:153.14,154.40 1 1
github.com/PointerByte/GoForge/logger/sanitizer/sanitizer.go:155.19,156.25 1 0
github.com/PointerByte/GoForge/logger/sanitizer/sanitizer.go:157.22,159.42 2 12
github.com/PointerByte/GoForge/logger/sanitizer/sanitizer.go:159.42,161.4 1 22
github.com/PointerByte/GoForge/logger/sanitizer/sanitizer.go:162.3,162.13 1 12
github.com/PointerByte/GoForge/logger/sanitizer/sanitizer.go:163.25,165.42 2 1
github.com/PointerByte/GoForge/logger/sanitizer/sanitizer.go:165.42,166.31 1 2
github.com/PointerByte/GoForge/logger/sanitizer/sanitizer.go:166.31,168.13 2 1
github.com/PointerByte/GoForge/logger/sanitizer/sanitizer.go:170.4,170.48 1 1
github.com/PointerByte/GoForge/logger/sanitizer/sanitizer.go:172.3,172.13 1 1
github.com/PointerByte/GoForge/logger/sanitizer/sanitizer.go:173.27,175.43 2 1
github.com/PointerByte/GoForge/logger/sanitizer/sanitizer.go:175.43,177.31 2 2
github.com/PointerByte/GoForge/logger/sanitizer/sanitizer.go:177.31,178.36 1 1
github.com/PointerByte/GoForge/logger/sanitizer/sanitizer.go:178.36,180.6 1 2
github.com/PointerByte/GoForge/logger/sanitizer/sanitizer.go:181.5,182.13 2 1
github.com/PointerByte/GoForge/logger/sanitizer/sanitizer.go:184.4,184.47 1 1
github.com/PointerByte/GoForge/logger/sanitizer/sanitizer.go:184.47,186.5 1 1
github.com/PointerByte/GoForge/logger/sanitizer/sanitizer.go:187.4,187.26 1 1
github.com/PointerByte/GoForge/logger/sanitizer/sanitizer.go:189.3,189.13 1 1
github.com/PointerByte/GoForge/logger/sanitizer/sanitizer.go:190.13,192.39 2 1
github.com/PointerByte/GoForge/logger/sanitizer/sanitizer.go:192.39,194.4 1 2
github.com/PointerByte/GoForge/logger/sanitizer/sanitizer.go:195.3,195.13 1 1
github.com/PointerByte/GoForge/logger/sanitizer/sanitizer.go:196.16,198.39 2 1
github.com/PointerByte/GoForge/logger/sanitizer/sanitizer.go:198.39,200.4 1 1
github.com/PointerByte/GoForge/logger/sanitizer/sanitizer.go:201.3,201.13 1 1
github.com/PointerByte/GoForge/logger/sanitizer/sanitizer.go:204.2,204.37 1 11
github.com/PointerByte/GoForge/logger/sanitizer/sanitizer.go:207.59,209.19 2 11
github.com/PointerByte/GoForge/logger/sanitizer/sanitizer.go:209.19,211.3 1 0
github.com/PointerByte/GoForge/logger/sanitizer/sanitizer.go:213.2,213.19 1 11
github.com/PointerByte/GoForge/logger/sanitizer/sanitizer.go:214.42,215.17 1 2
github.com/PointerByte/GoForge/logger/sanitizer/sanitizer.go:215.17,217.4 1 1
github.com/PointerByte/GoForge/logger/sanitizer/sanitizer.go:218.3,218.32 1 1
github.com/PointerByte/GoForge/logger/sanitizer/sanitizer.go:218.32,220.4 1 0
github.com/PointerByte/GoForge/logger/sanitizer/sanitizer.go:221.3,221.53 1 1
github.com/PointerByte/GoForge/logger/sanitizer/sanitizer.go:222.19,225.19 3 1
github.com/PointerByte/GoForge/logger/sanitizer/sanitizer.go:225.19,228.34 3 1
github.com/PointerByte/GoForge/logger/sanitizer/sanitizer.go:228.34,229.13 1 0
github.com/PointerByte/GoForge/logger/sanitizer/sanitizer.go:231.4,231.70 1 1
github.com/PointerByte/GoForge/logger/sanitizer/sanitizer.go:233.3,233.13 1 1
github.com/PointerByte/GoForge/logger/sanitizer/sanitizer.go:234.36,236.45 2 1
github.com/PointerByte/GoForge/logger/sanitizer/sanitizer.go:236.45,238.34 2 2
github.com/PointerByte/GoForge/logger/sanitizer/sanitizer.go:238.34,239.13 1 0
github.com/PointerByte/GoForge/logger/sanitizer/sanitizer.go:241.4,241.61 1 2
github.com/PointerByte/GoForge/logger/sanitizer/sanitizer.go:243.3,243.13 1 1
github.com/PointerByte/GoForge/logger/sanitizer/sanitizer.go:244.22,245.37 1 3
github.com/PointerByte/GoForge/logger/sanitizer/sanitizer.go:246.10,247.15 1 4
github.com/PointerByte/GoForge/logger/sanitizer/sanitizer.go:251.58,253.16 2 3
github.com/PointerByte/GoForge/logger/sanitizer/sanitizer.go:253.16,255.3 1 1
github.com/PointerByte/GoForge/logger/sanitizer/sanitizer.go:257.2,260.49 4 2
github.com/PointerByte/GoForge/logger/sanitizer/sanitizer.go:260.49,262.3 1 0
github.com/PointerByte/GoForge/logger/sanitizer/sanitizer.go:263.2,263.38 1 2
github.com/PointerByte/GoForge/logger/sanitizer/sanitizer.go:266.56,267.33 1 25
github.com/PointerByte/GoForge/logger/sanitizer/sanitizer.go:267.33,269.3 1 8
github.com/PointerByte/GoForge/logger/sanitizer/sanitizer.go:271.2,271.58 1 17
github.com/PointerByte/GoForge/logger/sanitizer/sanitizer.go:271.58,273.3 1 4
github.com/PointerByte/GoForge/logger/sanitizer/sanitizer.go:275.2,276.37 2 13
github.com/PointerByte/GoForge/logger/sanitizer/sanitizer.go:276.37,278.3 1 93
github.com/PointerByte/GoForge/logger/sanitizer/sanitizer.go:279.2,279.12 1 13
github.com/PointerByte/GoForge/logger/sanitizer/sanitizer.go:282.68,284.74 2 17
github.com/PointerByte/GoForge/logger/sanitizer/sanitizer.go:284.74,286.3 1 12
github.com/PointerByte/GoForge/logger/sanitizer/sanitizer.go:288.2,291.49 4 5
github.com/PointerByte/GoForge/logger/sanitizer/sanitizer.go:291.49,293.3 1 0
github.com/PointerByte/GoForge/logger/sanitizer/sanitizer.go:294.2,295.50 2 5
github.com/PointerByte/GoForge/logger/sanitizer/sanitizer.go:295.50,297.3 1 1
github.com/PointerByte/GoForge/logger/sanitizer/sanitizer.go:299.2,301.16 3 4
github.com/PointerByte/GoForge/logger/sanitizer/sanitizer.go:301.16,303.3 1 0
github.com/PointerByte/GoForge/logger/sanitizer/sanitizer.go:304.2,304.27 1 4
github.com/PointerByte/GoForge/logger/sanitizer/sanitizer.go:307.49,309.15 2 30
github.com/PointerByte/GoForge/logger/sanitizer/sanitizer.go:309.15,311.3 1 1
github.com/PointerByte/GoForge/logger/sanitizer/sanitizer.go:312.2,312.30 1 29
github.com/PointerByte/GoForge/logger/sanitizer/sanitizer.go:312.30,314.3 1 15
github.com/PointerByte/GoForge/logger/sanitizer/sanitizer.go:315.2,315.34 1 14
github.com/PointerByte/GoForge/logger/sanitizer/sanitizer.go:315.34,316.41 1 34
github.com/PointerByte/GoForge/logger/sanitizer/sanitizer.go:316.41,318.4 1 2
github.com/PointerByte/GoForge/logger/sanitizer/sanitizer.go:320.2,320.14 1 12
github.com/PointerByte/GoForge/logger/sanitizer/sanitizer.go:323.38,325.2 1 43
github.com/PointerByte/GoForge/logger/sanitizer/sanitizer.go:327.49,343.2 2 13
github.com/PointerByte/GoForge/logger/middlewares/http/http.go:25.35,26.32 1 4
github.com/PointerByte/GoForge/logger/middlewares/http/http.go:26.32,51.20 10 4
github.com/PointerByte/GoForge/logger/middlewares/http/http.go:51.20,53.29 2 3
github.com/PointerByte/GoForge/logger/middlewares/http/http.go:53.29,55.5 1 0
github.com/PointerByte/GoForge/logger/middlewares/http/http.go:57.3,57.20 1 4
github.com/PointerByte/GoForge/logger/middlewares/http/http.go:57.20,59.4 1 1
github.com/PointerByte/GoForge/logger/middlewares/http/http.go:61.3,78.13 6 4
github.com/PointerByte/GoForge/logger/middlewares/http/http.go:88.58,89.23 1 12
github.com/PointerByte/GoForge/logger/middlewares/http/http.go:89.23,91.3 1 4
github.com/PointerByte/GoForge/logger/middlewares/http/http.go:92.2,92.34 1 12
github.com/PointerByte/GoForge/logger/middlewares/http/http.go:95.64,96.23 1 0
github.com/PointerByte/GoForge/logger/middlewares/http/http.go:96.23,98.3 1 0
github.com/PointerByte/GoForge/logger/middlewares/http/http.go:99.2,99.40 1 0
github.com/PointerByte/GoForge/logger/middlewares/http/http.go:108.68,110.32 2 7
github.com/PointerByte/GoForge/logger/middlewares/http/http.go:110.32,112.3 1 2
github.com/PointerByte/GoForge/logger/middlewares/http/http.go:113.2,113.15 1 7
github.com/PointerByte/GoForge/logger/middlewares/http/http.go:125.36,126.30 1 12
github.com/PointerByte/GoForge/logger/middlewares/http/http.go:126.30,129.28 3 12
github.com/PointerByte/GoForge/logger/middlewares/http/http.go:129.28,133.32 1 11
github.com/PointerByte/GoForge/logger/middlewares/http/http.go:133.32,133.96 1 3
github.com/PointerByte/GoForge/logger/middlewares/http/http.go:135.4,135.35 1 11
github.com/PointerByte/GoForge/logger/middlewares/http/http.go:138.3,142.32 2 12
github.com/PointerByte/GoForge/logger/middlewares/http/http.go:142.32,142.97 1 12
github.com/PointerByte/GoForge/logger/middlewares/http/http.go:144.3,148.60 3 12
github.com/PointerByte/GoForge/logger/middlewares/http/http.go:148.60,149.29 1 3
github.com/PointerByte/GoForge/logger/middlewares/http/http.go:149.29,151.5 1 2
github.com/PointerByte/GoForge/logger/middlewares/http/http.go:152.4,152.54 1 3
github.com/PointerByte/GoForge/logger/middlewares/http/http.go:154.3,154.61 1 12
github.com/PointerByte/GoForge/logger/middlewares/http/http.go:154.61,156.4 1 4
github.com/PointerByte/GoForge/logger/middlewares/http/http.go:160.70,162.9 2 39
github.com/PointerByte/GoForge/logger/middlewares/http/http.go:162.9,164.3 1 18
github.com/PointerByte/GoForge/logger/middlewares/http/http.go:165.2,166.24 2 21
github.com/PointerByte/GoForge/logger/middlewares/http/http.go:179.41,181.56 1 9
github.com/PointerByte/GoForge/logger/middlewares/http/http.go:181.56,184.49 3 8
github.com/PointerByte/GoForge/logger/middlewares/http/http.go:184.49,186.5 1 7
github.com/PointerByte/GoForge/logger/middlewares/http/http.go:187.4,187.47 1 8
github.com/PointerByte/GoForge/logger/middlewares/http/http.go:187.47,189.5 1 7
github.com/PointerByte/GoForge/logger/middlewares/http/http.go:191.4,191.53 1 8
github.com/PointerByte/GoForge/logger/middlewares/http/http.go:191.53,193.5 1 3
github.com/PointerByte/GoForge/logger/middlewares/http/http.go:194.4,194.61 1 8
github.com/PointerByte/GoForge/logger/middlewares/http/http.go:194.61,195.18 1 3
github.com/PointerByte/GoForge/logger/middlewares/http/http.go:195.18,197.27 2 1
github.com/PointerByte/GoForge/logger/middlewares/http/http.go:197.27,198.57 1 1
github.com/PointerByte/GoForge/logger/middlewares/http/http.go:198.57,200.8 1 1
github.com/PointerByte/GoForge/logger/middlewares/http/http.go:202.6,202.45 1 1
github.com/PointerByte/GoForge/logger/middlewares/http/http.go:205.4,205.62 1 8
github.com/PointerByte/GoForge/logger/middlewares/http/http.go:205.62,206.18 1 3
github.com/PointerByte/GoForge/logger/middlewares/http/http.go:206.18,208.27 2 2
github.com/PointerByte/GoForge/logger/middlewares/http/http.go:208.27,209.58 1 2
github.com/PointerByte/GoForge/logger/middlewares/http/http.go:209.58,211.8 1 2
github.com/PointerByte/GoForge/logger/middlewares/http/http.go:213.6,213.47 1 2
github.com/PointerByte/GoForge/logger/middlewares/http/http.go:216.4,218.56 2 8
github.com/PointerByte/GoForge/logger/middlewares/http/http.go:218.56,219.38 1 4
github.com/PointerByte/GoForge/logger/middlewares/http/http.go:219.38,222.6 2 4
github.com/PointerByte/GoForge/logger/middlewares/http/http.go:224.4,224.57 1 4
github.com/PointerByte/GoForge/logger/middlewares/http/http.go:224.57,225.38 1 1
github.com/PointerByte/GoForge/logger/middlewares/http/http.go:225.38,228.6 2 1
github.com/PointerByte/GoForge/logger/middlewares/http/http.go:230.4,230.56 1 3
github.com/PointerByte/GoForge/logger/middlewares/http/http.go:230.56,231.38 1 1
github.com/PointerByte/GoForge/logger/middlewares/http/http.go:231.38,234.6 2 1
github.com/PointerByte/GoForge/logger/middlewares/http/http.go:236.4,236.57 1 2
github.com/PointerByte/GoForge/logger/middlewares/http/http.go:236.57,237.37 1 1
github.com/PointerByte/GoForge/logger/middlewares/http/http.go:237.37,240.6 2 1
github.com/PointerByte/GoForge/logger/middlewares/http/http.go:242.4,242.13 1 1
github.com/PointerByte/GoForge/logger/middlewares/http/http.go:246.35,248.4 1 9
github.com/PointerByte/GoForge/logger/middlewares/http/http.go:254.50,260.2 5 6
github.com/PointerByte/GoForge/logger/middlewares/http/http.go:264.51,270.2 5 2
github.com/PointerByte/GoForge/logger/middlewares/http/http.go:274.50,280.2 5 2
github.com/PointerByte/GoForge/logger/middlewares/http/http.go:284.46,290.2 5 2
github.com/PointerByte/GoForge/logger/middlewares/http/http.go:292.58,293.38 1 12
github.com/PointerByte/GoForge/logger/middlewares/http/http.go:293.38,295.3 1 4
github.com/PointerByte/GoForge/logger/middlewares/http/http.go:296.2,296.30 1 8
github.com/PointerByte/GoForge/logger/middlewares/http/utilities.go:18.84,21.2 2 7
github.com/PointerByte/GoForge/logger/middlewares/http/utilities.go:29.89,33.2 3 4
github.com/PointerByte/GoForge/logger/builder/config.go:30.82,32.16 2 3
github.com/PointerByte/GoForge/logger/builder/config.go:32.16,34.3 1 1
github.com/PointerByte/GoForge/logger/builder/config.go:35.2,42.16 2 2
github.com/PointerByte/GoForge/logger/builder/config.go:42.16,44.3 1 1
github.com/PointerByte/GoForge/logger/builder/config.go:46.2,50.22 2 1
github.com/PointerByte/GoForge/logger/builder/config.go:63.82,70.16 4 3
github.com/PointerByte/GoForge/logger/builder/config.go:70.16,72.3 1 1
github.com/PointerByte/GoForge/logger/builder/config.go:73.2,78.16 4 2
github.com/PointerByte/GoForge/logger/builder/config.go:78.16,80.3 1 1
github.com/PointerByte/GoForge/logger/builder/config.go:81.2,88.81 3 1
github.com/PointerByte/GoForge/logger/builder/config.go:88.81,99.3 2 1
github.com/PointerByte/GoForge/logger/builder/config.go:99.8,101.3 1 0
github.com/PointerByte/GoForge/logger/builder/config.go:104.2,107.16 3 1
github.com/PointerByte/GoForge/logger/builder/config.go:110.28,111.80 1 6
github.com/PointerByte/GoForge/logger/builder/config.go:112.15,113.25 1 1
github.com/PointerByte/GoForge/logger/builder/config.go:114.14,115.24 1 1
github.com/PointerByte/GoForge/logger/builder/config.go:116.14,117.24 1 1
github.com/PointerByte/GoForge/logger/builder/config.go:118.15,119.25 1 1
github.com/PointerByte/GoForge/logger/builder/config.go:120.10,121.24 1 2
github.com/PointerByte/GoForge/logger/builder/config.go:125.23,127.2 1 3
github.com/PointerByte/GoForge/logger/builder/config.go:129.24,131.2 1 14
github.com/PointerByte/GoForge/logger/builder/context.go:36.34,38.2 1 1
github.com/PointerByte/GoForge/logger/builder/context.go:47.52,48.19 1 34
github.com/PointerByte/GoForge/logger/builder/context.go:48.19,50.3 1 0
github.com/PointerByte/GoForge/logger/builder/context.go:52.2,52.50 1 34
github.com/PointerByte/GoForge/logger/builder/context.go:52.50,54.3 1 8
github.com/PointerByte/GoForge/logger/builder/context.go:56.2,56.47 1 26
github.com/PointerByte/GoForge/logger/builder/context.go:56.47,57.46 1 0
github.com/PointerByte/GoForge/logger/builder/context.go:57.46,59.4 1 0
github.com/PointerByte/GoForge/logger/builder/context.go:61.2,61.19 1 26
github.com/PointerByte/GoForge/logger/builder/context.go:69.43,70.19 1 34
github.com/PointerByte/GoForge/logger/builder/context.go:70.19,72.3 1 0
github.com/PointerByte/GoForge/logger/builder/context.go:75.2,75.38 1 34
github.com/PointerByte/GoForge/logger/builder/context.go:75.38,77.3 1 8
github.com/PointerByte/GoForge/logger/builder/context.go:79.2,103.19 12 26
github.com/PointerByte/GoForge/logger/builder/context.go:107.48,109.2 1 9
github.com/PointerByte/GoForge/logger/builder/context.go:112.44,113.29 1 9
github.com/PointerByte/GoForge/logger/builder/context.go:113.29,115.3 1 0
github.com/PointerByte/GoForge/logger/builder/context.go:116.2,116.27 1 9
github.com/PointerByte/GoForge/logger/builder/context.go:120.43,122.2 1 240
github.com/PointerByte/GoForge/logger/builder/context.go:126.41,127.14 1 27
github.com/PointerByte/GoForge/logger/builder/context.go:127.14,129.3 1 0
github.com/PointerByte/GoForge/logger/builder/context.go:130.2,131.30 2 27
github.com/PointerByte/GoForge/logger/builder/context.go:135.36,136.36 1 11
github.com/PointerByte/GoForge/logger/builder/context.go:136.36,137.53 1 11
github.com/PointerByte/GoForge/logger/builder/context.go:137.53,139.4 1 11
github.com/PointerByte/GoForge/logger/builder/context.go:141.2,141.43 1 0
github.com/PointerByte/GoForge/logger/builder/context.go:141.43,142.36 1 0
github.com/PointerByte/GoForge/logger/builder/context.go:142.36,144.4 1 0
github.com/PointerByte/GoForge/logger/builder/context.go:146.2,146.11 1 0
github.com/PointerByte/GoForge/logger/builder/context.go:150.53,152.2 1 79
github.com/PointerByte/GoForge/logger/builder/context.go:155.43,156.29 1 2
github.com/PointerByte/GoForge/logger/builder/context.go:156.29,158.3 1 1
github.com/PointerByte/GoForge/logger/builder/context.go:159.2,159.63 1 1
github.com/PointerByte/GoForge/logger/builder/context.go:164.38,166.2 1 10
github.com/PointerByte/GoForge/logger/builder/context.go:169.63,181.2 3 1
github.com/PointerByte/GoForge/logger/builder/context.go:185.79,197.2 3 1
github.com/PointerByte/GoForge/logger/builder/formatLog.go:21.71,22.35 1 9
github.com/PointerByte/GoForge/logger/builder/formatLog.go:22.35,24.3 1 0
github.com/PointerByte/GoForge/logger/builder/formatLog.go:25.2,25.40 1 9
github.com/PointerByte/GoForge/logger/builder/formatLog.go:28.52,30.29 1 9
github.com/PointerByte/GoForge/logger/builder/formatLog.go:30.29,32.3 1 9
github.com/PointerByte/GoForge/logger/builder/formatLog.go:33.2,40.36 4 9
github.com/PointerByte/GoForge/logger/builder/formatLog.go:40.36,42.3 1 9
github.com/PointerByte/GoForge/logger/builder/formatLog.go:43.2,43.26 1 9
github.com/PointerByte/GoForge/logger/builder/formatLog.go:43.26,45.3 1 0
github.com/PointerByte/GoForge/logger/builder/formatLog.go:48.2,49.37 2 9
github.com/PointerByte/GoForge/logger/builder/formatLog.go:49.37,51.3 1 9
github.com/PointerByte/GoForge/logger/builder/formatLog.go:52.2,52.15 1 9
github.com/PointerByte/GoForge/logger/builder/formatLog.go:52.15,56.3 3 9
github.com/PointerByte/GoForge/logger/builder/formatLog.go:59.2,69.10 5 9
github.com/PointerByte/GoForge/logger/builder/formatLog.go:87.57,88.77 1 12
github.com/PointerByte/GoForge/logger/builder/formatLog.go:88.77,90.3 1 1
github.com/PointerByte/GoForge/logger/builder/formatLog.go:91.2,94.31 4 11
github.com/PointerByte/GoForge/logger/builder/formatLog.go:97.57,98.20 1 11
github.com/PointerByte/GoForge/logger/builder/formatLog.go:98.20,100.3 1 1
github.com/PointerByte/GoForge/logger/builder/formatLog.go:101.2,102.86 2 10
github.com/PointerByte/GoForge/logger/builder/formatLog.go:118.56,119.77 1 12
github.com/PointerByte/GoForge/logger/builder/formatLog.go:119.77,121.3 1 1
github.com/PointerByte/GoForge/logger/builder/formatLog.go:122.2,125.59 3 11
github.com/PointerByte/GoForge/logger/builder/formatLog.go:125.59,126.45 1 11
github.com/PointerByte/GoForge/logger/builder/formatLog.go:126.45,128.4 1 11
github.com/PointerByte/GoForge/logger/builder/formatLog.go:130.2,130.60 1 11
github.com/PointerByte/GoForge/logger/builder/formatLog.go:130.60,131.45 1 11
github.com/PointerByte/GoForge/logger/builder/formatLog.go:131.45,133.4 1 11
github.com/PointerByte/GoForge/logger/builder/formatLog.go:136.2,145.30 8 11
github.com/PointerByte/GoForge/logger/builder/formatLog.go:148.48,149.55 1 11
github.com/PointerByte/GoForge/logger/builder/formatLog.go:149.55,151.3 1 10
github.com/PointerByte/GoForge/logger/builder/formatLog.go:153.2,157.40 5 1
github.com/PointerByte/GoForge/logger/builder/formatLog.go:157.40,158.44 1 4
github.com/PointerByte/GoForge/logger/builder/formatLog.go:158.44,159.12 1 2
github.com/PointerByte/GoForge/logger/builder/formatLog.go:161.3,163.24 3 2
github.com/PointerByte/GoForge/logger/builder/formatLog.go:165.2,166.27 2 1
github.com/PointerByte/GoForge/logger/builder/formatLog.go:169.65,170.20 1 11
github.com/PointerByte/GoForge/logger/builder/formatLog.go:170.20,172.3 1 1
github.com/PointerByte/GoForge/logger/builder/formatLog.go:173.2,174.94 2 10
github.com/PointerByte/GoForge/logger/builder/formatLog.go:177.58,178.20 1 12
github.com/PointerByte/GoForge/logger/builder/formatLog.go:178.20,180.3 1 2
github.com/PointerByte/GoForge/logger/builder/formatLog.go:181.2,182.23 2 10
github.com/PointerByte/GoForge/logger/builder/formatLog.go:182.23,184.3 1 0
github.com/PointerByte/GoForge/logger/builder/formatLog.go:187.49,188.9 1 23
github.com/PointerByte/GoForge/logger/builder/formatLog.go:189.25,190.27 1 2
github.com/PointerByte/GoForge/logger/builder/formatLog.go:190.27,192.4 1 1
github.com/PointerByte/GoForge/logger/builder/formatLog.go:193.3,193.39 1 1
github.com/PointerByte/GoForge/logger/builder/formatLog.go:194.49,195.39 1 9
github.com/PointerByte/GoForge/logger/builder/formatLog.go:196.49,197.37 1 3
github.com/PointerByte/GoForge/logger/builder/formatLog.go:198.49,199.44 1 3
github.com/PointerByte/GoForge/logger/builder/formatLog.go:200.49,201.37 1 2
github.com/PointerByte/GoForge/logger/builder/formatLog.go:202.10,203.27 1 4
github.com/PointerByte/GoForge/logger/builder/formatLog.go:203.27,205.4 1 2
github.com/PointerByte/GoForge/logger/builder/formatLog.go:206.3,206.39 1 2
github.com/PointerByte/GoForge/logger/builder/formatLog.go:210.37,211.77 1 11
github.com/PointerByte/GoForge/logger/builder/formatLog.go:211.77,213.3 1 4
github.com/PointerByte/GoForge/logger/builder/formatLog.go:214.2,214.36 1 7
github.com/PointerByte/GoForge/logger/builder/formatLog.go:214.36,220.3 5 6
github.com/PointerByte/GoForge/logger/builder/formatLog.go:221.2,222.13 2 7
github.com/PointerByte/GoForge/logger/builder/formatLog.go:225.57,226.21 1 11
github.com/PointerByte/GoForge/logger/builder/formatLog.go:226.21,228.3 1 4
github.com/PointerByte/GoForge/logger/builder/formatLog.go:229.2,229.29 1 7
github.com/PointerByte/GoForge/logger/builder/formatLog.go:232.70,234.2 1 3
github.com/PointerByte/GoForge/logger/builder/formatLog.go:244.40,246.2 1 2
github.com/PointerByte/GoForge/logger/builder/formatLog.go:249.53,251.2 1 1
github.com/PointerByte/GoForge/logger/builder/formatLog.go:265.41,267.2 1 2
github.com/PointerByte/GoForge/logger/builder/formatLog.go:270.54,272.2 1 1
github.com/PointerByte/GoForge/logger/builder/formatLog.go:282.40,284.2 1 2
github.com/PointerByte/GoForge/logger/builder/formatLog.go:287.53,289.2 1 1
github.com/PointerByte/GoForge/logger/builder/formatLog.go:300.36,302.2 1 2
github.com/PointerByte/GoForge/logger/builder/formatLog.go:305.54,307.2 1 0
github.com/PointerByte/GoForge/logger/builder/slog.go:30.87,32.2 1 13
github.com/PointerByte/GoForge/logger/builder/slog.go:34.73,36.2 1 3
github.com/PointerByte/GoForge/logger/builder/slog.go:38.72,48.16 9 8
github.com/PointerByte/GoForge/logger/builder/slog.go:48.16,49.13 1 0
github.com/PointerByte/GoForge/logger/builder/slog.go:52.2,53.58 2 8
github.com/PointerByte/GoForge/logger/builder/slog.go:53.58,54.13 1 0
github.com/PointerByte/GoForge/logger/builder/slog.go:57.2,62.16 6 8
github.com/PointerByte/GoForge/logger/builder/slog.go:62.16,63.13 1 1
github.com/PointerByte/GoForge/logger/builder/slog.go:65.2,66.60 2 7
github.com/PointerByte/GoForge/logger/builder/slog.go:66.60,67.47 1 3
github.com/PointerByte/GoForge/logger/builder/slog.go:67.47,68.14 1 1
github.com/PointerByte/GoForge/logger/builder/slog.go:70.3,70.13 1 2
github.com/PointerByte/GoForge/logger/builder/slog.go:72.2,72.46 1 4
github.com/PointerByte/GoForge/logger/builder/slog.go:72.46,73.13 1 1
github.com/PointerByte/GoForge/logger/builder/slog.go:75.2,75.12 1 3
github.com/PointerByte/GoForge/logger/builder/slog.go:78.57,83.18 4 210
github.com/PointerByte/GoForge/logger/builder/slog.go:83.18,86.3 2 207
github.com/PointerByte/GoForge/logger/builder/slog.go:88.2,89.16 2 210
github.com/PointerByte/GoForge/logger/builder/slog.go:89.16,91.3 1 3
github.com/PointerByte/GoForge/logger/builder/slog.go:92.2,92.12 1 207
github.com/PointerByte/GoForge/logger/builder/slog.go:95.65,99.2 3 1
github.com/PointerByte/GoForge/logger/builder/slog.go:101.59,105.2 3 1
github.com/PointerByte/GoForge/logger/main.go:28.22,33.39 4 6
github.com/PointerByte/GoForge/logger/main.go:33.39,35.3 1 2
github.com/PointerByte/GoForge/logger/main.go:36.2,36.12 1 4
github.com/PointerByte/GoForge/logger/main.go:41.70,42.34 1 4
github.com/PointerByte/GoForge/logger/main.go:42.34,44.3 1 1
github.com/PointerByte/GoForge/logger/main.go:45.2,46.52 2 3
github.com/PointerByte/GoForge/logger/main.go:51.13,54.2 2 1
github.com/PointerByte/GoForge/logger/main.go:56.65,65.2 5 2
github.com/PointerByte/GoForge/logger/main.go:67.45,68.30 1 2
github.com/PointerByte/GoForge/logger/main.go:68.30,79.3 8 1
github.com/PointerByte/GoForge/logger/main.go:82.13,85.16 3 1
github.com/PointerByte/GoForge/logger/main.go:85.16,86.13 1 0
github.com/PointerByte/GoForge/logger/main.go:88.2,99.27 5 1
github.com/PointerByte/GoForge/logger/main.go:99.27,102.3 2 1
github.com/PointerByte/GoForge/logger/main.go:104.2,109.12 2 1
github.com/PointerByte/GoForge/logger/main.go:109.12,110.87 1 1
github.com/PointerByte/GoForge/logger/main.go:110.87,111.14 1 0
github.com/PointerByte/GoForge/logger/main.go:114.2,115.28 2 1
github.com/PointerByte/GoForge/logger/main.go:120.63,129.42 7 3
github.com/PointerByte/GoForge/logger/main.go:129.42,132.3 2 1
github.com/PointerByte/GoForge/logger/main.go:134.2,135.42 2 2
github.com/PointerByte/GoForge/logger/main.go:135.42,138.3 2 0
github.com/PointerByte/GoForge/logger/main.go:139.2,139.47 1 2
