mode: atomic
github.com/PointerByte/GoForge/cmd/example/main.go:74.39,74.61 1 0
github.com/PointerByte/GoForge/cmd/example/main.go:75.54,75.85 1 0
github.com/PointerByte/GoForge/cmd/example/main.go:76.50,76.82 1 0
github.com/PointerByte/GoForge/cmd/example/main.go:79.47,79.89 1 0
github.com/PointerByte/GoForge/cmd/example/main.go:82.13,83.35 1 5
github.com/PointerByte/GoForge/cmd/example/main.go:84.22,85.43 1 2
github.com/PointerByte/GoForge/cmd/example/main.go:85.43,87.4 1 1
github.com/PointerByte/GoForge/cmd/example/main.go:88.23,89.44 1 2
github.com/PointerByte/GoForge/cmd/example/main.go:89.44,91.4 1 1
github.com/PointerByte/GoForge/cmd/example/main.go:92.10,93.136 1 1
github.com/PointerByte/GoForge/cmd/example/main.go:97.28,99.16 2 3
github.com/PointerByte/GoForge/cmd/example/main.go:99.16,101.3 1 1
github.com/PointerByte/GoForge/cmd/example/main.go:103.2,104.16 2 2
github.com/PointerByte/GoForge/cmd/example/main.go:104.16,106.3 1 1
github.com/PointerByte/GoForge/cmd/example/main.go:108.2,108.41 1 1
github.com/PointerByte/GoForge/cmd/example/main.go:108.41,116.3 3 1
github.com/PointerByte/GoForge/cmd/example/main.go:118.2,119.12 2 1
github.com/PointerByte/GoForge/cmd/example/main.go:122.29,125.55 2 2
github.com/PointerByte/GoForge/cmd/example/main.go:125.55,127.3 1 1
github.com/PointerByte/GoForge/cmd/example/main.go:127.17,129.3 1 1
github.com/PointerByte/GoForge/cmd/example/main.go:130.2,130.20 1 1
github.com/PointerByte/GoForge/cmd/example/main.go:133.105,138.2 2 1
github.com/PointerByte/GoForge/cmd/example/main.go:140.113,146.6 2 3
github.com/PointerByte/GoForge/cmd/example/main.go:146.6,148.10 2 5
github.com/PointerByte/GoForge/cmd/example/main.go:149.31,154.6 1 2
github.com/PointerByte/GoForge/cmd/example/main.go:155.19,156.14 1 1
github.com/PointerByte/GoForge/cmd/example/main.go:157.11,159.34 2 2
github.com/PointerByte/GoForge/cmd/example/main.go:164.115,165.6 1 3
github.com/PointerByte/GoForge/cmd/example/main.go:165.6,167.10 2 4
github.com/PointerByte/GoForge/cmd/example/main.go:168.31,169.14 1 1
github.com/PointerByte/GoForge/cmd/example/main.go:170.19,171.14 1 1
github.com/PointerByte/GoForge/cmd/example/main.go:172.11,179.19 1 2
github.com/PointerByte/GoForge/cmd/example/main.go:179.19,181.5 1 1
