mode: atomic
github.com/PointerByte/GoForge/cmd/go-openssl/main.go:21.13,22.49 1 2
github.com/PointerByte/GoForge/cmd/go-openssl/main.go:22.49,25.3 2 1
github.com/PointerByte/GoForge/cmd/go-openssl/main.go:29.38,31.2 1 1
github.com/PointerByte/GoForge/cmd/go-openssl/main.go:34.33,36.2 1 1
github.com/PointerByte/GoForge/cmd/go-openssl/code/app.go:32.20,41.2 1 1
github.com/PointerByte/GoForge/cmd/go-openssl/code/app.go:44.33,46.2 1 1
github.com/PointerByte/GoForge/cmd/go-openssl/code/app.go:49.46,60.2 5 6
github.com/PointerByte/GoForge/cmd/go-openssl/code/commands.go:40.43,45.2 1 7
github.com/PointerByte/GoForge/cmd/go-openssl/code/commands.go:48.56,52.55 1 7
github.com/PointerByte/GoForge/cmd/go-openssl/code/commands.go:52.55,54.18 2 1
github.com/PointerByte/GoForge/cmd/go-openssl/code/commands.go:54.18,56.5 1 0
github.com/PointerByte/GoForge/cmd/go-openssl/code/commands.go:58.4,59.18 2 1
github.com/PointerByte/GoForge/cmd/go-openssl/code/commands.go:59.18,61.5 1 0
github.com/PointerByte/GoForge/cmd/go-openssl/code/commands.go:63.4,73.14 2 1
github.com/PointerByte/GoForge/cmd/go-openssl/code/commands.go:77.2,95.17 19 7
github.com/PointerByte/GoForge/cmd/go-openssl/code/commands.go:99.39,103.2 1 7
github.com/PointerByte/GoForge/cmd/go-openssl/code/commands.go:106.52,110.55 1 7
github.com/PointerByte/GoForge/cmd/go-openssl/code/commands.go:110.55,111.45 1 1
github.com/PointerByte/GoForge/cmd/go-openssl/code/commands.go:111.45,113.5 1 0
github.com/PointerByte/GoForge/cmd/go-openssl/code/commands.go:115.4,116.18 2 1
github.com/PointerByte/GoForge/cmd/go-openssl/code/commands.go:116.18,118.5 1 0
github.com/PointerByte/GoForge/cmd/go-openssl/code/commands.go:119.4,119.51 1 1
github.com/PointerByte/GoForge/cmd/go-openssl/code/commands.go:119.51,121.5 1 0
github.com/PointerByte/GoForge/cmd/go-openssl/code/commands.go:122.4,123.14 2 1
github.com/PointerByte/GoForge/cmd/go-openssl/code/commands.go:127.2,130.17 4 7
github.com/PointerByte/GoForge/cmd/go-openssl/code/commands.go:134.44,144.2 2 7
github.com/PointerByte/GoForge/cmd/go-openssl/code/commands.go:147.57,151.55 1 7
github.com/PointerByte/GoForge/cmd/go-openssl/code/commands.go:151.55,153.18 2 1
github.com/PointerByte/GoForge/cmd/go-openssl/code/commands.go:153.18,155.5 1 0
github.com/PointerByte/GoForge/cmd/go-openssl/code/commands.go:157.4,164.14 2 1
github.com/PointerByte/GoForge/cmd/go-openssl/code/commands.go:168.2,173.17 6 7
github.com/PointerByte/GoForge/cmd/go-openssl/code/generator.go:148.32,155.2 1 26
github.com/PointerByte/GoForge/cmd/go-openssl/code/generator.go:158.60,160.2 1 16
github.com/PointerByte/GoForge/cmd/go-openssl/code/generator.go:163.106,165.2 1 3
github.com/PointerByte/GoForge/cmd/go-openssl/code/generator.go:168.71,170.16 2 17
github.com/PointerByte/GoForge/cmd/go-openssl/code/generator.go:170.16,172.3 1 5
github.com/PointerByte/GoForge/cmd/go-openssl/code/generator.go:174.2,174.79 1 12
github.com/PointerByte/GoForge/cmd/go-openssl/code/generator.go:174.79,176.3 1 0
github.com/PointerByte/GoForge/cmd/go-openssl/code/generator.go:178.2,179.16 2 12
github.com/PointerByte/GoForge/cmd/go-openssl/code/generator.go:179.16,181.3 1 0
github.com/PointerByte/GoForge/cmd/go-openssl/code/generator.go:183.2,184.16 2 12
github.com/PointerByte/GoForge/cmd/go-openssl/code/generator.go:184.16,186.3 1 0
github.com/PointerByte/GoForge/cmd/go-openssl/code/generator.go:188.2,189.16 2 12
github.com/PointerByte/GoForge/cmd/go-openssl/code/generator.go:189.16,191.3 1 0
github.com/PointerByte/GoForge/cmd/go-openssl/code/generator.go:193.2,194.16 2 12
github.com/PointerByte/GoForge/cmd/go-openssl/code/generator.go:194.16,196.3 1 0
github.com/PointerByte/GoForge/cmd/go-openssl/code/generator.go:198.2,199.16 2 12
github.com/PointerByte/GoForge/cmd/go-openssl/code/generator.go:199.16,201.3 1 0
github.com/PointerByte/GoForge/cmd/go-openssl/code/generator.go:203.2,204.15 2 12
github.com/PointerByte/GoForge/cmd/go-openssl/code/generator.go:204.15,206.17 2 5
github.com/PointerByte/GoForge/cmd/go-openssl/code/generator.go:206.17,208.4 1 0
github.com/PointerByte/GoForge/cmd/go-openssl/code/generator.go:209.3,210.17 2 5
github.com/PointerByte/GoForge/cmd/go-openssl/code/generator.go:210.17,212.4 1 0
github.com/PointerByte/GoForge/cmd/go-openssl/code/generator.go:213.3,214.17 2 5
github.com/PointerByte/GoForge/cmd/go-openssl/code/generator.go:214.17,216.4 1 0
github.com/PointerByte/GoForge/cmd/go-openssl/code/generator.go:219.2,228.93 2 12
github.com/PointerByte/GoForge/cmd/go-openssl/code/generator.go:228.93,230.3 1 0
github.com/PointerByte/GoForge/cmd/go-openssl/code/generator.go:231.2,231.91 1 12
github.com/PointerByte/GoForge/cmd/go-openssl/code/generator.go:231.91,233.3 1 0
github.com/PointerByte/GoForge/cmd/go-openssl/code/generator.go:234.2,234.89 1 12
github.com/PointerByte/GoForge/cmd/go-openssl/code/generator.go:234.89,236.3 1 0
github.com/PointerByte/GoForge/cmd/go-openssl/code/generator.go:238.2,238.20 1 12
github.com/PointerByte/GoForge/cmd/go-openssl/code/generator.go:242.129,244.16 2 4
github.com/PointerByte/GoForge/cmd/go-openssl/code/generator.go:244.16,246.3 1 2
github.com/PointerByte/GoForge/cmd/go-openssl/code/generator.go:248.2,249.16 2 2
github.com/PointerByte/GoForge/cmd/go-openssl/code/generator.go:249.16,251.3 1 0
github.com/PointerByte/GoForge/cmd/go-openssl/code/generator.go:253.2,255.16 3 2
github.com/PointerByte/GoForge/cmd/go-openssl/code/generator.go:255.16,257.3 1 0
github.com/PointerByte/GoForge/cmd/go-openssl/code/generator.go:258.2,261.16 3 2
github.com/PointerByte/GoForge/cmd/go-openssl/code/generator.go:261.16,263.3 1 0
github.com/PointerByte/GoForge/cmd/go-openssl/code/generator.go:264.2,267.16 3 2
github.com/PointerByte/GoForge/cmd/go-openssl/code/generator.go:267.16,269.3 1 0
github.com/PointerByte/GoForge/cmd/go-openssl/code/generator.go:270.2,272.33 2 2
github.com/PointerByte/GoForge/cmd/go-openssl/code/generator.go:272.33,273.89 1 6
github.com/PointerByte/GoForge/cmd/go-openssl/code/generator.go:273.89,275.4 1 0
github.com/PointerByte/GoForge/cmd/go-openssl/code/generator.go:278.2,282.8 1 2
github.com/PointerByte/GoForge/cmd/go-openssl/code/generator.go:285.182,287.16 2 6
github.com/PointerByte/GoForge/cmd/go-openssl/code/generator.go:287.16,289.3 1 0
github.com/PointerByte/GoForge/cmd/go-openssl/code/generator.go:290.2,290.59 1 6
github.com/PointerByte/GoForge/cmd/go-openssl/code/generator.go:290.59,292.3 1 0
github.com/PointerByte/GoForge/cmd/go-openssl/code/generator.go:294.2,295.16 2 6
github.com/PointerByte/GoForge/cmd/go-openssl/code/generator.go:295.16,297.3 1 0
github.com/PointerByte/GoForge/cmd/go-openssl/code/generator.go:299.2,300.16 2 6
github.com/PointerByte/GoForge/cmd/go-openssl/code/generator.go:300.16,302.3 1 0
github.com/PointerByte/GoForge/cmd/go-openssl/code/generator.go:303.2,303.78 1 6
github.com/PointerByte/GoForge/cmd/go-openssl/code/generator.go:306.32,320.2 1 32
github.com/PointerByte/GoForge/cmd/go-openssl/code/generator.go:322.57,337.31 13 18
github.com/PointerByte/GoForge/cmd/go-openssl/code/generator.go:337.31,339.3 1 7
github.com/PointerByte/GoForge/cmd/go-openssl/code/generator.go:340.2,340.29 1 18
github.com/PointerByte/GoForge/cmd/go-openssl/code/generator.go:340.29,342.3 1 15
github.com/PointerByte/GoForge/cmd/go-openssl/code/generator.go:343.2,343.32 1 18
github.com/PointerByte/GoForge/cmd/go-openssl/code/generator.go:343.32,345.3 1 15
github.com/PointerByte/GoForge/cmd/go-openssl/code/generator.go:347.2,347.29 1 18
github.com/PointerByte/GoForge/cmd/go-openssl/code/generator.go:347.29,349.3 1 0
github.com/PointerByte/GoForge/cmd/go-openssl/code/generator.go:350.2,350.30 1 18
github.com/PointerByte/GoForge/cmd/go-openssl/code/generator.go:350.30,352.3 1 0
github.com/PointerByte/GoForge/cmd/go-openssl/code/generator.go:353.2,353.31 1 18
github.com/PointerByte/GoForge/cmd/go-openssl/code/generator.go:353.31,355.3 1 0
github.com/PointerByte/GoForge/cmd/go-openssl/code/generator.go:356.2,356.96 1 18
github.com/PointerByte/GoForge/cmd/go-openssl/code/generator.go:356.96,358.3 1 0
github.com/PointerByte/GoForge/cmd/go-openssl/code/generator.go:359.2,359.59 1 18
github.com/PointerByte/GoForge/cmd/go-openssl/code/generator.go:359.59,361.3 1 1
github.com/PointerByte/GoForge/cmd/go-openssl/code/generator.go:362.2,362.33 1 17
github.com/PointerByte/GoForge/cmd/go-openssl/code/generator.go:362.33,363.73 1 6
github.com/PointerByte/GoForge/cmd/go-openssl/code/generator.go:363.73,365.4 1 1
github.com/PointerByte/GoForge/cmd/go-openssl/code/generator.go:367.2,367.60 1 16
github.com/PointerByte/GoForge/cmd/go-openssl/code/generator.go:367.60,369.3 1 0
github.com/PointerByte/GoForge/cmd/go-openssl/code/generator.go:370.2,370.58 1 16
github.com/PointerByte/GoForge/cmd/go-openssl/code/generator.go:370.58,372.3 1 0
github.com/PointerByte/GoForge/cmd/go-openssl/code/generator.go:373.2,373.34 1 16
github.com/PointerByte/GoForge/cmd/go-openssl/code/generator.go:373.34,374.74 1 1
github.com/PointerByte/GoForge/cmd/go-openssl/code/generator.go:374.74,376.4 1 0
github.com/PointerByte/GoForge/cmd/go-openssl/code/generator.go:378.2,378.31 1 16
github.com/PointerByte/GoForge/cmd/go-openssl/code/generator.go:378.31,379.71 1 1
github.com/PointerByte/GoForge/cmd/go-openssl/code/generator.go:379.71,381.4 1 0
github.com/PointerByte/GoForge/cmd/go-openssl/code/generator.go:384.2,384.27 1 16
github.com/PointerByte/GoForge/cmd/go-openssl/code/generator.go:385.20,386.32 1 6
github.com/PointerByte/GoForge/cmd/go-openssl/code/generator.go:386.32,388.4 1 1
github.com/PointerByte/GoForge/cmd/go-openssl/code/generator.go:389.20,390.59 1 8
github.com/PointerByte/GoForge/cmd/go-openssl/code/generator.go:390.59,392.4 1 1
github.com/PointerByte/GoForge/cmd/go-openssl/code/generator.go:393.24,393.24 0 1
github.com/PointerByte/GoForge/cmd/go-openssl/code/generator.go:394.10,395.78 1 1
github.com/PointerByte/GoForge/cmd/go-openssl/code/generator.go:398.2,398.21 1 13
github.com/PointerByte/GoForge/cmd/go-openssl/code/generator.go:401.123,406.35 4 4
github.com/PointerByte/GoForge/cmd/go-openssl/code/generator.go:406.35,408.3 1 0
github.com/PointerByte/GoForge/cmd/go-openssl/code/generator.go:409.2,409.34 1 4
github.com/PointerByte/GoForge/cmd/go-openssl/code/generator.go:409.34,411.3 1 0
github.com/PointerByte/GoForge/cmd/go-openssl/code/generator.go:412.2,412.33 1 4
github.com/PointerByte/GoForge/cmd/go-openssl/code/generator.go:412.33,414.3 1 0
github.com/PointerByte/GoForge/cmd/go-openssl/code/generator.go:415.2,415.55 1 4
github.com/PointerByte/GoForge/cmd/go-openssl/code/generator.go:415.55,417.3 1 1
github.com/PointerByte/GoForge/cmd/go-openssl/code/generator.go:418.2,418.55 1 3
github.com/PointerByte/GoForge/cmd/go-openssl/code/generator.go:418.55,420.3 1 0
github.com/PointerByte/GoForge/cmd/go-openssl/code/generator.go:421.2,421.58 1 3
github.com/PointerByte/GoForge/cmd/go-openssl/code/generator.go:421.58,423.3 1 1
github.com/PointerByte/GoForge/cmd/go-openssl/code/generator.go:424.2,424.75 1 2
github.com/PointerByte/GoForge/cmd/go-openssl/code/generator.go:424.75,426.3 1 0
github.com/PointerByte/GoForge/cmd/go-openssl/code/generator.go:427.2,427.75 1 2
github.com/PointerByte/GoForge/cmd/go-openssl/code/generator.go:427.75,429.3 1 0
github.com/PointerByte/GoForge/cmd/go-openssl/code/generator.go:430.2,430.21 1 2
github.com/PointerByte/GoForge/cmd/go-openssl/code/generator.go:433.53,434.36 1 144
github.com/PointerByte/GoForge/cmd/go-openssl/code/generator.go:434.36,436.3 1 64
github.com/PointerByte/GoForge/cmd/go-openssl/code/generator.go:437.2,437.14 1 80
github.com/PointerByte/GoForge/cmd/go-openssl/code/generator.go:440.74,441.16 1 14
github.com/PointerByte/GoForge/cmd/go-openssl/code/generator.go:441.16,443.3 1 10
github.com/PointerByte/GoForge/cmd/go-openssl/code/generator.go:445.2,446.67 2 4
github.com/PointerByte/GoForge/cmd/go-openssl/code/generator.go:446.67,448.3 1 0
github.com/PointerByte/GoForge/cmd/go-openssl/code/generator.go:449.2,453.8 1 4
github.com/PointerByte/GoForge/cmd/go-openssl/code/generator.go:456.78,457.27 1 12
github.com/PointerByte/GoForge/cmd/go-openssl/code/generator.go:458.20,460.17 2 5
github.com/PointerByte/GoForge/cmd/go-openssl/code/generator.go:460.17,462.4 1 0
github.com/PointerByte/GoForge/cmd/go-openssl/code/generator.go:463.3,463.48 1 5
github.com/PointerByte/GoForge/cmd/go-openssl/code/generator.go:464.20,466.17 2 6
github.com/PointerByte/GoForge/cmd/go-openssl/code/generator.go:466.17,468.4 1 0
github.com/PointerByte/GoForge/cmd/go-openssl/code/generator.go:469.3,470.17 2 6
github.com/PointerByte/GoForge/cmd/go-openssl/code/generator.go:470.17,472.4 1 0
github.com/PointerByte/GoForge/cmd/go-openssl/code/generator.go:473.3,473.48 1 6
github.com/PointerByte/GoForge/cmd/go-openssl/code/generator.go:474.24,476.17 2 1
github.com/PointerByte/GoForge/cmd/go-openssl/code/generator.go:476.17,478.4 1 0
github.com/PointerByte/GoForge/cmd/go-openssl/code/generator.go:479.3,479.36 1 1
github.com/PointerByte/GoForge/cmd/go-openssl/code/generator.go:480.10,481.77 1 0
github.com/PointerByte/GoForge/cmd/go-openssl/code/generator.go:485.56,486.50 1 14
github.com/PointerByte/GoForge/cmd/go-openssl/code/generator.go:487.17,488.30 1 3
github.com/PointerByte/GoForge/cmd/go-openssl/code/generator.go:489.17,490.30 1 6
github.com/PointerByte/GoForge/cmd/go-openssl/code/generator.go:491.17,492.30 1 4
github.com/PointerByte/GoForge/cmd/go-openssl/code/generator.go:493.10,494.59 1 1
github.com/PointerByte/GoForge/cmd/go-openssl/code/generator.go:498.134,500.16 2 12
github.com/PointerByte/GoForge/cmd/go-openssl/code/generator.go:500.16,502.3 1 0
github.com/PointerByte/GoForge/cmd/go-openssl/code/generator.go:504.2,523.39 4 12
github.com/PointerByte/GoForge/cmd/go-openssl/code/generator.go:523.39,525.3 1 5
github.com/PointerByte/GoForge/cmd/go-openssl/code/generator.go:526.2,526.18 1 12
github.com/PointerByte/GoForge/cmd/go-openssl/code/generator.go:526.18,528.3 1 2
github.com/PointerByte/GoForge/cmd/go-openssl/code/generator.go:530.2,532.28 3 12
github.com/PointerByte/GoForge/cmd/go-openssl/code/generator.go:532.28,534.17 2 2
github.com/PointerByte/GoForge/cmd/go-openssl/code/generator.go:534.17,536.4 1 0
github.com/PointerByte/GoForge/cmd/go-openssl/code/generator.go:537.3,538.21 2 2
github.com/PointerByte/GoForge/cmd/go-openssl/code/generator.go:541.2,542.16 2 12
github.com/PointerByte/GoForge/cmd/go-openssl/code/generator.go:542.16,544.3 1 0
github.com/PointerByte/GoForge/cmd/go-openssl/code/generator.go:546.2,546.77 1 12
github.com/PointerByte/GoForge/cmd/go-openssl/code/generator.go:549.122,551.16 2 2
github.com/PointerByte/GoForge/cmd/go-openssl/code/generator.go:551.16,553.3 1 0
github.com/PointerByte/GoForge/cmd/go-openssl/code/generator.go:554.2,554.23 1 2
github.com/PointerByte/GoForge/cmd/go-openssl/code/generator.go:554.23,556.3 1 0
github.com/PointerByte/GoForge/cmd/go-openssl/code/generator.go:558.2,559.16 2 2
github.com/PointerByte/GoForge/cmd/go-openssl/code/generator.go:559.16,561.3 1 0
github.com/PointerByte/GoForge/cmd/go-openssl/code/generator.go:562.2,562.37 1 2
github.com/PointerByte/GoForge/cmd/go-openssl/code/generator.go:565.84,567.16 2 7
github.com/PointerByte/GoForge/cmd/go-openssl/code/generator.go:567.16,569.3 1 0
github.com/PointerByte/GoForge/cmd/go-openssl/code/generator.go:570.2,571.16 2 7
github.com/PointerByte/GoForge/cmd/go-openssl/code/generator.go:571.16,573.3 1 1
github.com/PointerByte/GoForge/cmd/go-openssl/code/generator.go:575.2,576.18 2 6
github.com/PointerByte/GoForge/cmd/go-openssl/code/generator.go:576.18,578.3 1 1
github.com/PointerByte/GoForge/cmd/go-openssl/code/generator.go:580.2,581.16 2 5
github.com/PointerByte/GoForge/cmd/go-openssl/code/generator.go:581.16,583.3 1 0
github.com/PointerByte/GoForge/cmd/go-openssl/code/generator.go:584.2,584.25 1 5
github.com/PointerByte/GoForge/cmd/go-openssl/code/generator.go:587.69,589.16 2 7
github.com/PointerByte/GoForge/cmd/go-openssl/code/generator.go:589.16,591.3 1 0
github.com/PointerByte/GoForge/cmd/go-openssl/code/generator.go:592.2,593.16 2 7
github.com/PointerByte/GoForge/cmd/go-openssl/code/generator.go:593.16,595.3 1 0
github.com/PointerByte/GoForge/cmd/go-openssl/code/generator.go:597.2,598.18 2 7
github.com/PointerByte/GoForge/cmd/go-openssl/code/generator.go:598.18,600.3 1 1
github.com/PointerByte/GoForge/cmd/go-openssl/code/generator.go:602.2,603.16 2 6
github.com/PointerByte/GoForge/cmd/go-openssl/code/generator.go:603.16,605.3 1 4
github.com/PointerByte/GoForge/cmd/go-openssl/code/generator.go:606.2,606.75 1 2
github.com/PointerByte/GoForge/cmd/go-openssl/code/generator.go:606.75,608.3 1 1
github.com/PointerByte/GoForge/cmd/go-openssl/code/generator.go:609.2,609.72 1 1
github.com/PointerByte/GoForge/cmd/go-openssl/code/generator.go:609.72,611.3 1 1
github.com/PointerByte/GoForge/cmd/go-openssl/code/generator.go:612.2,612.54 1 0
github.com/PointerByte/GoForge/cmd/go-openssl/code/generator.go:617.62,619.16 2 11
github.com/PointerByte/GoForge/cmd/go-openssl/code/generator.go:619.16,621.3 1 0
github.com/PointerByte/GoForge/cmd/go-openssl/code/generator.go:622.2,622.36 1 11
github.com/PointerByte/GoForge/cmd/go-openssl/code/generator.go:626.81,628.2 1 5
github.com/PointerByte/GoForge/cmd/go-openssl/code/generator.go:631.66,633.2 1 5
github.com/PointerByte/GoForge/cmd/go-openssl/code/generator.go:636.65,638.16 2 4
github.com/PointerByte/GoForge/cmd/go-openssl/code/generator.go:638.16,640.3 1 0
github.com/PointerByte/GoForge/cmd/go-openssl/code/generator.go:642.2,643.18 2 4
github.com/PointerByte/GoForge/cmd/go-openssl/code/generator.go:643.18,645.3 1 1
github.com/PointerByte/GoForge/cmd/go-openssl/code/generator.go:647.2,648.16 2 3
github.com/PointerByte/GoForge/cmd/go-openssl/code/generator.go:648.16,650.3 1 1
github.com/PointerByte/GoForge/cmd/go-openssl/code/generator.go:651.2,651.23 1 2
github.com/PointerByte/GoForge/cmd/go-openssl/code/generator.go:655.64,657.57 2 38
github.com/PointerByte/GoForge/cmd/go-openssl/code/generator.go:657.57,659.3 1 9
github.com/PointerByte/GoForge/cmd/go-openssl/code/generator.go:660.2,660.57 1 29
github.com/PointerByte/GoForge/cmd/go-openssl/code/generator.go:660.57,662.3 1 1
github.com/PointerByte/GoForge/cmd/go-openssl/code/generator.go:664.2,665.62 2 28
github.com/PointerByte/GoForge/cmd/go-openssl/code/generator.go:665.62,667.3 1 1
github.com/PointerByte/GoForge/cmd/go-openssl/code/generator.go:668.2,668.44 1 27
github.com/PointerByte/GoForge/cmd/go-openssl/code/generator.go:668.44,670.3 1 1
github.com/PointerByte/GoForge/cmd/go-openssl/code/generator.go:671.2,671.48 1 26
github.com/PointerByte/GoForge/cmd/go-openssl/code/generator.go:671.48,673.3 1 1
github.com/PointerByte/GoForge/cmd/go-openssl/code/generator.go:675.2,676.16 2 25
github.com/PointerByte/GoForge/cmd/go-openssl/code/generator.go:676.16,678.3 1 1
github.com/PointerByte/GoForge/cmd/go-openssl/code/generator.go:679.2,680.16 2 24
github.com/PointerByte/GoForge/cmd/go-openssl/code/generator.go:680.16,682.3 1 1
github.com/PointerByte/GoForge/cmd/go-openssl/code/generator.go:684.2,685.16 2 23
github.com/PointerByte/GoForge/cmd/go-openssl/code/generator.go:685.16,687.3 1 0
github.com/PointerByte/GoForge/cmd/go-openssl/code/generator.go:688.2,688.36 1 23
github.com/PointerByte/GoForge/cmd/go-openssl/code/generator.go:688.36,690.3 1 1
github.com/PointerByte/GoForge/cmd/go-openssl/code/generator.go:692.2,693.16 2 22
github.com/PointerByte/GoForge/cmd/go-openssl/code/generator.go:693.16,695.3 1 3
github.com/PointerByte/GoForge/cmd/go-openssl/code/generator.go:696.2,696.23 1 19
github.com/PointerByte/GoForge/cmd/go-openssl/code/generator.go:699.61,701.18 2 9
github.com/PointerByte/GoForge/cmd/go-openssl/code/generator.go:701.18,703.3 1 1
github.com/PointerByte/GoForge/cmd/go-openssl/code/generator.go:704.2,704.41 1 8
github.com/PointerByte/GoForge/cmd/go-openssl/code/generator.go:704.41,706.3 1 1
github.com/PointerByte/GoForge/cmd/go-openssl/code/generator.go:707.2,707.35 1 7
github.com/PointerByte/GoForge/cmd/go-openssl/code/generator.go:707.35,709.3 1 1
github.com/PointerByte/GoForge/cmd/go-openssl/code/generator.go:710.2,710.12 1 6
github.com/PointerByte/GoForge/cmd/go-openssl/code/generator.go:713.101,714.57 1 21
github.com/PointerByte/GoForge/cmd/go-openssl/code/generator.go:714.57,716.3 1 0
github.com/PointerByte/GoForge/cmd/go-openssl/code/generator.go:718.2,719.16 2 21
github.com/PointerByte/GoForge/cmd/go-openssl/code/generator.go:719.16,721.3 1 0
github.com/PointerByte/GoForge/cmd/go-openssl/code/generator.go:723.2,724.60 2 21
github.com/PointerByte/GoForge/cmd/go-openssl/code/generator.go:724.60,726.3 1 0
github.com/PointerByte/GoForge/cmd/go-openssl/code/generator.go:728.2,735.16 3 21
github.com/PointerByte/GoForge/cmd/go-openssl/code/generator.go:735.16,737.3 1 0
github.com/PointerByte/GoForge/cmd/go-openssl/code/generator.go:739.2,743.9 1 21
github.com/PointerByte/GoForge/cmd/go-openssl/code/generator.go:746.52,747.56 1 62
github.com/PointerByte/GoForge/cmd/go-openssl/code/generator.go:747.56,749.3 1 2
github.com/PointerByte/GoForge/cmd/go-openssl/code/generator.go:750.2,750.12 1 60
github.com/PointerByte/GoForge/cmd/go-openssl/code/generator.go:753.52,756.16 3 44
github.com/PointerByte/GoForge/cmd/go-openssl/code/generator.go:756.16,758.3 1 0
github.com/PointerByte/GoForge/cmd/go-openssl/code/generator.go:759.2,760.16 2 44
github.com/PointerByte/GoForge/cmd/go-openssl/code/generator.go:760.16,762.3 1 0
github.com/PointerByte/GoForge/cmd/go-openssl/code/generator.go:763.2,763.18 1 44
github.com/PointerByte/GoForge/cmd/go-openssl/code/generator.go:766.48,768.31 2 12
github.com/PointerByte/GoForge/cmd/go-openssl/code/generator.go:768.31,770.18 2 12
github.com/PointerByte/GoForge/cmd/go-openssl/code/generator.go:770.18,772.4 1 12
github.com/PointerByte/GoForge/cmd/go-openssl/code/generator.go:774.2,774.18 1 12
github.com/PointerByte/GoForge/cmd/go-openssl/code/generator.go:777.49,779.31 2 13
github.com/PointerByte/GoForge/cmd/go-openssl/code/generator.go:779.31,780.61 1 3
github.com/PointerByte/GoForge/cmd/go-openssl/code/generator.go:780.61,782.4 1 2
github.com/PointerByte/GoForge/cmd/go-openssl/code/generator.go:784.2,784.12 1 13
github.com/PointerByte/GoForge/cmd/go-openssl/code/generator.go:787.58,789.16 2 12
github.com/PointerByte/GoForge/cmd/go-openssl/code/generator.go:789.16,791.3 1 0
github.com/PointerByte/GoForge/cmd/go-openssl/code/generator.go:792.2,792.87 1 12
github.com/PointerByte/GoForge/cmd/go-openssl/code/generator.go:795.56,797.16 2 12
github.com/PointerByte/GoForge/cmd/go-openssl/code/generator.go:797.16,799.3 1 0
github.com/PointerByte/GoForge/cmd/go-openssl/code/generator.go:800.2,800.85 1 12
github.com/PointerByte/GoForge/cmd/go-openssl/code/generator.go:810.57,812.21 2 396
github.com/PointerByte/GoForge/cmd/go-openssl/code/generator.go:812.21,813.30 1 1547
github.com/PointerByte/GoForge/cmd/go-openssl/code/generator.go:813.30,815.4 1 1538
github.com/PointerByte/GoForge/cmd/go-openssl/code/generator.go:817.3,819.41 3 1547
github.com/PointerByte/GoForge/cmd/go-openssl/code/generator.go:821.2,821.19 1 396
github.com/PointerByte/GoForge/cmd/go-openssl/code/generator.go:824.48,840.2 6 1538
